main.c:140:6:usart1_test	8	static
main.c:151:6:LED_1_test	8	static
main.c:261:6:LED_2_test	8	static
main.c:371:6:scan_i2c2	24	static
main.c:394:6:spi_flash_test	8	static
main.c:411:5:main	8	static
main.c:466:6:SystemClock_Config	120	static
main.c:517:13:MX_I2C1_Init	8	static
main.c:563:13:MX_I2C2_Init	8	static
main.c:609:13:MX_SPI1_Init	8	static
main.c:646:13:MX_SPI2_Init	8	static
main.c:684:13:MX_USART1_UART_Init	8	static
main.c:719:13:MX_USART2_Init	8	static
main.c:753:13:MX_GPIO_Init	56	static
main.c:811:6:Error_Handler	8	static,ignoring_inline_asm
