main.c:139:6:usart1_test	8	static
main.c:150:6:LED_1_test	8	static
main.c:260:6:LED_2_test	8	static
main.c:370:6:scan_i2c2	24	static
main.c:393:6:spi_flash_test	8	static
main.c:402:5:main	8	static
main.c:458:6:SystemClock_Config	120	static
main.c:509:13:MX_I2C1_Init	8	static
main.c:555:13:MX_I2C2_Init	8	static
main.c:601:13:MX_SPI1_Init	8	static
main.c:638:13:MX_SPI2_Init	8	static
main.c:676:13:MX_USART1_UART_Init	8	static
main.c:711:13:MX_USART2_Init	8	static
main.c:745:13:MX_GPIO_Init	56	static
main.c:803:6:Error_Handler	8	static,ignoring_inline_asm
