main.c:74:10:hi2c1_read_register	40	static
main.c:90:6:hi2c1_write_register	32	static
main.c:104:6:scan_i2c	16	static
main.c:122:6:test_i2c	16	static
main.c:166:9:SPI_Write	24	static
main.c:175:9:SPI_Read	40	static
main.c:185:6:CS_LOW	8	static
main.c:189:6:CS_HIGH	8	static
main.c:194:6:detect_ov5642	16	static
main.c:233:19:ReadRegister	32	static
main.c:342:6:SystemClock_Config	120	static,ignoring_inline_asm
main.c:257:5:main	64	static,ignoring_inline_asm
main.c:665:6:Error_Handler	0	static,ignoring_inline_asm
