stm32l0xx_hal_msp.c:63:6:HAL_MspInit	8	static
stm32l0xx_hal_msp.c:85:6:HAL_I2C_MspInit	48	static
stm32l0xx_hal_msp.c:121:6:HAL_I2C_MspDeInit	16	static
stm32l0xx_hal_msp.c:152:6:HAL_SPI_MspInit	56	static
stm32l0xx_hal_msp.c:223:6:HAL_SPI_MspDeInit	16	static
stm32l0xx_hal_msp.c:275:6:HAL_TSC_MspInit	56	static
stm32l0xx_hal_msp.c:337:6:HAL_TSC_MspDeInit	16	static
stm32l0xx_hal_msp.c:372:6:HAL_UART_MspInit	48	static
stm32l0xx_hal_msp.c:408:6:HAL_UART_MspDeInit	16	static
stm32l0xx_hal_msp.c:437:6:HAL_PCD_MspInit	16	static
stm32l0xx_hal_msp.c:459:6:HAL_PCD_MspDeInit	16	static
