14:33:28 **** Clean-only build of configuration Debug for project IEB_basic_functionality ****
make -j16 clean 
rm -rf ./Drivers/STM32L0xx_HAL_Driver/Src/stm32l0xx_hal.d ./Drivers/STM32L0xx_HAL_Driver/Src/stm32l0xx_hal.o ./Drivers/STM32L0xx_HAL_Driver/Src/stm32l0xx_hal_cortex.d ./Drivers/STM32L0xx_HAL_Driver/Src/stm32l0xx_hal_cortex.o ./Drivers/STM32L0xx_HAL_Driver/Src/stm32l0xx_hal_dma.d ./Drivers/STM32L0xx_HAL_Driver/Src/stm32l0xx_hal_dma.o ./Drivers/STM32L0xx_HAL_Driver/Src/stm32l0xx_hal_exti.d ./Drivers/STM32L0xx_HAL_Driver/Src/stm32l0xx_hal_exti.o ./Drivers/STM32L0xx_HAL_Driver/Src/stm32l0xx_hal_flash.d ./Drivers/STM32L0xx_HAL_Driver/Src/stm32l0xx_hal_flash.o ./Drivers/STM32L0xx_HAL_Driver/Src/stm32l0xx_hal_flash_ex.d ./Drivers/STM32L0xx_HAL_Driver/Src/stm32l0xx_hal_flash_ex.o ./Drivers/STM32L0xx_HAL_Driver/Src/stm32l0xx_hal_flash_ramfunc.d ./Drivers/STM32L0xx_HAL_Driver/Src/stm32l0xx_hal_flash_ramfunc.o ./Drivers/STM32L0xx_HAL_Driver/Src/stm32l0xx_hal_gpio.d ./Drivers/STM32L0xx_HAL_Driver/Src/stm32l0xx_hal_gpio.o ./Drivers/STM32L0xx_HAL_Driver/Src/stm32l0xx_hal_i2c.d ./Drivers/STM32L0xx_HAL_Driver/Src/stm32l0xx_hal_i2c.o ./Drivers/STM32L0xx_HAL_Driver/Src/stm32l0xx_hal_i2c_ex.d ./Drivers/STM32L0xx_HAL_Driver/Src/stm32l0xx_hal_i2c_ex.o ./Drivers/STM32L0xx_HAL_Driver/Src/stm32l0xx_hal_pwr.d ./Drivers/STM32L0xx_HAL_Driver/Src/stm32l0xx_hal_pwr.o ./Drivers/STM32L0xx_HAL_Driver/Src/stm32l0xx_hal_pwr_ex.d ./Drivers/STM32L0xx_HAL_Driver/Src/stm32l0xx_hal_pwr_ex.o ./Drivers/STM32L0xx_HAL_Driver/Src/stm32l0xx_hal_rcc.d ./Drivers/STM32L0xx_HAL_Driver/Src/stm32l0xx_hal_rcc.o ./Drivers/STM32L0xx_HAL_Driver/Src/stm32l0xx_hal_rcc_ex.d ./Drivers/STM32L0xx_HAL_Driver/Src/stm32l0xx_hal_rcc_ex.o ./Drivers/STM32L0xx_HAL_Driver/Src/stm32l0xx_hal_spi.d ./Drivers/STM32L0xx_HAL_Driver/Src/stm32l0xx_hal_spi.o ./Drivers/STM32L0xx_HAL_Driver/Src/stm32l0xx_hal_tim.d ./Drivers/STM32L0xx_HAL_Driver/Src/stm32l0xx_hal_tim.o ./Drivers/STM32L0xx_HAL_Driver/Src/stm32l0xx_hal_tim_ex.d ./Drivers/STM32L0xx_HAL_Driver/Src/stm32l0xx_hal_tim_ex.o ./Drivers/STM32L0xx_HAL_Driver/Src/stm32l0xx_hal_uart.d ./Drivers/STM32L0xx_HAL_Driver/Src/stm32l0xx_hal_uart.o ./Drivers/STM32L0xx_HAL_Driver/Src/stm32l0xx_hal_uart_ex.d ./Drivers/STM32L0xx_HAL_Driver/Src/stm32l0xx_hal_uart_ex.o ./Drivers/STM32L0xx_HAL_Driver/Src/stm32l0xx_hal_usart.d ./Drivers/STM32L0xx_HAL_Driver/Src/stm32l0xx_hal_usart.o
rm -rf ./Core/Startup/startup_stm32l071c8tx.d ./Core/Startup/startup_stm32l071c8tx.o
rm -rf ./Core/Src/main.d ./Core/Src/main.o ./Core/Src/nand_m79a.d ./Core/Src/nand_m79a.o ./Core/Src/printf.d ./Core/Src/printf.o ./Core/Src/stm32l0xx_hal_msp.d ./Core/Src/stm32l0xx_hal_msp.o ./Core/Src/stm32l0xx_it.d ./Core/Src/stm32l0xx_it.o ./Core/Src/syscalls.d ./Core/Src/syscalls.o ./Core/Src/sysmem.d ./Core/Src/sysmem.o ./Core/Src/system_stm32l0xx.d ./Core/Src/system_stm32l0xx.o
rm -rf IEB_basic_functionality.bin IEB_basic_functionality.elf IEB_basic_functionality.list default.size.stdout
 
14:33:36 **** Build of configuration Debug for project IEB_basic_functionality ****
make -j16 all 
arm-none-eabi-gcc "../Drivers/STM32L0xx_HAL_Driver/Src/stm32l0xx_hal.c" -mcpu=cortex-m0plus -std=gnu11 -g3 -DDEBUG -DUSE_HAL_DRIVER -DSTM32L071xx -c -I../Core/Inc -I../Drivers/STM32L0xx_HAL_Driver/Inc -I../Drivers/STM32L0xx_HAL_Driver/Inc/Legacy -I../Drivers/CMSIS/Device/ST/STM32L0xx/Include -I../Drivers/CMSIS/Include -O0 -ffunction-sections -fdata-sections -Wall -fstack-usage -MMD -MP -MF"Drivers/STM32L0xx_HAL_Driver/Src/stm32l0xx_hal.d" -MT"Drivers/STM32L0xx_HAL_Driver/Src/stm32l0xx_hal.o" --specs=nano.specs -mfloat-abi=soft -mthumb -o "Drivers/STM32L0xx_HAL_Driver/Src/stm32l0xx_hal.o"
arm-none-eabi-gcc "../Drivers/STM32L0xx_HAL_Driver/Src/stm32l0xx_hal_cortex.c" -mcpu=cortex-m0plus -std=gnu11 -g3 -DDEBUG -DUSE_HAL_DRIVER -DSTM32L071xx -c -I../Core/Inc -I../Drivers/STM32L0xx_HAL_Driver/Inc -I../Drivers/STM32L0xx_HAL_Driver/Inc/Legacy -I../Drivers/CMSIS/Device/ST/STM32L0xx/Include -I../Drivers/CMSIS/Include -O0 -ffunction-sections -fdata-sections -Wall -fstack-usage -MMD -MP -MF"Drivers/STM32L0xx_HAL_Driver/Src/stm32l0xx_hal_cortex.d" -MT"Drivers/STM32L0xx_HAL_Driver/Src/stm32l0xx_hal_cortex.o" --specs=nano.specs -mfloat-abi=soft -mthumb -o "Drivers/STM32L0xx_HAL_Driver/Src/stm32l0xx_hal_cortex.o"
arm-none-eabi-gcc "../Drivers/STM32L0xx_HAL_Driver/Src/stm32l0xx_hal_dma.c" -mcpu=cortex-m0plus -std=gnu11 -g3 -DDEBUG -DUSE_HAL_DRIVER -DSTM32L071xx -c -I../Core/Inc -I../Drivers/STM32L0xx_HAL_Driver/Inc -I../Drivers/STM32L0xx_HAL_Driver/Inc/Legacy -I../Drivers/CMSIS/Device/ST/STM32L0xx/Include -I../Drivers/CMSIS/Include -O0 -ffunction-sections -fdata-sections -Wall -fstack-usage -MMD -MP -MF"Drivers/STM32L0xx_HAL_Driver/Src/stm32l0xx_hal_dma.d" -MT"Drivers/STM32L0xx_HAL_Driver/Src/stm32l0xx_hal_dma.o" --specs=nano.specs -mfloat-abi=soft -mthumb -o "Drivers/STM32L0xx_HAL_Driver/Src/stm32l0xx_hal_dma.o"
arm-none-eabi-gcc "../Drivers/STM32L0xx_HAL_Driver/Src/stm32l0xx_hal_exti.c" -mcpu=cortex-m0plus -std=gnu11 -g3 -DDEBUG -DUSE_HAL_DRIVER -DSTM32L071xx -c -I../Core/Inc -I../Drivers/STM32L0xx_HAL_Driver/Inc -I../Drivers/STM32L0xx_HAL_Driver/Inc/Legacy -I../Drivers/CMSIS/Device/ST/STM32L0xx/Include -I../Drivers/CMSIS/Include -O0 -ffunction-sections -fdata-sections -Wall -fstack-usage -MMD -MP -MF"Drivers/STM32L0xx_HAL_Driver/Src/stm32l0xx_hal_exti.d" -MT"Drivers/STM32L0xx_HAL_Driver/Src/stm32l0xx_hal_exti.o" --specs=nano.specs -mfloat-abi=soft -mthumb -o "Drivers/STM32L0xx_HAL_Driver/Src/stm32l0xx_hal_exti.o"
arm-none-eabi-gcc "../Drivers/STM32L0xx_HAL_Driver/Src/stm32l0xx_hal_flash.c" -mcpu=cortex-m0plus -std=gnu11 -g3 -DDEBUG -DUSE_HAL_DRIVER -DSTM32L071xx -c -I../Core/Inc -I../Drivers/STM32L0xx_HAL_Driver/Inc -I../Drivers/STM32L0xx_HAL_Driver/Inc/Legacy -I../Drivers/CMSIS/Device/ST/STM32L0xx/Include -I../Drivers/CMSIS/Include -O0 -ffunction-sections -fdata-sections -Wall -fstack-usage -MMD -MP -MF"Drivers/STM32L0xx_HAL_Driver/Src/stm32l0xx_hal_flash.d" -MT"Drivers/STM32L0xx_HAL_Driver/Src/stm32l0xx_hal_flash.o" --specs=nano.specs -mfloat-abi=soft -mthumb -o "Drivers/STM32L0xx_HAL_Driver/Src/stm32l0xx_hal_flash.o"
arm-none-eabi-gcc "../Drivers/STM32L0xx_HAL_Driver/Src/stm32l0xx_hal_flash_ex.c" -mcpu=cortex-m0plus -std=gnu11 -g3 -DDEBUG -DUSE_HAL_DRIVER -DSTM32L071xx -c -I../Core/Inc -I../Drivers/STM32L0xx_HAL_Driver/Inc -I../Drivers/STM32L0xx_HAL_Driver/Inc/Legacy -I../Drivers/CMSIS/Device/ST/STM32L0xx/Include -I../Drivers/CMSIS/Include -O0 -ffunction-sections -fdata-sections -Wall -fstack-usage -MMD -MP -MF"Drivers/STM32L0xx_HAL_Driver/Src/stm32l0xx_hal_flash_ex.d" -MT"Drivers/STM32L0xx_HAL_Driver/Src/stm32l0xx_hal_flash_ex.o" --specs=nano.specs -mfloat-abi=soft -mthumb -o "Drivers/STM32L0xx_HAL_Driver/Src/stm32l0xx_hal_flash_ex.o"
arm-none-eabi-gcc "../Drivers/STM32L0xx_HAL_Driver/Src/stm32l0xx_hal_flash_ramfunc.c" -mcpu=cortex-m0plus -std=gnu11 -g3 -DDEBUG -DUSE_HAL_DRIVER -DSTM32L071xx -c -I../Core/Inc -I../Drivers/STM32L0xx_HAL_Driver/Inc -I../Drivers/STM32L0xx_HAL_Driver/Inc/Legacy -I../Drivers/CMSIS/Device/ST/STM32L0xx/Include -I../Drivers/CMSIS/Include -O0 -ffunction-sections -fdata-sections -Wall -fstack-usage -MMD -MP -MF"Drivers/STM32L0xx_HAL_Driver/Src/stm32l0xx_hal_flash_ramfunc.d" -MT"Drivers/STM32L0xx_HAL_Driver/Src/stm32l0xx_hal_flash_ramfunc.o" --specs=nano.specs -mfloat-abi=soft -mthumb -o "Drivers/STM32L0xx_HAL_Driver/Src/stm32l0xx_hal_flash_ramfunc.o"
arm-none-eabi-gcc "../Drivers/STM32L0xx_HAL_Driver/Src/stm32l0xx_hal_gpio.c" -mcpu=cortex-m0plus -std=gnu11 -g3 -DDEBUG -DUSE_HAL_DRIVER -DSTM32L071xx -c -I../Core/Inc -I../Drivers/STM32L0xx_HAL_Driver/Inc -I../Drivers/STM32L0xx_HAL_Driver/Inc/Legacy -I../Drivers/CMSIS/Device/ST/STM32L0xx/Include -I../Drivers/CMSIS/Include -O0 -ffunction-sections -fdata-sections -Wall -fstack-usage -MMD -MP -MF"Drivers/STM32L0xx_HAL_Driver/Src/stm32l0xx_hal_gpio.d" -MT"Drivers/STM32L0xx_HAL_Driver/Src/stm32l0xx_hal_gpio.o" --specs=nano.specs -mfloat-abi=soft -mthumb -o "Drivers/STM32L0xx_HAL_Driver/Src/stm32l0xx_hal_gpio.o"
arm-none-eabi-gcc "../Drivers/STM32L0xx_HAL_Driver/Src/stm32l0xx_hal_i2c.c" -mcpu=cortex-m0plus -std=gnu11 -g3 -DDEBUG -DUSE_HAL_DRIVER -DSTM32L071xx -c -I../Core/Inc -I../Drivers/STM32L0xx_HAL_Driver/Inc -I../Drivers/STM32L0xx_HAL_Driver/Inc/Legacy -I../Drivers/CMSIS/Device/ST/STM32L0xx/Include -I../Drivers/CMSIS/Include -O0 -ffunction-sections -fdata-sections -Wall -fstack-usage -MMD -MP -MF"Drivers/STM32L0xx_HAL_Driver/Src/stm32l0xx_hal_i2c.d" -MT"Drivers/STM32L0xx_HAL_Driver/Src/stm32l0xx_hal_i2c.o" --specs=nano.specs -mfloat-abi=soft -mthumb -o "Drivers/STM32L0xx_HAL_Driver/Src/stm32l0xx_hal_i2c.o"
arm-none-eabi-gcc "../Drivers/STM32L0xx_HAL_Driver/Src/stm32l0xx_hal_i2c_ex.c" -mcpu=cortex-m0plus -std=gnu11 -g3 -DDEBUG -DUSE_HAL_DRIVER -DSTM32L071xx -c -I../Core/Inc -I../Drivers/STM32L0xx_HAL_Driver/Inc -I../Drivers/STM32L0xx_HAL_Driver/Inc/Legacy -I../Drivers/CMSIS/Device/ST/STM32L0xx/Include -I../Drivers/CMSIS/Include -O0 -ffunction-sections -fdata-sections -Wall -fstack-usage -MMD -MP -MF"Drivers/STM32L0xx_HAL_Driver/Src/stm32l0xx_hal_i2c_ex.d" -MT"Drivers/STM32L0xx_HAL_Driver/Src/stm32l0xx_hal_i2c_ex.o" --specs=nano.specs -mfloat-abi=soft -mthumb -o "Drivers/STM32L0xx_HAL_Driver/Src/stm32l0xx_hal_i2c_ex.o"
arm-none-eabi-gcc "../Drivers/STM32L0xx_HAL_Driver/Src/stm32l0xx_hal_pwr.c" -mcpu=cortex-m0plus -std=gnu11 -g3 -DDEBUG -DUSE_HAL_DRIVER -DSTM32L071xx -c -I../Core/Inc -I../Drivers/STM32L0xx_HAL_Driver/Inc -I../Drivers/STM32L0xx_HAL_Driver/Inc/Legacy -I../Drivers/CMSIS/Device/ST/STM32L0xx/Include -I../Drivers/CMSIS/Include -O0 -ffunction-sections -fdata-sections -Wall -fstack-usage -MMD -MP -MF"Drivers/STM32L0xx_HAL_Driver/Src/stm32l0xx_hal_pwr.d" -MT"Drivers/STM32L0xx_HAL_Driver/Src/stm32l0xx_hal_pwr.o" --specs=nano.specs -mfloat-abi=soft -mthumb -o "Drivers/STM32L0xx_HAL_Driver/Src/stm32l0xx_hal_pwr.o"
arm-none-eabi-gcc "../Drivers/STM32L0xx_HAL_Driver/Src/stm32l0xx_hal_pwr_ex.c" -mcpu=cortex-m0plus -std=gnu11 -g3 -DDEBUG -DUSE_HAL_DRIVER -DSTM32L071xx -c -I../Core/Inc -I../Drivers/STM32L0xx_HAL_Driver/Inc -I../Drivers/STM32L0xx_HAL_Driver/Inc/Legacy -I../Drivers/CMSIS/Device/ST/STM32L0xx/Include -I../Drivers/CMSIS/Include -O0 -ffunction-sections -fdata-sections -Wall -fstack-usage -MMD -MP -MF"Drivers/STM32L0xx_HAL_Driver/Src/stm32l0xx_hal_pwr_ex.d" -MT"Drivers/STM32L0xx_HAL_Driver/Src/stm32l0xx_hal_pwr_ex.o" --specs=nano.specs -mfloat-abi=soft -mthumb -o "Drivers/STM32L0xx_HAL_Driver/Src/stm32l0xx_hal_pwr_ex.o"
arm-none-eabi-gcc "../Drivers/STM32L0xx_HAL_Driver/Src/stm32l0xx_hal_rcc.c" -mcpu=cortex-m0plus -std=gnu11 -g3 -DDEBUG -DUSE_HAL_DRIVER -DSTM32L071xx -c -I../Core/Inc -I../Drivers/STM32L0xx_HAL_Driver/Inc -I../Drivers/STM32L0xx_HAL_Driver/Inc/Legacy -I../Drivers/CMSIS/Device/ST/STM32L0xx/Include -I../Drivers/CMSIS/Include -O0 -ffunction-sections -fdata-sections -Wall -fstack-usage -MMD -MP -MF"Drivers/STM32L0xx_HAL_Driver/Src/stm32l0xx_hal_rcc.d" -MT"Drivers/STM32L0xx_HAL_Driver/Src/stm32l0xx_hal_rcc.o" --specs=nano.specs -mfloat-abi=soft -mthumb -o "Drivers/STM32L0xx_HAL_Driver/Src/stm32l0xx_hal_rcc.o"
arm-none-eabi-gcc "../Drivers/STM32L0xx_HAL_Driver/Src/stm32l0xx_hal_rcc_ex.c" -mcpu=cortex-m0plus -std=gnu11 -g3 -DDEBUG -DUSE_HAL_DRIVER -DSTM32L071xx -c -I../Core/Inc -I../Drivers/STM32L0xx_HAL_Driver/Inc -I../Drivers/STM32L0xx_HAL_Driver/Inc/Legacy -I../Drivers/CMSIS/Device/ST/STM32L0xx/Include -I../Drivers/CMSIS/Include -O0 -ffunction-sections -fdata-sections -Wall -fstack-usage -MMD -MP -MF"Drivers/STM32L0xx_HAL_Driver/Src/stm32l0xx_hal_rcc_ex.d" -MT"Drivers/STM32L0xx_HAL_Driver/Src/stm32l0xx_hal_rcc_ex.o" --specs=nano.specs -mfloat-abi=soft -mthumb -o "Drivers/STM32L0xx_HAL_Driver/Src/stm32l0xx_hal_rcc_ex.o"
arm-none-eabi-gcc "../Drivers/STM32L0xx_HAL_Driver/Src/stm32l0xx_hal_spi.c" -mcpu=cortex-m0plus -std=gnu11 -g3 -DDEBUG -DUSE_HAL_DRIVER -DSTM32L071xx -c -I../Core/Inc -I../Drivers/STM32L0xx_HAL_Driver/Inc -I../Drivers/STM32L0xx_HAL_Driver/Inc/Legacy -I../Drivers/CMSIS/Device/ST/STM32L0xx/Include -I../Drivers/CMSIS/Include -O0 -ffunction-sections -fdata-sections -Wall -fstack-usage -MMD -MP -MF"Drivers/STM32L0xx_HAL_Driver/Src/stm32l0xx_hal_spi.d" -MT"Drivers/STM32L0xx_HAL_Driver/Src/stm32l0xx_hal_spi.o" --specs=nano.specs -mfloat-abi=soft -mthumb -o "Drivers/STM32L0xx_HAL_Driver/Src/stm32l0xx_hal_spi.o"
arm-none-eabi-gcc "../Drivers/STM32L0xx_HAL_Driver/Src/stm32l0xx_hal_tim.c" -mcpu=cortex-m0plus -std=gnu11 -g3 -DDEBUG -DUSE_HAL_DRIVER -DSTM32L071xx -c -I../Core/Inc -I../Drivers/STM32L0xx_HAL_Driver/Inc -I../Drivers/STM32L0xx_HAL_Driver/Inc/Legacy -I../Drivers/CMSIS/Device/ST/STM32L0xx/Include -I../Drivers/CMSIS/Include -O0 -ffunction-sections -fdata-sections -Wall -fstack-usage -MMD -MP -MF"Drivers/STM32L0xx_HAL_Driver/Src/stm32l0xx_hal_tim.d" -MT"Drivers/STM32L0xx_HAL_Driver/Src/stm32l0xx_hal_tim.o" --specs=nano.specs -mfloat-abi=soft -mthumb -o "Drivers/STM32L0xx_HAL_Driver/Src/stm32l0xx_hal_tim.o"
arm-none-eabi-gcc "../Drivers/STM32L0xx_HAL_Driver/Src/stm32l0xx_hal_tim_ex.c" -mcpu=cortex-m0plus -std=gnu11 -g3 -DDEBUG -DUSE_HAL_DRIVER -DSTM32L071xx -c -I../Core/Inc -I../Drivers/STM32L0xx_HAL_Driver/Inc -I../Drivers/STM32L0xx_HAL_Driver/Inc/Legacy -I../Drivers/CMSIS/Device/ST/STM32L0xx/Include -I../Drivers/CMSIS/Include -O0 -ffunction-sections -fdata-sections -Wall -fstack-usage -MMD -MP -MF"Drivers/STM32L0xx_HAL_Driver/Src/stm32l0xx_hal_tim_ex.d" -MT"Drivers/STM32L0xx_HAL_Driver/Src/stm32l0xx_hal_tim_ex.o" --specs=nano.specs -mfloat-abi=soft -mthumb -o "Drivers/STM32L0xx_HAL_Driver/Src/stm32l0xx_hal_tim_ex.o"
arm-none-eabi-gcc "../Drivers/STM32L0xx_HAL_Driver/Src/stm32l0xx_hal_uart.c" -mcpu=cortex-m0plus -std=gnu11 -g3 -DDEBUG -DUSE_HAL_DRIVER -DSTM32L071xx -c -I../Core/Inc -I../Drivers/STM32L0xx_HAL_Driver/Inc -I../Drivers/STM32L0xx_HAL_Driver/Inc/Legacy -I../Drivers/CMSIS/Device/ST/STM32L0xx/Include -I../Drivers/CMSIS/Include -O0 -ffunction-sections -fdata-sections -Wall -fstack-usage -MMD -MP -MF"Drivers/STM32L0xx_HAL_Driver/Src/stm32l0xx_hal_uart.d" -MT"Drivers/STM32L0xx_HAL_Driver/Src/stm32l0xx_hal_uart.o" --specs=nano.specs -mfloat-abi=soft -mthumb -o "Drivers/STM32L0xx_HAL_Driver/Src/stm32l0xx_hal_uart.o"
arm-none-eabi-gcc "../Drivers/STM32L0xx_HAL_Driver/Src/stm32l0xx_hal_uart_ex.c" -mcpu=cortex-m0plus -std=gnu11 -g3 -DDEBUG -DUSE_HAL_DRIVER -DSTM32L071xx -c -I../Core/Inc -I../Drivers/STM32L0xx_HAL_Driver/Inc -I../Drivers/STM32L0xx_HAL_Driver/Inc/Legacy -I../Drivers/CMSIS/Device/ST/STM32L0xx/Include -I../Drivers/CMSIS/Include -O0 -ffunction-sections -fdata-sections -Wall -fstack-usage -MMD -MP -MF"Drivers/STM32L0xx_HAL_Driver/Src/stm32l0xx_hal_uart_ex.d" -MT"Drivers/STM32L0xx_HAL_Driver/Src/stm32l0xx_hal_uart_ex.o" --specs=nano.specs -mfloat-abi=soft -mthumb -o "Drivers/STM32L0xx_HAL_Driver/Src/stm32l0xx_hal_uart_ex.o"
arm-none-eabi-gcc "../Drivers/STM32L0xx_HAL_Driver/Src/stm32l0xx_hal_usart.c" -mcpu=cortex-m0plus -std=gnu11 -g3 -DDEBUG -DUSE_HAL_DRIVER -DSTM32L071xx -c -I../Core/Inc -I../Drivers/STM32L0xx_HAL_Driver/Inc -I../Drivers/STM32L0xx_HAL_Driver/Inc/Legacy -I../Drivers/CMSIS/Device/ST/STM32L0xx/Include -I../Drivers/CMSIS/Include -O0 -ffunction-sections -fdata-sections -Wall -fstack-usage -MMD -MP -MF"Drivers/STM32L0xx_HAL_Driver/Src/stm32l0xx_hal_usart.d" -MT"Drivers/STM32L0xx_HAL_Driver/Src/stm32l0xx_hal_usart.o" --specs=nano.specs -mfloat-abi=soft -mthumb -o "Drivers/STM32L0xx_HAL_Driver/Src/stm32l0xx_hal_usart.o"
arm-none-eabi-gcc -mcpu=cortex-m0plus -g3 -DDEBUG -c -x assembler-with-cpp -MMD -MP -MF"Core/Startup/startup_stm32l071c8tx.d" -MT"Core/Startup/startup_stm32l071c8tx.o" --specs=nano.specs -mfloat-abi=soft -mthumb -o "Core/Startup/startup_stm32l071c8tx.o" "../Core/Startup/startup_stm32l071c8tx.s"
arm-none-eabi-gcc "../Core/Src/main.c" -mcpu=cortex-m0plus -std=gnu11 -g3 -DDEBUG -DUSE_HAL_DRIVER -DSTM32L071xx -c -I../Core/Inc -I../Drivers/STM32L0xx_HAL_Driver/Inc -I../Drivers/STM32L0xx_HAL_Driver/Inc/Legacy -I../Drivers/CMSIS/Device/ST/STM32L0xx/Include -I../Drivers/CMSIS/Include -O0 -ffunction-sections -fdata-sections -Wall -fstack-usage -MMD -MP -MF"Core/Src/main.d" -MT"Core/Src/main.o" --specs=nano.specs -mfloat-abi=soft -mthumb -o "Core/Src/main.o"
arm-none-eabi-gcc "../Core/Src/nand_m79a.c" -mcpu=cortex-m0plus -std=gnu11 -g3 -DDEBUG -DUSE_HAL_DRIVER -DSTM32L071xx -c -I../Core/Inc -I../Drivers/STM32L0xx_HAL_Driver/Inc -I../Drivers/STM32L0xx_HAL_Driver/Inc/Legacy -I../Drivers/CMSIS/Device/ST/STM32L0xx/Include -I../Drivers/CMSIS/Include -O0 -ffunction-sections -fdata-sections -Wall -fstack-usage -MMD -MP -MF"Core/Src/nand_m79a.d" -MT"Core/Src/nand_m79a.o" --specs=nano.specs -mfloat-abi=soft -mthumb -o "Core/Src/nand_m79a.o"
arm-none-eabi-gcc "../Core/Src/printf.c" -mcpu=cortex-m0plus -std=gnu11 -g3 -DDEBUG -DUSE_HAL_DRIVER -DSTM32L071xx -c -I../Core/Inc -I../Drivers/STM32L0xx_HAL_Driver/Inc -I../Drivers/STM32L0xx_HAL_Driver/Inc/Legacy -I../Drivers/CMSIS/Device/ST/STM32L0xx/Include -I../Drivers/CMSIS/Include -O0 -ffunction-sections -fdata-sections -Wall -fstack-usage -MMD -MP -MF"Core/Src/printf.d" -MT"Core/Src/printf.o" --specs=nano.specs -mfloat-abi=soft -mthumb -o "Core/Src/printf.o"
arm-none-eabi-gcc "../Core/Src/stm32l0xx_hal_msp.c" -mcpu=cortex-m0plus -std=gnu11 -g3 -DDEBUG -DUSE_HAL_DRIVER -DSTM32L071xx -c -I../Core/Inc -I../Drivers/STM32L0xx_HAL_Driver/Inc -I../Drivers/STM32L0xx_HAL_Driver/Inc/Legacy -I../Drivers/CMSIS/Device/ST/STM32L0xx/Include -I../Drivers/CMSIS/Include -O0 -ffunction-sections -fdata-sections -Wall -fstack-usage -MMD -MP -MF"Core/Src/stm32l0xx_hal_msp.d" -MT"Core/Src/stm32l0xx_hal_msp.o" --specs=nano.specs -mfloat-abi=soft -mthumb -o "Core/Src/stm32l0xx_hal_msp.o"
arm-none-eabi-gcc "../Core/Src/stm32l0xx_it.c" -mcpu=cortex-m0plus -std=gnu11 -g3 -DDEBUG -DUSE_HAL_DRIVER -DSTM32L071xx -c -I../Core/Inc -I../Drivers/STM32L0xx_HAL_Driver/Inc -I../Drivers/STM32L0xx_HAL_Driver/Inc/Legacy -I../Drivers/CMSIS/Device/ST/STM32L0xx/Include -I../Drivers/CMSIS/Include -O0 -ffunction-sections -fdata-sections -Wall -fstack-usage -MMD -MP -MF"Core/Src/stm32l0xx_it.d" -MT"Core/Src/stm32l0xx_it.o" --specs=nano.specs -mfloat-abi=soft -mthumb -o "Core/Src/stm32l0xx_it.o"
arm-none-eabi-gcc "../Core/Src/syscalls.c" -mcpu=cortex-m0plus -std=gnu11 -g3 -DDEBUG -DUSE_HAL_DRIVER -DSTM32L071xx -c -I../Core/Inc -I../Drivers/STM32L0xx_HAL_Driver/Inc -I../Drivers/STM32L0xx_HAL_Driver/Inc/Legacy -I../Drivers/CMSIS/Device/ST/STM32L0xx/Include -I../Drivers/CMSIS/Include -O0 -ffunction-sections -fdata-sections -Wall -fstack-usage -MMD -MP -MF"Core/Src/syscalls.d" -MT"Core/Src/syscalls.o" --specs=nano.specs -mfloat-abi=soft -mthumb -o "Core/Src/syscalls.o"
arm-none-eabi-gcc "../Core/Src/sysmem.c" -mcpu=cortex-m0plus -std=gnu11 -g3 -DDEBUG -DUSE_HAL_DRIVER -DSTM32L071xx -c -I../Core/Inc -I../Drivers/STM32L0xx_HAL_Driver/Inc -I../Drivers/STM32L0xx_HAL_Driver/Inc/Legacy -I../Drivers/CMSIS/Device/ST/STM32L0xx/Include -I../Drivers/CMSIS/Include -O0 -ffunction-sections -fdata-sections -Wall -fstack-usage -MMD -MP -MF"Core/Src/sysmem.d" -MT"Core/Src/sysmem.o" --specs=nano.specs -mfloat-abi=soft -mthumb -o "Core/Src/sysmem.o"
arm-none-eabi-gcc "../Core/Src/system_stm32l0xx.c" -mcpu=cortex-m0plus -std=gnu11 -g3 -DDEBUG -DUSE_HAL_DRIVER -DSTM32L071xx -c -I../Core/Inc -I../Drivers/STM32L0xx_HAL_Driver/Inc -I../Drivers/STM32L0xx_HAL_Driver/Inc/Legacy -I../Drivers/CMSIS/Device/ST/STM32L0xx/Include -I../Drivers/CMSIS/Include -O0 -ffunction-sections -fdata-sections -Wall -fstack-usage -MMD -MP -MF"Core/Src/system_stm32l0xx.d" -MT"Core/Src/system_stm32l0xx.o" --specs=nano.specs -mfloat-abi=soft -mthumb -o "Core/Src/system_stm32l0xx.o"
../Core/Src/printf.c: In function '__putchar':
../Core/Src/printf.c:124:29: warning: pointer targets in passing argument 2 of 'HAL_UART_Transmit' differ in signedness [-Wpointer-sign]
  124 |  HAL_UART_Transmit(&huart1, &outchar, 1, 0xFFFF);
      |                             ^~~~~~~~
      |                             |
      |                             char *
In file included from ../Core/Inc/stm32l0xx_hal_conf.h:281,
                 from ../Drivers/STM32L0xx_HAL_Driver/Inc/stm32l0xx_hal.h:30,
                 from ../Core/Src/printf.c:37:
../Drivers/STM32L0xx_HAL_Driver/Inc/stm32l0xx_hal_uart.h:1488:73: note: expected 'uint8_t *' {aka 'unsigned char *'} but argument is of type 'char *'
 1488 | HAL_StatusTypeDef HAL_UART_Transmit(UART_HandleTypeDef *huart, uint8_t *pData, uint16_t Size, uint32_t Timeout);
      |                                                                ~~~~~~~~~^~~~~
arm-none-eabi-gcc -o "IEB_basic_functionality.elf" @"objects.list"   -mcpu=cortex-m0plus -T"C:\Users\Liam\Documents\GitHub\STM32_IEB\workspace_1.8.0\IEB_basic_functionality\STM32L071C8TX_FLASH.ld" --specs=nosys.specs -Wl,-Map="IEB_basic_functionality.map" -Wl,--gc-sections -static --specs=nano.specs -mfloat-abi=soft -mthumb -Wl,--start-group -lc -lm -Wl,--end-group
Finished building target: IEB_basic_functionality.elf
 
arm-none-eabi-size   IEB_basic_functionality.elf 
arm-none-eabi-objdump -h -S  IEB_basic_functionality.elf  > "IEB_basic_functionality.list"
arm-none-eabi-objcopy  -O binary  IEB_basic_functionality.elf  "IEB_basic_functionality.bin"
   text	   data	    bss	    dec	    hex	filename
  13212	     20	   2108	  15340	   3bec	IEB_basic_functionality.elf
Finished building: default.size.stdout
 
Finished building: IEB_basic_functionality.bin
 
Finished building: IEB_basic_functionality.list
 
14:34:13 **** Incremental Build of configuration Debug for project IEB_basic_functionality ****
make -j16 all 
arm-none-eabi-gcc "../Core/Src/main.c" -mcpu=cortex-m0plus -std=gnu11 -g3 -DDEBUG -DUSE_HAL_DRIVER -DSTM32L071xx -c -I../Core/Inc -I../Drivers/STM32L0xx_HAL_Driver/Inc -I../Drivers/STM32L0xx_HAL_Driver/Inc/Legacy -I../Drivers/CMSIS/Device/ST/STM32L0xx/Include -I../Drivers/CMSIS/Include -O0 -ffunction-sections -fdata-sections -Wall -fstack-usage -MMD -MP -MF"Core/Src/main.d" -MT"Core/Src/main.o" --specs=nano.specs -mfloat-abi=soft -mthumb -o "Core/Src/main.o"
arm-none-eabi-gcc -o "IEB_basic_functionality.elf" @"objects.list"   -mcpu=cortex-m0plus -T"C:\Users\Liam\Documents\GitHub\STM32_IEB\workspace_1.8.0\IEB_basic_functionality\STM32L071C8TX_FLASH.ld" --specs=nosys.specs -Wl,-Map="IEB_basic_functionality.map" -Wl,--gc-sections -static --specs=nano.specs -mfloat-abi=soft -mthumb -Wl,--start-group -lc -lm -Wl,--end-group
Finished building target: IEB_basic_functionality.elf
 
arm-none-eabi-size   IEB_basic_functionality.elf 
arm-none-eabi-objdump -h -S  IEB_basic_functionality.elf  > "IEB_basic_functionality.list"
arm-none-eabi-objcopy  -O binary  IEB_basic_functionality.elf  "IEB_basic_functionality.bin"
   text	   data	    bss	    dec	    hex	filename
  28384	     20	   2116	  30520	   7738	IEB_basic_functionality.elf
Finished building: default.size.stdout
 
Finished building: IEB_basic_functionality.bin
 
Finished building: IEB_basic_functionality.list
 
14:35:34 **** Build of configuration Debug for project SPI_bare_bones ****
make -j16 all 
arm-none-eabi-gcc "../Drivers/STM32L0xx_HAL_Driver/Src/stm32l0xx_hal.c" -mcpu=cortex-m0plus -std=gnu11 -g3 -DDEBUG -DUSE_HAL_DRIVER -DSTM32L053xx -c -I../Core/Inc -I../Drivers/STM32L0xx_HAL_Driver/Inc -I../Drivers/STM32L0xx_HAL_Driver/Inc/Legacy -I../Drivers/CMSIS/Device/ST/STM32L0xx/Include -I../Drivers/CMSIS/Include -O0 -ffunction-sections -fdata-sections -Wall -fstack-usage -MMD -MP -MF"Drivers/STM32L0xx_HAL_Driver/Src/stm32l0xx_hal.d" -MT"Drivers/STM32L0xx_HAL_Driver/Src/stm32l0xx_hal.o" --specs=nano.specs -mfloat-abi=soft -mthumb -o "Drivers/STM32L0xx_HAL_Driver/Src/stm32l0xx_hal.o"
arm-none-eabi-gcc "../Drivers/STM32L0xx_HAL_Driver/Src/stm32l0xx_hal_cortex.c" -mcpu=cortex-m0plus -std=gnu11 -g3 -DDEBUG -DUSE_HAL_DRIVER -DSTM32L053xx -c -I../Core/Inc -I../Drivers/STM32L0xx_HAL_Driver/Inc -I../Drivers/STM32L0xx_HAL_Driver/Inc/Legacy -I../Drivers/CMSIS/Device/ST/STM32L0xx/Include -I../Drivers/CMSIS/Include -O0 -ffunction-sections -fdata-sections -Wall -fstack-usage -MMD -MP -MF"Drivers/STM32L0xx_HAL_Driver/Src/stm32l0xx_hal_cortex.d" -MT"Drivers/STM32L0xx_HAL_Driver/Src/stm32l0xx_hal_cortex.o" --specs=nano.specs -mfloat-abi=soft -mthumb -o "Drivers/STM32L0xx_HAL_Driver/Src/stm32l0xx_hal_cortex.o"
arm-none-eabi-gcc "../Drivers/STM32L0xx_HAL_Driver/Src/stm32l0xx_hal_dma.c" -mcpu=cortex-m0plus -std=gnu11 -g3 -DDEBUG -DUSE_HAL_DRIVER -DSTM32L053xx -c -I../Core/Inc -I../Drivers/STM32L0xx_HAL_Driver/Inc -I../Drivers/STM32L0xx_HAL_Driver/Inc/Legacy -I../Drivers/CMSIS/Device/ST/STM32L0xx/Include -I../Drivers/CMSIS/Include -O0 -ffunction-sections -fdata-sections -Wall -fstack-usage -MMD -MP -MF"Drivers/STM32L0xx_HAL_Driver/Src/stm32l0xx_hal_dma.d" -MT"Drivers/STM32L0xx_HAL_Driver/Src/stm32l0xx_hal_dma.o" --specs=nano.specs -mfloat-abi=soft -mthumb -o "Drivers/STM32L0xx_HAL_Driver/Src/stm32l0xx_hal_dma.o"
arm-none-eabi-gcc "../Drivers/STM32L0xx_HAL_Driver/Src/stm32l0xx_hal_exti.c" -mcpu=cortex-m0plus -std=gnu11 -g3 -DDEBUG -DUSE_HAL_DRIVER -DSTM32L053xx -c -I../Core/Inc -I../Drivers/STM32L0xx_HAL_Driver/Inc -I../Drivers/STM32L0xx_HAL_Driver/Inc/Legacy -I../Drivers/CMSIS/Device/ST/STM32L0xx/Include -I../Drivers/CMSIS/Include -O0 -ffunction-sections -fdata-sections -Wall -fstack-usage -MMD -MP -MF"Drivers/STM32L0xx_HAL_Driver/Src/stm32l0xx_hal_exti.d" -MT"Drivers/STM32L0xx_HAL_Driver/Src/stm32l0xx_hal_exti.o" --specs=nano.specs -mfloat-abi=soft -mthumb -o "Drivers/STM32L0xx_HAL_Driver/Src/stm32l0xx_hal_exti.o"
arm-none-eabi-gcc "../Drivers/STM32L0xx_HAL_Driver/Src/stm32l0xx_hal_flash.c" -mcpu=cortex-m0plus -std=gnu11 -g3 -DDEBUG -DUSE_HAL_DRIVER -DSTM32L053xx -c -I../Core/Inc -I../Drivers/STM32L0xx_HAL_Driver/Inc -I../Drivers/STM32L0xx_HAL_Driver/Inc/Legacy -I../Drivers/CMSIS/Device/ST/STM32L0xx/Include -I../Drivers/CMSIS/Include -O0 -ffunction-sections -fdata-sections -Wall -fstack-usage -MMD -MP -MF"Drivers/STM32L0xx_HAL_Driver/Src/stm32l0xx_hal_flash.d" -MT"Drivers/STM32L0xx_HAL_Driver/Src/stm32l0xx_hal_flash.o" --specs=nano.specs -mfloat-abi=soft -mthumb -o "Drivers/STM32L0xx_HAL_Driver/Src/stm32l0xx_hal_flash.o"
arm-none-eabi-gcc "../Drivers/STM32L0xx_HAL_Driver/Src/stm32l0xx_hal_flash_ex.c" -mcpu=cortex-m0plus -std=gnu11 -g3 -DDEBUG -DUSE_HAL_DRIVER -DSTM32L053xx -c -I../Core/Inc -I../Drivers/STM32L0xx_HAL_Driver/Inc -I../Drivers/STM32L0xx_HAL_Driver/Inc/Legacy -I../Drivers/CMSIS/Device/ST/STM32L0xx/Include -I../Drivers/CMSIS/Include -O0 -ffunction-sections -fdata-sections -Wall -fstack-usage -MMD -MP -MF"Drivers/STM32L0xx_HAL_Driver/Src/stm32l0xx_hal_flash_ex.d" -MT"Drivers/STM32L0xx_HAL_Driver/Src/stm32l0xx_hal_flash_ex.o" --specs=nano.specs -mfloat-abi=soft -mthumb -o "Drivers/STM32L0xx_HAL_Driver/Src/stm32l0xx_hal_flash_ex.o"
arm-none-eabi-gcc "../Drivers/STM32L0xx_HAL_Driver/Src/stm32l0xx_hal_flash_ramfunc.c" -mcpu=cortex-m0plus -std=gnu11 -g3 -DDEBUG -DUSE_HAL_DRIVER -DSTM32L053xx -c -I../Core/Inc -I../Drivers/STM32L0xx_HAL_Driver/Inc -I../Drivers/STM32L0xx_HAL_Driver/Inc/Legacy -I../Drivers/CMSIS/Device/ST/STM32L0xx/Include -I../Drivers/CMSIS/Include -O0 -ffunction-sections -fdata-sections -Wall -fstack-usage -MMD -MP -MF"Drivers/STM32L0xx_HAL_Driver/Src/stm32l0xx_hal_flash_ramfunc.d" -MT"Drivers/STM32L0xx_HAL_Driver/Src/stm32l0xx_hal_flash_ramfunc.o" --specs=nano.specs -mfloat-abi=soft -mthumb -o "Drivers/STM32L0xx_HAL_Driver/Src/stm32l0xx_hal_flash_ramfunc.o"
arm-none-eabi-gcc "../Drivers/STM32L0xx_HAL_Driver/Src/stm32l0xx_hal_gpio.c" -mcpu=cortex-m0plus -std=gnu11 -g3 -DDEBUG -DUSE_HAL_DRIVER -DSTM32L053xx -c -I../Core/Inc -I../Drivers/STM32L0xx_HAL_Driver/Inc -I../Drivers/STM32L0xx_HAL_Driver/Inc/Legacy -I../Drivers/CMSIS/Device/ST/STM32L0xx/Include -I../Drivers/CMSIS/Include -O0 -ffunction-sections -fdata-sections -Wall -fstack-usage -MMD -MP -MF"Drivers/STM32L0xx_HAL_Driver/Src/stm32l0xx_hal_gpio.d" -MT"Drivers/STM32L0xx_HAL_Driver/Src/stm32l0xx_hal_gpio.o" --specs=nano.specs -mfloat-abi=soft -mthumb -o "Drivers/STM32L0xx_HAL_Driver/Src/stm32l0xx_hal_gpio.o"
arm-none-eabi-gcc "../Drivers/STM32L0xx_HAL_Driver/Src/stm32l0xx_hal_i2c.c" -mcpu=cortex-m0plus -std=gnu11 -g3 -DDEBUG -DUSE_HAL_DRIVER -DSTM32L053xx -c -I../Core/Inc -I../Drivers/STM32L0xx_HAL_Driver/Inc -I../Drivers/STM32L0xx_HAL_Driver/Inc/Legacy -I../Drivers/CMSIS/Device/ST/STM32L0xx/Include -I../Drivers/CMSIS/Include -O0 -ffunction-sections -fdata-sections -Wall -fstack-usage -MMD -MP -MF"Drivers/STM32L0xx_HAL_Driver/Src/stm32l0xx_hal_i2c.d" -MT"Drivers/STM32L0xx_HAL_Driver/Src/stm32l0xx_hal_i2c.o" --specs=nano.specs -mfloat-abi=soft -mthumb -o "Drivers/STM32L0xx_HAL_Driver/Src/stm32l0xx_hal_i2c.o"
arm-none-eabi-gcc "../Drivers/STM32L0xx_HAL_Driver/Src/stm32l0xx_hal_i2c_ex.c" -mcpu=cortex-m0plus -std=gnu11 -g3 -DDEBUG -DUSE_HAL_DRIVER -DSTM32L053xx -c -I../Core/Inc -I../Drivers/STM32L0xx_HAL_Driver/Inc -I../Drivers/STM32L0xx_HAL_Driver/Inc/Legacy -I../Drivers/CMSIS/Device/ST/STM32L0xx/Include -I../Drivers/CMSIS/Include -O0 -ffunction-sections -fdata-sections -Wall -fstack-usage -MMD -MP -MF"Drivers/STM32L0xx_HAL_Driver/Src/stm32l0xx_hal_i2c_ex.d" -MT"Drivers/STM32L0xx_HAL_Driver/Src/stm32l0xx_hal_i2c_ex.o" --specs=nano.specs -mfloat-abi=soft -mthumb -o "Drivers/STM32L0xx_HAL_Driver/Src/stm32l0xx_hal_i2c_ex.o"
arm-none-eabi-gcc "../Drivers/STM32L0xx_HAL_Driver/Src/stm32l0xx_hal_pwr.c" -mcpu=cortex-m0plus -std=gnu11 -g3 -DDEBUG -DUSE_HAL_DRIVER -DSTM32L053xx -c -I../Core/Inc -I../Drivers/STM32L0xx_HAL_Driver/Inc -I../Drivers/STM32L0xx_HAL_Driver/Inc/Legacy -I../Drivers/CMSIS/Device/ST/STM32L0xx/Include -I../Drivers/CMSIS/Include -O0 -ffunction-sections -fdata-sections -Wall -fstack-usage -MMD -MP -MF"Drivers/STM32L0xx_HAL_Driver/Src/stm32l0xx_hal_pwr.d" -MT"Drivers/STM32L0xx_HAL_Driver/Src/stm32l0xx_hal_pwr.o" --specs=nano.specs -mfloat-abi=soft -mthumb -o "Drivers/STM32L0xx_HAL_Driver/Src/stm32l0xx_hal_pwr.o"
arm-none-eabi-gcc "../Drivers/STM32L0xx_HAL_Driver/Src/stm32l0xx_hal_pwr_ex.c" -mcpu=cortex-m0plus -std=gnu11 -g3 -DDEBUG -DUSE_HAL_DRIVER -DSTM32L053xx -c -I../Core/Inc -I../Drivers/STM32L0xx_HAL_Driver/Inc -I../Drivers/STM32L0xx_HAL_Driver/Inc/Legacy -I../Drivers/CMSIS/Device/ST/STM32L0xx/Include -I../Drivers/CMSIS/Include -O0 -ffunction-sections -fdata-sections -Wall -fstack-usage -MMD -MP -MF"Drivers/STM32L0xx_HAL_Driver/Src/stm32l0xx_hal_pwr_ex.d" -MT"Drivers/STM32L0xx_HAL_Driver/Src/stm32l0xx_hal_pwr_ex.o" --specs=nano.specs -mfloat-abi=soft -mthumb -o "Drivers/STM32L0xx_HAL_Driver/Src/stm32l0xx_hal_pwr_ex.o"
arm-none-eabi-gcc "../Drivers/STM32L0xx_HAL_Driver/Src/stm32l0xx_hal_rcc.c" -mcpu=cortex-m0plus -std=gnu11 -g3 -DDEBUG -DUSE_HAL_DRIVER -DSTM32L053xx -c -I../Core/Inc -I../Drivers/STM32L0xx_HAL_Driver/Inc -I../Drivers/STM32L0xx_HAL_Driver/Inc/Legacy -I../Drivers/CMSIS/Device/ST/STM32L0xx/Include -I../Drivers/CMSIS/Include -O0 -ffunction-sections -fdata-sections -Wall -fstack-usage -MMD -MP -MF"Drivers/STM32L0xx_HAL_Driver/Src/stm32l0xx_hal_rcc.d" -MT"Drivers/STM32L0xx_HAL_Driver/Src/stm32l0xx_hal_rcc.o" --specs=nano.specs -mfloat-abi=soft -mthumb -o "Drivers/STM32L0xx_HAL_Driver/Src/stm32l0xx_hal_rcc.o"
arm-none-eabi-gcc "../Drivers/STM32L0xx_HAL_Driver/Src/stm32l0xx_hal_rcc_ex.c" -mcpu=cortex-m0plus -std=gnu11 -g3 -DDEBUG -DUSE_HAL_DRIVER -DSTM32L053xx -c -I../Core/Inc -I../Drivers/STM32L0xx_HAL_Driver/Inc -I../Drivers/STM32L0xx_HAL_Driver/Inc/Legacy -I../Drivers/CMSIS/Device/ST/STM32L0xx/Include -I../Drivers/CMSIS/Include -O0 -ffunction-sections -fdata-sections -Wall -fstack-usage -MMD -MP -MF"Drivers/STM32L0xx_HAL_Driver/Src/stm32l0xx_hal_rcc_ex.d" -MT"Drivers/STM32L0xx_HAL_Driver/Src/stm32l0xx_hal_rcc_ex.o" --specs=nano.specs -mfloat-abi=soft -mthumb -o "Drivers/STM32L0xx_HAL_Driver/Src/stm32l0xx_hal_rcc_ex.o"
arm-none-eabi-gcc "../Drivers/STM32L0xx_HAL_Driver/Src/stm32l0xx_hal_spi.c" -mcpu=cortex-m0plus -std=gnu11 -g3 -DDEBUG -DUSE_HAL_DRIVER -DSTM32L053xx -c -I../Core/Inc -I../Drivers/STM32L0xx_HAL_Driver/Inc -I../Drivers/STM32L0xx_HAL_Driver/Inc/Legacy -I../Drivers/CMSIS/Device/ST/STM32L0xx/Include -I../Drivers/CMSIS/Include -O0 -ffunction-sections -fdata-sections -Wall -fstack-usage -MMD -MP -MF"Drivers/STM32L0xx_HAL_Driver/Src/stm32l0xx_hal_spi.d" -MT"Drivers/STM32L0xx_HAL_Driver/Src/stm32l0xx_hal_spi.o" --specs=nano.specs -mfloat-abi=soft -mthumb -o "Drivers/STM32L0xx_HAL_Driver/Src/stm32l0xx_hal_spi.o"
arm-none-eabi-gcc "../Drivers/STM32L0xx_HAL_Driver/Src/stm32l0xx_hal_tim.c" -mcpu=cortex-m0plus -std=gnu11 -g3 -DDEBUG -DUSE_HAL_DRIVER -DSTM32L053xx -c -I../Core/Inc -I../Drivers/STM32L0xx_HAL_Driver/Inc -I../Drivers/STM32L0xx_HAL_Driver/Inc/Legacy -I../Drivers/CMSIS/Device/ST/STM32L0xx/Include -I../Drivers/CMSIS/Include -O0 -ffunction-sections -fdata-sections -Wall -fstack-usage -MMD -MP -MF"Drivers/STM32L0xx_HAL_Driver/Src/stm32l0xx_hal_tim.d" -MT"Drivers/STM32L0xx_HAL_Driver/Src/stm32l0xx_hal_tim.o" --specs=nano.specs -mfloat-abi=soft -mthumb -o "Drivers/STM32L0xx_HAL_Driver/Src/stm32l0xx_hal_tim.o"
arm-none-eabi-gcc "../Drivers/STM32L0xx_HAL_Driver/Src/stm32l0xx_hal_tim_ex.c" -mcpu=cortex-m0plus -std=gnu11 -g3 -DDEBUG -DUSE_HAL_DRIVER -DSTM32L053xx -c -I../Core/Inc -I../Drivers/STM32L0xx_HAL_Driver/Inc -I../Drivers/STM32L0xx_HAL_Driver/Inc/Legacy -I../Drivers/CMSIS/Device/ST/STM32L0xx/Include -I../Drivers/CMSIS/Include -O0 -ffunction-sections -fdata-sections -Wall -fstack-usage -MMD -MP -MF"Drivers/STM32L0xx_HAL_Driver/Src/stm32l0xx_hal_tim_ex.d" -MT"Drivers/STM32L0xx_HAL_Driver/Src/stm32l0xx_hal_tim_ex.o" --specs=nano.specs -mfloat-abi=soft -mthumb -o "Drivers/STM32L0xx_HAL_Driver/Src/stm32l0xx_hal_tim_ex.o"
arm-none-eabi-gcc -mcpu=cortex-m0plus -g3 -DDEBUG -c -x assembler-with-cpp -MMD -MP -MF"Core/Startup/startup_stm32l053c8tx.d" -MT"Core/Startup/startup_stm32l053c8tx.o" --specs=nano.specs -mfloat-abi=soft -mthumb -o "Core/Startup/startup_stm32l053c8tx.o" "../Core/Startup/startup_stm32l053c8tx.s"
arm-none-eabi-gcc "../Core/Src/main.c" -mcpu=cortex-m0plus -std=gnu11 -g3 -DDEBUG -DUSE_HAL_DRIVER -DSTM32L053xx -c -I../Core/Inc -I../Drivers/STM32L0xx_HAL_Driver/Inc -I../Drivers/STM32L0xx_HAL_Driver/Inc/Legacy -I../Drivers/CMSIS/Device/ST/STM32L0xx/Include -I../Drivers/CMSIS/Include -O0 -ffunction-sections -fdata-sections -Wall -fstack-usage -MMD -MP -MF"Core/Src/main.d" -MT"Core/Src/main.o" --specs=nano.specs -mfloat-abi=soft -mthumb -o "Core/Src/main.o"
arm-none-eabi-gcc "../Core/Src/stm32l0xx_hal_msp.c" -mcpu=cortex-m0plus -std=gnu11 -g3 -DDEBUG -DUSE_HAL_DRIVER -DSTM32L053xx -c -I../Core/Inc -I../Drivers/STM32L0xx_HAL_Driver/Inc -I../Drivers/STM32L0xx_HAL_Driver/Inc/Legacy -I../Drivers/CMSIS/Device/ST/STM32L0xx/Include -I../Drivers/CMSIS/Include -O0 -ffunction-sections -fdata-sections -Wall -fstack-usage -MMD -MP -MF"Core/Src/stm32l0xx_hal_msp.d" -MT"Core/Src/stm32l0xx_hal_msp.o" --specs=nano.specs -mfloat-abi=soft -mthumb -o "Core/Src/stm32l0xx_hal_msp.o"
arm-none-eabi-gcc "../Core/Src/stm32l0xx_it.c" -mcpu=cortex-m0plus -std=gnu11 -g3 -DDEBUG -DUSE_HAL_DRIVER -DSTM32L053xx -c -I../Core/Inc -I../Drivers/STM32L0xx_HAL_Driver/Inc -I../Drivers/STM32L0xx_HAL_Driver/Inc/Legacy -I../Drivers/CMSIS/Device/ST/STM32L0xx/Include -I../Drivers/CMSIS/Include -O0 -ffunction-sections -fdata-sections -Wall -fstack-usage -MMD -MP -MF"Core/Src/stm32l0xx_it.d" -MT"Core/Src/stm32l0xx_it.o" --specs=nano.specs -mfloat-abi=soft -mthumb -o "Core/Src/stm32l0xx_it.o"
arm-none-eabi-gcc "../Core/Src/syscalls.c" -mcpu=cortex-m0plus -std=gnu11 -g3 -DDEBUG -DUSE_HAL_DRIVER -DSTM32L053xx -c -I../Core/Inc -I../Drivers/STM32L0xx_HAL_Driver/Inc -I../Drivers/STM32L0xx_HAL_Driver/Inc/Legacy -I../Drivers/CMSIS/Device/ST/STM32L0xx/Include -I../Drivers/CMSIS/Include -O0 -ffunction-sections -fdata-sections -Wall -fstack-usage -MMD -MP -MF"Core/Src/syscalls.d" -MT"Core/Src/syscalls.o" --specs=nano.specs -mfloat-abi=soft -mthumb -o "Core/Src/syscalls.o"
arm-none-eabi-gcc "../Core/Src/sysmem.c" -mcpu=cortex-m0plus -std=gnu11 -g3 -DDEBUG -DUSE_HAL_DRIVER -DSTM32L053xx -c -I../Core/Inc -I../Drivers/STM32L0xx_HAL_Driver/Inc -I../Drivers/STM32L0xx_HAL_Driver/Inc/Legacy -I../Drivers/CMSIS/Device/ST/STM32L0xx/Include -I../Drivers/CMSIS/Include -O0 -ffunction-sections -fdata-sections -Wall -fstack-usage -MMD -MP -MF"Core/Src/sysmem.d" -MT"Core/Src/sysmem.o" --specs=nano.specs -mfloat-abi=soft -mthumb -o "Core/Src/sysmem.o"
arm-none-eabi-gcc "../Core/Src/system_stm32l0xx.c" -mcpu=cortex-m0plus -std=gnu11 -g3 -DDEBUG -DUSE_HAL_DRIVER -DSTM32L053xx -c -I../Core/Inc -I../Drivers/STM32L0xx_HAL_Driver/Inc -I../Drivers/STM32L0xx_HAL_Driver/Inc/Legacy -I../Drivers/CMSIS/Device/ST/STM32L0xx/Include -I../Drivers/CMSIS/Include -O0 -ffunction-sections -fdata-sections -Wall -fstack-usage -MMD -MP -MF"Core/Src/system_stm32l0xx.d" -MT"Core/Src/system_stm32l0xx.o" --specs=nano.specs -mfloat-abi=soft -mthumb -o "Core/Src/system_stm32l0xx.o"
../Core/Src/main.c: In function 'main':
../Core/Src/main.c:114:11: warning: unused variable 'data' [-Wunused-variable]
  114 |   uint8_t data = 0x05;
      |           ^~~~
arm-none-eabi-gcc -o "SPI_bare_bones.elf" @"objects.list"   -mcpu=cortex-m0plus -T"C:\Users\Liam\Documents\GitHub\STM32_IEB\workspace_1.8.0\SPI_bare_bones\STM32L053C8TX_FLASH.ld" --specs=nosys.specs -Wl,-Map="SPI_bare_bones.map" -Wl,--gc-sections -static --specs=nano.specs -mfloat-abi=soft -mthumb -Wl,--start-group -lc -lm -Wl,--end-group
Finished building target: SPI_bare_bones.elf
 
arm-none-eabi-size   SPI_bare_bones.elf 
arm-none-eabi-objdump -h -S  SPI_bare_bones.elf  > "SPI_bare_bones.list"
arm-none-eabi-objcopy  -O binary  SPI_bare_bones.elf  "SPI_bare_bones.bin"
   text	   data	    bss	    dec	    hex	filename
   6892	     20	   1660	   8572	   217c	SPI_bare_bones.elf
Finished building: default.size.stdout
 
Finished building: SPI_bare_bones.bin
 
Finished building: SPI_bare_bones.list
 
14:36:23 **** Incremental Build of configuration Debug for project SPI_bare_bones ****
make -j16 all 
arm-none-eabi-gcc "../Core/Src/main.c" -mcpu=cortex-m0plus -std=gnu11 -g3 -DDEBUG -DUSE_HAL_DRIVER -DSTM32L053xx -c -I../Core/Inc -I../Drivers/STM32L0xx_HAL_Driver/Inc -I../Drivers/STM32L0xx_HAL_Driver/Inc/Legacy -I../Drivers/CMSIS/Device/ST/STM32L0xx/Include -I../Drivers/CMSIS/Include -O0 -ffunction-sections -fdata-sections -Wall -fstack-usage -MMD -MP -MF"Core/Src/main.d" -MT"Core/Src/main.o" --specs=nano.specs -mfloat-abi=soft -mthumb -o "Core/Src/main.o"
../Core/Src/main.c: In function 'main':
../Core/Src/main.c:117:4: warning: implicit declaration of function 'printf' [-Wimplicit-function-declaration]
  117 |    printf("Working...\r\n");
      |    ^~~~~~
../Core/Src/main.c:117:4: warning: incompatible implicit declaration of built-in function 'printf'
../Core/Src/main.c:21:1: note: include '<stdio.h>' or provide a declaration of 'printf'
   20 | #include "main.h"
  +++ |+#include <stdio.h>
   21 | 
../Core/Src/main.c:114:11: warning: unused variable 'data' [-Wunused-variable]
  114 |   uint8_t data = 0x05;
      |           ^~~~
arm-none-eabi-gcc -o "SPI_bare_bones.elf" @"objects.list"   -mcpu=cortex-m0plus -T"C:\Users\Liam\Documents\GitHub\STM32_IEB\workspace_1.8.0\SPI_bare_bones\STM32L053C8TX_FLASH.ld" --specs=nosys.specs -Wl,-Map="SPI_bare_bones.map" -Wl,--gc-sections -static --specs=nano.specs -mfloat-abi=soft -mthumb -Wl,--start-group -lc -lm -Wl,--end-group
Finished building target: SPI_bare_bones.elf
 
arm-none-eabi-size   SPI_bare_bones.elf 
arm-none-eabi-objdump -h -S  SPI_bare_bones.elf  > "SPI_bare_bones.list"
arm-none-eabi-objcopy  -O binary  SPI_bare_bones.elf  "SPI_bare_bones.bin"
   text	   data	    bss	    dec	    hex	filename
   9784	    120	   1688	  11592	   2d48	SPI_bare_bones.elf
Finished building: default.size.stdout
 
Finished building: SPI_bare_bones.bin
 
Finished building: SPI_bare_bones.list
 
14:38:13 **** Build of configuration Debug for project I2C_SPI_Sensor_Test ****
make -j16 all 
arm-none-eabi-gcc "../Core/Src/main.c" -mcpu=cortex-m0plus -std=gnu11 -g3 -DDEBUG -DUSE_HAL_DRIVER -DSTM32L053xx -c -I../Core/Inc -I../Drivers/STM32L0xx_HAL_Driver/Inc -I../Drivers/STM32L0xx_HAL_Driver/Inc/Legacy -I../Drivers/CMSIS/Device/ST/STM32L0xx/Include -I../Drivers/CMSIS/Include -Os -ffunction-sections -fdata-sections -Wall -fstack-usage -MMD -MP -MF"Core/Src/main.d" -MT"Core/Src/main.o" --specs=nano.specs -mfloat-abi=soft -mthumb -o "Core/Src/main.o"
../Core/Src/main.c: In function 'hi2c2_read_reg_IT':
../Core/Src/main.c:76:53: warning: passing argument 3 of 'HAL_I2C_Master_Transmit_IT' makes pointer from integer without a cast [-Wint-conversion]
   76 |  HAL_I2C_Master_Transmit_IT(&hi2c2, (addr<<1)|0x01, reg_addr, sizeof(reg_addr));
      |                                                     ^~~~~~~~
      |                                                     |
      |                                                     uint16_t {aka short unsigned int}
In file included from ../Core/Inc/stm32l0xx_hal_conf.h:236,
                 from ../Drivers/STM32L0xx_HAL_Driver/Inc/stm32l0xx_hal.h:30,
                 from ../Core/Inc/main.h:30,
                 from ../Core/Src/main.c:20:
../Drivers/STM32L0xx_HAL_Driver/Inc/stm32l0xx_hal_i2c.h:638:101: note: expected 'uint8_t *' {aka 'unsigned char *'} but argument is of type 'uint16_t' {aka 'short unsigned int'}
  638 | HAL_StatusTypeDef HAL_I2C_Master_Transmit_IT(I2C_HandleTypeDef *hi2c, uint16_t DevAddress, uint8_t *pData,
      |                                                                                            ~~~~~~~~~^~~~~
../Core/Src/main.c:75:10: warning: unused variable 'RxBuf' [-Wunused-variable]
   75 |  uint8_t RxBuf[2];
      |          ^~~~~
../Core/Src/main.c: In function 'hi2c2_read_register':
../Core/Src/main.c:83:14: warning: cast to pointer from integer of different size [-Wint-to-pointer-cast]
   83 |     buf[0] = (uint16_t *)register_pointer;
      |              ^
../Core/Src/main.c:83:12: warning: assignment to 'uint16_t' {aka 'short unsigned int'} from 'uint16_t *' {aka 'short unsigned int *'} makes integer from pointer without a cast [-Wint-conversion]
   83 |     buf[0] = (uint16_t *)register_pointer;
      |            ^
../Core/Src/main.c:85:77: warning: passing argument 3 of 'HAL_I2C_Master_Transmit' from incompatible pointer type [-Wincompatible-pointer-types]
   85 |     status = HAL_I2C_Master_Transmit(&hi2c2, ((address_pointer<<1) | 0x01), buf, 1, HAL_MAX_DELAY);
      |                                                                             ^~~
      |                                                                             |
      |                                                                             uint16_t * {aka short unsigned int *}
In file included from ../Core/Inc/stm32l0xx_hal_conf.h:236,
                 from ../Drivers/STM32L0xx_HAL_Driver/Inc/stm32l0xx_hal.h:30,
                 from ../Core/Inc/main.h:30,
                 from ../Core/Src/main.c:20:
../Drivers/STM32L0xx_HAL_Driver/Inc/stm32l0xx_hal_i2c.h:622:98: note: expected 'uint8_t *' {aka 'unsigned char *'} but argument is of type 'uint16_t *' {aka 'short unsigned int *'}
  622 | HAL_StatusTypeDef HAL_I2C_Master_Transmit(I2C_HandleTypeDef *hi2c, uint16_t DevAddress, uint8_t *pData,
      |                                                                                         ~~~~~~~~~^~~~~
../Core/Src/main.c:91:6: warning: 'return' with no value, in function returning non-void [-Wreturn-type]
   91 |      return;
      |      ^~~~~~
../Core/Src/main.c:78:10: note: declared here
   78 | uint16_t hi2c2_read_register(uint8_t address_pointer, uint16_t register_pointer)
      |          ^~~~~~~~~~~~~~~~~~~
../Core/Src/main.c:94:74: warning: passing argument 3 of 'HAL_I2C_Master_Receive' from incompatible pointer type [-Wincompatible-pointer-types]
   94 |     status = HAL_I2C_Master_Receive(&hi2c2, (address_pointer<<1) | 0x01, buf, 2, HAL_MAX_DELAY);
      |                                                                          ^~~
      |                                                                          |
      |                                                                          uint16_t * {aka short unsigned int *}
In file included from ../Core/Inc/stm32l0xx_hal_conf.h:236,
                 from ../Drivers/STM32L0xx_HAL_Driver/Inc/stm32l0xx_hal.h:30,
                 from ../Core/Inc/main.h:30,
                 from ../Core/Src/main.c:20:
../Drivers/STM32L0xx_HAL_Driver/Inc/stm32l0xx_hal_i2c.h:624:97: note: expected 'uint8_t *' {aka 'unsigned char *'} but argument is of type 'uint16_t *' {aka 'short unsigned int *'}
  624 | HAL_StatusTypeDef HAL_I2C_Master_Receive(I2C_HandleTypeDef *hi2c, uint16_t DevAddress, uint8_t *pData,
      |                                                                                        ~~~~~~~~~^~~~~
../Core/Src/main.c: In function 'test_i2c':
../Core/Src/main.c:150:14: warning: unused variable 'reg_ptr' [-Wunused-variable]
  150 |      uint8_t reg_ptr = 0x00;
      |              ^~~~~~~
../Core/Src/main.c: In function 'main':
../Core/Src/main.c:310:14: warning: unused variable 'reg' [-Wunused-variable]
  310 |     uint16_t reg = 0x300A;
      |              ^~~
../Core/Src/main.c:309:26: warning: unused variable 'addr' [-Wunused-variable]
  309 |     static const uint8_t addr = 0x3C;
      |                          ^~~~
../Core/Src/main.c:308:23: warning: unused variable 'result' [-Wunused-variable]
  308 |     HAL_StatusTypeDef result;
      |                       ^~~~~~
../Core/Src/main.c:307:10: warning: unused variable 'data' [-Wunused-variable]
  307 |  uint8_t data;
      |          ^~~~
../Core/Src/main.c: In function 'hi2c2_read_reg_IT':
../Core/Src/main.c:77:1: warning: control reaches end of non-void function [-Wreturn-type]
   77 | }
      | ^
At top level:
../Core/Src/main.c:309:26: warning: 'addr' defined but not used [-Wunused-const-variable=]
  309 |     static const uint8_t addr = 0x3C;
      |                          ^~~~
arm-none-eabi-gcc -o "I2C_SPI_Sensor_Test.elf" @"objects.list"   -mcpu=cortex-m0plus -T"C:\Users\Liam\Documents\GitHub\STM32_IEB\workspace_1.8.0\I2C_SPI_Sensor_Test\STM32L053C8TX_FLASH.ld" --specs=nosys.specs -Wl,-Map="I2C_SPI_Sensor_Test.map" -Wl,--gc-sections -static --specs=nano.specs -mfloat-abi=soft -mthumb -Wl,--start-group -lc -lm -Wl,--end-group
Finished building target: I2C_SPI_Sensor_Test.elf
 
arm-none-eabi-size   I2C_SPI_Sensor_Test.elf 
arm-none-eabi-objdump -h -S  I2C_SPI_Sensor_Test.elf  > "I2C_SPI_Sensor_Test.list"
arm-none-eabi-objcopy  -O binary  I2C_SPI_Sensor_Test.elf  "I2C_SPI_Sensor_Test.bin"
   text	   data	    bss	    dec	    hex	filename
  19888	     20	   2036	  21944	   55b8	I2C_SPI_Sensor_Test.elf
Finished building: default.size.stdout
 
Finished building: I2C_SPI_Sensor_Test.bin
 
Finished building: I2C_SPI_Sensor_Test.list
 
14:40:23 **** Incremental Build of configuration Debug for project I2C_SPI_Sensor_Test ****
make -j16 all 
arm-none-eabi-gcc "../Core/Src/arducam_methods.c" -mcpu=cortex-m0plus -std=gnu11 -g3 -DDEBUG -DUSE_HAL_DRIVER -DSTM32L053xx -c -I../Core/Inc -I../Drivers/STM32L0xx_HAL_Driver/Inc -I../Drivers/STM32L0xx_HAL_Driver/Inc/Legacy -I../Drivers/CMSIS/Device/ST/STM32L0xx/Include -I../Drivers/CMSIS/Include -Os -ffunction-sections -fdata-sections -Wall -fstack-usage -MMD -MP -MF"Core/Src/arducam_methods.d" -MT"Core/Src/arducam_methods.o" --specs=nano.specs -mfloat-abi=soft -mthumb -o "Core/Src/arducam_methods.o"
arm-none-eabi-gcc "../Core/Src/delay.c" -mcpu=cortex-m0plus -std=gnu11 -g3 -DDEBUG -DUSE_HAL_DRIVER -DSTM32L053xx -c -I../Core/Inc -I../Drivers/STM32L0xx_HAL_Driver/Inc -I../Drivers/STM32L0xx_HAL_Driver/Inc/Legacy -I../Drivers/CMSIS/Device/ST/STM32L0xx/Include -I../Drivers/CMSIS/Include -Os -ffunction-sections -fdata-sections -Wall -fstack-usage -MMD -MP -MF"Core/Src/delay.d" -MT"Core/Src/delay.o" --specs=nano.specs -mfloat-abi=soft -mthumb -o "Core/Src/delay.o"
arm-none-eabi-gcc "../Core/Src/main.c" -mcpu=cortex-m0plus -std=gnu11 -g3 -DDEBUG -DUSE_HAL_DRIVER -DSTM32L053xx -c -I../Core/Inc -I../Drivers/STM32L0xx_HAL_Driver/Inc -I../Drivers/STM32L0xx_HAL_Driver/Inc/Legacy -I../Drivers/CMSIS/Device/ST/STM32L0xx/Include -I../Drivers/CMSIS/Include -Os -ffunction-sections -fdata-sections -Wall -fstack-usage -MMD -MP -MF"Core/Src/main.d" -MT"Core/Src/main.o" --specs=nano.specs -mfloat-abi=soft -mthumb -o "Core/Src/main.o"
arm-none-eabi-gcc "../Core/Src/nand_m79a.c" -mcpu=cortex-m0plus -std=gnu11 -g3 -DDEBUG -DUSE_HAL_DRIVER -DSTM32L053xx -c -I../Core/Inc -I../Drivers/STM32L0xx_HAL_Driver/Inc -I../Drivers/STM32L0xx_HAL_Driver/Inc/Legacy -I../Drivers/CMSIS/Device/ST/STM32L0xx/Include -I../Drivers/CMSIS/Include -Os -ffunction-sections -fdata-sections -Wall -fstack-usage -MMD -MP -MF"Core/Src/nand_m79a.d" -MT"Core/Src/nand_m79a.o" --specs=nano.specs -mfloat-abi=soft -mthumb -o "Core/Src/nand_m79a.o"
arm-none-eabi-gcc "../Core/Src/printf.c" -mcpu=cortex-m0plus -std=gnu11 -g3 -DDEBUG -DUSE_HAL_DRIVER -DSTM32L053xx -c -I../Core/Inc -I../Drivers/STM32L0xx_HAL_Driver/Inc -I../Drivers/STM32L0xx_HAL_Driver/Inc/Legacy -I../Drivers/CMSIS/Device/ST/STM32L0xx/Include -I../Drivers/CMSIS/Include -Os -ffunction-sections -fdata-sections -Wall -fstack-usage -MMD -MP -MF"Core/Src/printf.d" -MT"Core/Src/printf.o" --specs=nano.specs -mfloat-abi=soft -mthumb -o "Core/Src/printf.o"
arm-none-eabi-gcc "../Core/Src/stm32l0xx_hal_msp.c" -mcpu=cortex-m0plus -std=gnu11 -g3 -DDEBUG -DUSE_HAL_DRIVER -DSTM32L053xx -c -I../Core/Inc -I../Drivers/STM32L0xx_HAL_Driver/Inc -I../Drivers/STM32L0xx_HAL_Driver/Inc/Legacy -I../Drivers/CMSIS/Device/ST/STM32L0xx/Include -I../Drivers/CMSIS/Include -Os -ffunction-sections -fdata-sections -Wall -fstack-usage -MMD -MP -MF"Core/Src/stm32l0xx_hal_msp.d" -MT"Core/Src/stm32l0xx_hal_msp.o" --specs=nano.specs -mfloat-abi=soft -mthumb -o "Core/Src/stm32l0xx_hal_msp.o"
arm-none-eabi-gcc "../Core/Src/stm32l0xx_it.c" -mcpu=cortex-m0plus -std=gnu11 -g3 -DDEBUG -DUSE_HAL_DRIVER -DSTM32L053xx -c -I../Core/Inc -I../Drivers/STM32L0xx_HAL_Driver/Inc -I../Drivers/STM32L0xx_HAL_Driver/Inc/Legacy -I../Drivers/CMSIS/Device/ST/STM32L0xx/Include -I../Drivers/CMSIS/Include -Os -ffunction-sections -fdata-sections -Wall -fstack-usage -MMD -MP -MF"Core/Src/stm32l0xx_it.d" -MT"Core/Src/stm32l0xx_it.o" --specs=nano.specs -mfloat-abi=soft -mthumb -o "Core/Src/stm32l0xx_it.o"
arm-none-eabi-gcc "../Core/Src/syscalls.c" -mcpu=cortex-m0plus -std=gnu11 -g3 -DDEBUG -DUSE_HAL_DRIVER -DSTM32L053xx -c -I../Core/Inc -I../Drivers/STM32L0xx_HAL_Driver/Inc -I../Drivers/STM32L0xx_HAL_Driver/Inc/Legacy -I../Drivers/CMSIS/Device/ST/STM32L0xx/Include -I../Drivers/CMSIS/Include -Os -ffunction-sections -fdata-sections -Wall -fstack-usage -MMD -MP -MF"Core/Src/syscalls.d" -MT"Core/Src/syscalls.o" --specs=nano.specs -mfloat-abi=soft -mthumb -o "Core/Src/syscalls.o"
arm-none-eabi-gcc "../Core/Src/sysmem.c" -mcpu=cortex-m0plus -std=gnu11 -g3 -DDEBUG -DUSE_HAL_DRIVER -DSTM32L053xx -c -I../Core/Inc -I../Drivers/STM32L0xx_HAL_Driver/Inc -I../Drivers/STM32L0xx_HAL_Driver/Inc/Legacy -I../Drivers/CMSIS/Device/ST/STM32L0xx/Include -I../Drivers/CMSIS/Include -Os -ffunction-sections -fdata-sections -Wall -fstack-usage -MMD -MP -MF"Core/Src/sysmem.d" -MT"Core/Src/sysmem.o" --specs=nano.specs -mfloat-abi=soft -mthumb -o "Core/Src/sysmem.o"
arm-none-eabi-gcc "../Core/Src/system_stm32l0xx.c" -mcpu=cortex-m0plus -std=gnu11 -g3 -DDEBUG -DUSE_HAL_DRIVER -DSTM32L053xx -c -I../Core/Inc -I../Drivers/STM32L0xx_HAL_Driver/Inc -I../Drivers/STM32L0xx_HAL_Driver/Inc/Legacy -I../Drivers/CMSIS/Device/ST/STM32L0xx/Include -I../Drivers/CMSIS/Include -Os -ffunction-sections -fdata-sections -Wall -fstack-usage -MMD -MP -MF"Core/Src/system_stm32l0xx.d" -MT"Core/Src/system_stm32l0xx.o" --specs=nano.specs -mfloat-abi=soft -mthumb -o "Core/Src/system_stm32l0xx.o"
../Core/Src/printf.c: In function '__putchar':
../Core/Src/printf.c:124:29: warning: pointer targets in passing argument 2 of 'HAL_UART_Transmit' differ in signedness [-Wpointer-sign]
  124 |  HAL_UART_Transmit(&huart1, &outchar, 1, 0xFFFF);
      |                             ^~~~~~~~
      |                             |
      |                             char *
In file included from ../Core/Inc/stm32l0xx_hal_conf.h:281,
                 from ../Drivers/STM32L0xx_HAL_Driver/Inc/stm32l0xx_hal.h:30,
                 from ../Core/Src/printf.c:37:
../Drivers/STM32L0xx_HAL_Driver/Inc/stm32l0xx_hal_uart.h:1488:73: note: expected 'uint8_t *' {aka 'unsigned char *'} but argument is of type 'char *'
 1488 | HAL_StatusTypeDef HAL_UART_Transmit(UART_HandleTypeDef *huart, uint8_t *pData, uint16_t Size, uint32_t Timeout);
      |                                                                ~~~~~~~~~^~~~~
../Core/Src/main.c: In function 'hi2c2_read_reg_IT':
../Core/Src/main.c:77:53: warning: passing argument 3 of 'HAL_I2C_Master_Transmit_IT' makes pointer from integer without a cast [-Wint-conversion]
   77 |  HAL_I2C_Master_Transmit_IT(&hi2c2, (addr<<1)|0x01, reg_addr, sizeof(reg_addr));
      |                                                     ^~~~~~~~
      |                                                     |
      |                                                     uint16_t {aka short unsigned int}
In file included from ../Core/Inc/stm32l0xx_hal_conf.h:236,
                 from ../Drivers/STM32L0xx_HAL_Driver/Inc/stm32l0xx_hal.h:30,
                 from ../Core/Inc/main.h:30,
                 from ../Core/Src/main.c:20:
../Drivers/STM32L0xx_HAL_Driver/Inc/stm32l0xx_hal_i2c.h:638:101: note: expected 'uint8_t *' {aka 'unsigned char *'} but argument is of type 'uint16_t' {aka 'short unsigned int'}
  638 | HAL_StatusTypeDef HAL_I2C_Master_Transmit_IT(I2C_HandleTypeDef *hi2c, uint16_t DevAddress, uint8_t *pData,
      |                                                                                            ~~~~~~~~~^~~~~
../Core/Src/main.c:76:10: warning: unused variable 'RxBuf' [-Wunused-variable]
   76 |  uint8_t RxBuf[2];
      |          ^~~~~
../Core/Src/main.c: In function 'hi2c2_read_register':
../Core/Src/main.c:84:14: warning: cast to pointer from integer of different size [-Wint-to-pointer-cast]
   84 |     buf[0] = (uint16_t *)register_pointer;
      |              ^
../Core/Src/main.c:84:12: warning: assignment to 'uint16_t' {aka 'short unsigned int'} from 'uint16_t *' {aka 'short unsigned int *'} makes integer from pointer without a cast [-Wint-conversion]
   84 |     buf[0] = (uint16_t *)register_pointer;
      |            ^
../Core/Src/main.c:86:77: warning: passing argument 3 of 'HAL_I2C_Master_Transmit' from incompatible pointer type [-Wincompatible-pointer-types]
   86 |     status = HAL_I2C_Master_Transmit(&hi2c2, ((address_pointer<<1) | 0x01), buf, 1, HAL_MAX_DELAY);
      |                                                                             ^~~
      |                                                                             |
      |                                                                             uint16_t * {aka short unsigned int *}
../Core/Src/nand_m79a.c: In function 'NAND_Read_Status_Reg':
In file included from ../Core/Inc/stm32l0xx_hal_conf.h:236,
                 from ../Drivers/STM32L0xx_HAL_Driver/Inc/stm32l0xx_hal.h:30,
                 from ../Core/Inc/main.h:30,
                 from ../Core/Src/main.c:20:
../Drivers/STM32L0xx_HAL_Driver/Inc/stm32l0xx_hal_i2c.h:622:98: note: expected 'uint8_t *' {aka 'unsigned char *'} but argument is of type 'uint16_t *' {aka 'short unsigned int *'}
  622 | HAL_StatusTypeDef HAL_I2C_Master_Transmit(I2C_HandleTypeDef *hi2c, uint16_t DevAddress, uint8_t *pData,
      |                                                                                         ~~~~~~~~~^~~~~
../Core/Src/nand_m79a.c:145:16: warning: array subscript 3 is above array bounds of 'uint8_t[3]' {aka 'unsigned char[3]'} [-Warray-bounds]
  145 |  return data_rx[3];
      |         ~~~~~~~^~~
../Core/Src/nand_m79a.c:138:10: note: while referencing 'data_rx'
  138 |  uint8_t data_rx[3];
      |          ^~~~~~~
../Core/Src/main.c:92:6: warning: 'return' with no value, in function returning non-void [-Wreturn-type]
   92 |      return;
      |      ^~~~~~
../Core/Src/main.c:79:10: note: declared here
   79 | uint16_t hi2c2_read_register(uint8_t address_pointer, uint16_t register_pointer)
      |          ^~~~~~~~~~~~~~~~~~~
../Core/Src/main.c:95:74: warning: passing argument 3 of 'HAL_I2C_Master_Receive' from incompatible pointer type [-Wincompatible-pointer-types]
   95 |     status = HAL_I2C_Master_Receive(&hi2c2, (address_pointer<<1) | 0x01, buf, 2, HAL_MAX_DELAY);
      |                                                                          ^~~
      |                                                                          |
      |                                                                          uint16_t * {aka short unsigned int *}
In file included from ../Core/Inc/stm32l0xx_hal_conf.h:236,
                 from ../Drivers/STM32L0xx_HAL_Driver/Inc/stm32l0xx_hal.h:30,
                 from ../Core/Inc/main.h:30,
                 from ../Core/Src/main.c:20:
../Drivers/STM32L0xx_HAL_Driver/Inc/stm32l0xx_hal_i2c.h:624:97: note: expected 'uint8_t *' {aka 'unsigned char *'} but argument is of type 'uint16_t *' {aka 'short unsigned int *'}
  624 | HAL_StatusTypeDef HAL_I2C_Master_Receive(I2C_HandleTypeDef *hi2c, uint16_t DevAddress, uint8_t *pData,
      |                                                                                        ~~~~~~~~~^~~~~
../Core/Src/main.c: In function 'test_i2c':
../Core/Src/main.c:151:14: warning: unused variable 'reg_ptr' [-Wunused-variable]
  151 |      uint8_t reg_ptr = 0x00;
      |              ^~~~~~~
../Core/Src/main.c: In function 'main':
../Core/Src/main.c:313:17: error: conflicting types for 'result'
  313 |  NANDReturnType result;
      |                 ^~~~~~
../Core/Src/main.c:309:23: note: previous declaration of 'result' was here
  309 |     HAL_StatusTypeDef result;
      |                       ^~~~~~
../Core/Src/main.c:333:4: warning: 'return' with no value, in function returning non-void [-Wreturn-type]
  333 |    return;
      |    ^~~~~~
../Core/Src/main.c:257:5: note: declared here
  257 | int main(void)
      |     ^~~~
../Core/Src/main.c:311:14: warning: unused variable 'reg' [-Wunused-variable]
  311 |     uint16_t reg = 0x300A;
      |              ^~~
../Core/Src/main.c:310:26: warning: unused variable 'addr' [-Wunused-variable]
  310 |     static const uint8_t addr = 0x3C;
      |                          ^~~~
../Core/Src/main.c:308:10: warning: unused variable 'data' [-Wunused-variable]
  308 |  uint8_t data;
      |          ^~~~
../Core/Src/main.c: In function 'hi2c2_read_reg_IT':
../Core/Src/main.c:78:1: warning: control reaches end of non-void function [-Wreturn-type]
   78 | }
      | ^
At top level:
../Core/Src/main.c:310:26: warning: 'addr' defined but not used [-Wunused-const-variable=]
  310 |     static const uint8_t addr = 0x3C;
      |                          ^~~~
make: *** [Core/Src/subdir.mk:46: Core/Src/main.o] Error 1
make: *** Waiting for unfinished jobs....
"make -j16 all" terminated with exit code 2. Build might be incomplete.
14:40:37 **** Incremental Build of configuration Debug for project I2C_SPI_Sensor_Test ****
make -j16 all 
arm-none-eabi-gcc "../Core/Src/main.c" -mcpu=cortex-m0plus -std=gnu11 -g3 -DDEBUG -DUSE_HAL_DRIVER -DSTM32L053xx -c -I../Core/Inc -I../Drivers/STM32L0xx_HAL_Driver/Inc -I../Drivers/STM32L0xx_HAL_Driver/Inc/Legacy -I../Drivers/CMSIS/Device/ST/STM32L0xx/Include -I../Drivers/CMSIS/Include -Os -ffunction-sections -fdata-sections -Wall -fstack-usage -MMD -MP -MF"Core/Src/main.d" -MT"Core/Src/main.o" --specs=nano.specs -mfloat-abi=soft -mthumb -o "Core/Src/main.o"
../Core/Src/main.c: In function 'hi2c2_read_reg_IT':
../Core/Src/main.c:77:53: warning: passing argument 3 of 'HAL_I2C_Master_Transmit_IT' makes pointer from integer without a cast [-Wint-conversion]
   77 |  HAL_I2C_Master_Transmit_IT(&hi2c2, (addr<<1)|0x01, reg_addr, sizeof(reg_addr));
      |                                                     ^~~~~~~~
      |                                                     |
      |                                                     uint16_t {aka short unsigned int}
In file included from ../Core/Inc/stm32l0xx_hal_conf.h:236,
                 from ../Drivers/STM32L0xx_HAL_Driver/Inc/stm32l0xx_hal.h:30,
                 from ../Core/Inc/main.h:30,
                 from ../Core/Src/main.c:20:
../Drivers/STM32L0xx_HAL_Driver/Inc/stm32l0xx_hal_i2c.h:638:101: note: expected 'uint8_t *' {aka 'unsigned char *'} but argument is of type 'uint16_t' {aka 'short unsigned int'}
  638 | HAL_StatusTypeDef HAL_I2C_Master_Transmit_IT(I2C_HandleTypeDef *hi2c, uint16_t DevAddress, uint8_t *pData,
      |                                                                                            ~~~~~~~~~^~~~~
../Core/Src/main.c:76:10: warning: unused variable 'RxBuf' [-Wunused-variable]
   76 |  uint8_t RxBuf[2];
      |          ^~~~~
../Core/Src/main.c: In function 'hi2c2_read_register':
../Core/Src/main.c:84:14: warning: cast to pointer from integer of different size [-Wint-to-pointer-cast]
   84 |     buf[0] = (uint16_t *)register_pointer;
      |              ^
../Core/Src/main.c:84:12: warning: assignment to 'uint16_t' {aka 'short unsigned int'} from 'uint16_t *' {aka 'short unsigned int *'} makes integer from pointer without a cast [-Wint-conversion]
   84 |     buf[0] = (uint16_t *)register_pointer;
      |            ^
../Core/Src/main.c:86:77: warning: passing argument 3 of 'HAL_I2C_Master_Transmit' from incompatible pointer type [-Wincompatible-pointer-types]
   86 |     status = HAL_I2C_Master_Transmit(&hi2c2, ((address_pointer<<1) | 0x01), buf, 1, HAL_MAX_DELAY);
      |                                                                             ^~~
      |                                                                             |
      |                                                                             uint16_t * {aka short unsigned int *}
In file included from ../Core/Inc/stm32l0xx_hal_conf.h:236,
                 from ../Drivers/STM32L0xx_HAL_Driver/Inc/stm32l0xx_hal.h:30,
                 from ../Core/Inc/main.h:30,
                 from ../Core/Src/main.c:20:
../Drivers/STM32L0xx_HAL_Driver/Inc/stm32l0xx_hal_i2c.h:622:98: note: expected 'uint8_t *' {aka 'unsigned char *'} but argument is of type 'uint16_t *' {aka 'short unsigned int *'}
  622 | HAL_StatusTypeDef HAL_I2C_Master_Transmit(I2C_HandleTypeDef *hi2c, uint16_t DevAddress, uint8_t *pData,
      |                                                                                         ~~~~~~~~~^~~~~
../Core/Src/main.c:92:6: warning: 'return' with no value, in function returning non-void [-Wreturn-type]
   92 |      return;
      |      ^~~~~~
../Core/Src/main.c:79:10: note: declared here
   79 | uint16_t hi2c2_read_register(uint8_t address_pointer, uint16_t register_pointer)
      |          ^~~~~~~~~~~~~~~~~~~
../Core/Src/main.c:95:74: warning: passing argument 3 of 'HAL_I2C_Master_Receive' from incompatible pointer type [-Wincompatible-pointer-types]
   95 |     status = HAL_I2C_Master_Receive(&hi2c2, (address_pointer<<1) | 0x01, buf, 2, HAL_MAX_DELAY);
      |                                                                          ^~~
      |                                                                          |
      |                                                                          uint16_t * {aka short unsigned int *}
In file included from ../Core/Inc/stm32l0xx_hal_conf.h:236,
                 from ../Drivers/STM32L0xx_HAL_Driver/Inc/stm32l0xx_hal.h:30,
                 from ../Core/Inc/main.h:30,
                 from ../Core/Src/main.c:20:
../Drivers/STM32L0xx_HAL_Driver/Inc/stm32l0xx_hal_i2c.h:624:97: note: expected 'uint8_t *' {aka 'unsigned char *'} but argument is of type 'uint16_t *' {aka 'short unsigned int *'}
  624 | HAL_StatusTypeDef HAL_I2C_Master_Receive(I2C_HandleTypeDef *hi2c, uint16_t DevAddress, uint8_t *pData,
      |                                                                                        ~~~~~~~~~^~~~~
../Core/Src/main.c: In function 'test_i2c':
../Core/Src/main.c:151:14: warning: unused variable 'reg_ptr' [-Wunused-variable]
  151 |      uint8_t reg_ptr = 0x00;
      |              ^~~~~~~
../Core/Src/main.c: In function 'main':
../Core/Src/main.c:333:4: warning: 'return' with no value, in function returning non-void [-Wreturn-type]
  333 |    return;
      |    ^~~~~~
../Core/Src/main.c:257:5: note: declared here
  257 | int main(void)
      |     ^~~~
../Core/Src/main.c:311:14: warning: unused variable 'reg' [-Wunused-variable]
  311 |     uint16_t reg = 0x300A;
      |              ^~~
../Core/Src/main.c:310:26: warning: unused variable 'addr' [-Wunused-variable]
  310 |     static const uint8_t addr = 0x3C;
      |                          ^~~~
../Core/Src/main.c:308:10: warning: unused variable 'data' [-Wunused-variable]
  308 |  uint8_t data;
      |          ^~~~
../Core/Src/main.c: In function 'hi2c2_read_reg_IT':
../Core/Src/main.c:78:1: warning: control reaches end of non-void function [-Wreturn-type]
   78 | }
      | ^
At top level:
../Core/Src/main.c:310:26: warning: 'addr' defined but not used [-Wunused-const-variable=]
  310 |     static const uint8_t addr = 0x3C;
      |                          ^~~~
arm-none-eabi-gcc -o "I2C_SPI_Sensor_Test.elf" @"objects.list"   -mcpu=cortex-m0plus -T"C:\Users\Liam\Documents\GitHub\STM32_IEB\workspace_1.8.0\I2C_SPI_Sensor_Test\STM32L053C8TX_FLASH.ld" --specs=nosys.specs -Wl,-Map="I2C_SPI_Sensor_Test.map" -Wl,--gc-sections -static --specs=nano.specs -mfloat-abi=soft -mthumb -Wl,--start-group -lc -lm -Wl,--end-group
Finished building target: I2C_SPI_Sensor_Test.elf
 
arm-none-eabi-size   I2C_SPI_Sensor_Test.elf 
arm-none-eabi-objdump -h -S  I2C_SPI_Sensor_Test.elf  > "I2C_SPI_Sensor_Test.list"
arm-none-eabi-objcopy  -O binary  I2C_SPI_Sensor_Test.elf  "I2C_SPI_Sensor_Test.bin"
   text	   data	    bss	    dec	    hex	filename
  21820	     20	   2036	  23876	   5d44	I2C_SPI_Sensor_Test.elf
Finished building: default.size.stdout
 
Finished building: I2C_SPI_Sensor_Test.bin
 
Finished building: I2C_SPI_Sensor_Test.list
 
14:40:38 **** Incremental Build of configuration Debug for project IEB_basic_functionality ****
make -j16 all 
arm-none-eabi-size   IEB_basic_functionality.elf 
   text	   data	    bss	    dec	    hex	filename
  28384	     20	   2116	  30520	   7738	IEB_basic_functionality.elf
Finished building: default.size.stdout
 
14:40:44 **** Incremental Build of configuration Debug for project I2C_SPI_Sensor_Test ****
make -j16 all 
arm-none-eabi-size   I2C_SPI_Sensor_Test.elf 
   text	   data	    bss	    dec	    hex	filename
  21820	     20	   2036	  23876	   5d44	I2C_SPI_Sensor_Test.elf
Finished building: default.size.stdout
 
14:40:44 **** Incremental Build of configuration Debug for project IEB_basic_functionality ****
make -j16 all 
arm-none-eabi-size   IEB_basic_functionality.elf 
   text	   data	    bss	    dec	    hex	filename
  28384	     20	   2116	  30520	   7738	IEB_basic_functionality.elf
Finished building: default.size.stdout
 
14:40:47 **** Incremental Build of configuration Debug for project I2C_SPI_Sensor_Test ****
make -j16 all 
arm-none-eabi-size   I2C_SPI_Sensor_Test.elf 
   text	   data	    bss	    dec	    hex	filename
  21820	     20	   2036	  23876	   5d44	I2C_SPI_Sensor_Test.elf
Finished building: default.size.stdout
 
14:41:25 **** Incremental Build of configuration Debug for project I2C_SPI_Sensor_Test ****
make -j16 all 
arm-none-eabi-size   I2C_SPI_Sensor_Test.elf 
   text	   data	    bss	    dec	    hex	filename
  21820	     20	   2036	  23876	   5d44	I2C_SPI_Sensor_Test.elf
Finished building: default.size.stdout
 
14:43:07 **** Incremental Build of configuration Debug for project I2C_SPI_Sensor_Test ****
make -j16 all 
arm-none-eabi-gcc "../Core/Src/nand_m79a.c" -mcpu=cortex-m0plus -std=gnu11 -g3 -DDEBUG -DUSE_HAL_DRIVER -DSTM32L053xx -c -I../Core/Inc -I../Drivers/STM32L0xx_HAL_Driver/Inc -I../Drivers/STM32L0xx_HAL_Driver/Inc/Legacy -I../Drivers/CMSIS/Device/ST/STM32L0xx/Include -I../Drivers/CMSIS/Include -Os -ffunction-sections -fdata-sections -Wall -fstack-usage -MMD -MP -MF"Core/Src/nand_m79a.d" -MT"Core/Src/nand_m79a.o" --specs=nano.specs -mfloat-abi=soft -mthumb -o "Core/Src/nand_m79a.o"
../Core/Src/nand_m79a.c: In function 'NAND_Read_Status_Reg':
../Core/Src/nand_m79a.c:145:16: warning: array subscript 3 is above array bounds of 'uint8_t[3]' {aka 'unsigned char[3]'} [-Warray-bounds]
  145 |  return data_rx[3];
      |         ~~~~~~~^~~
../Core/Src/nand_m79a.c:138:10: note: while referencing 'data_rx'
  138 |  uint8_t data_rx[3];
      |          ^~~~~~~
arm-none-eabi-gcc -o "I2C_SPI_Sensor_Test.elf" @"objects.list"   -mcpu=cortex-m0plus -T"C:\Users\Liam\Documents\GitHub\STM32_IEB\workspace_1.8.0\I2C_SPI_Sensor_Test\STM32L053C8TX_FLASH.ld" --specs=nosys.specs -Wl,-Map="I2C_SPI_Sensor_Test.map" -Wl,--gc-sections -static --specs=nano.specs -mfloat-abi=soft -mthumb -Wl,--start-group -lc -lm -Wl,--end-group
Finished building target: I2C_SPI_Sensor_Test.elf
 
arm-none-eabi-size   I2C_SPI_Sensor_Test.elf 
arm-none-eabi-objdump -h -S  I2C_SPI_Sensor_Test.elf  > "I2C_SPI_Sensor_Test.list"
arm-none-eabi-objcopy  -O binary  I2C_SPI_Sensor_Test.elf  "I2C_SPI_Sensor_Test.bin"
   text	   data	    bss	    dec	    hex	filename
  21804	     20	   2036	  23860	   5d34	I2C_SPI_Sensor_Test.elf
Finished building: default.size.stdout
 
Finished building: I2C_SPI_Sensor_Test.bin
 
Finished building: I2C_SPI_Sensor_Test.list
 
14:48:45 **** Incremental Build of configuration Debug for project I2C_SPI_Sensor_Test ****
make -j16 all 
arm-none-eabi-gcc "../Drivers/STM32L0xx_HAL_Driver/Src/stm32l0xx_hal.c" -mcpu=cortex-m0plus -std=gnu11 -g3 -DDEBUG -DUSE_HAL_DRIVER -DSTM32L053xx -c -I../Core/Inc -I../Drivers/STM32L0xx_HAL_Driver/Inc -I../Drivers/STM32L0xx_HAL_Driver/Inc/Legacy -I../Drivers/CMSIS/Device/ST/STM32L0xx/Include -I../Drivers/CMSIS/Include -Os -ffunction-sections -fdata-sections -Wall -fstack-usage -MMD -MP -MF"Drivers/STM32L0xx_HAL_Driver/Src/stm32l0xx_hal.d" -MT"Drivers/STM32L0xx_HAL_Driver/Src/stm32l0xx_hal.o" --specs=nano.specs -mfloat-abi=soft -mthumb -o "Drivers/STM32L0xx_HAL_Driver/Src/stm32l0xx_hal.o"
arm-none-eabi-gcc "../Drivers/STM32L0xx_HAL_Driver/Src/stm32l0xx_hal_cortex.c" -mcpu=cortex-m0plus -std=gnu11 -g3 -DDEBUG -DUSE_HAL_DRIVER -DSTM32L053xx -c -I../Core/Inc -I../Drivers/STM32L0xx_HAL_Driver/Inc -I../Drivers/STM32L0xx_HAL_Driver/Inc/Legacy -I../Drivers/CMSIS/Device/ST/STM32L0xx/Include -I../Drivers/CMSIS/Include -Os -ffunction-sections -fdata-sections -Wall -fstack-usage -MMD -MP -MF"Drivers/STM32L0xx_HAL_Driver/Src/stm32l0xx_hal_cortex.d" -MT"Drivers/STM32L0xx_HAL_Driver/Src/stm32l0xx_hal_cortex.o" --specs=nano.specs -mfloat-abi=soft -mthumb -o "Drivers/STM32L0xx_HAL_Driver/Src/stm32l0xx_hal_cortex.o"
arm-none-eabi-gcc "../Drivers/STM32L0xx_HAL_Driver/Src/stm32l0xx_hal_dma.c" -mcpu=cortex-m0plus -std=gnu11 -g3 -DDEBUG -DUSE_HAL_DRIVER -DSTM32L053xx -c -I../Core/Inc -I../Drivers/STM32L0xx_HAL_Driver/Inc -I../Drivers/STM32L0xx_HAL_Driver/Inc/Legacy -I../Drivers/CMSIS/Device/ST/STM32L0xx/Include -I../Drivers/CMSIS/Include -Os -ffunction-sections -fdata-sections -Wall -fstack-usage -MMD -MP -MF"Drivers/STM32L0xx_HAL_Driver/Src/stm32l0xx_hal_dma.d" -MT"Drivers/STM32L0xx_HAL_Driver/Src/stm32l0xx_hal_dma.o" --specs=nano.specs -mfloat-abi=soft -mthumb -o "Drivers/STM32L0xx_HAL_Driver/Src/stm32l0xx_hal_dma.o"
arm-none-eabi-gcc "../Drivers/STM32L0xx_HAL_Driver/Src/stm32l0xx_hal_exti.c" -mcpu=cortex-m0plus -std=gnu11 -g3 -DDEBUG -DUSE_HAL_DRIVER -DSTM32L053xx -c -I../Core/Inc -I../Drivers/STM32L0xx_HAL_Driver/Inc -I../Drivers/STM32L0xx_HAL_Driver/Inc/Legacy -I../Drivers/CMSIS/Device/ST/STM32L0xx/Include -I../Drivers/CMSIS/Include -Os -ffunction-sections -fdata-sections -Wall -fstack-usage -MMD -MP -MF"Drivers/STM32L0xx_HAL_Driver/Src/stm32l0xx_hal_exti.d" -MT"Drivers/STM32L0xx_HAL_Driver/Src/stm32l0xx_hal_exti.o" --specs=nano.specs -mfloat-abi=soft -mthumb -o "Drivers/STM32L0xx_HAL_Driver/Src/stm32l0xx_hal_exti.o"
arm-none-eabi-gcc "../Drivers/STM32L0xx_HAL_Driver/Src/stm32l0xx_hal_flash.c" -mcpu=cortex-m0plus -std=gnu11 -g3 -DDEBUG -DUSE_HAL_DRIVER -DSTM32L053xx -c -I../Core/Inc -I../Drivers/STM32L0xx_HAL_Driver/Inc -I../Drivers/STM32L0xx_HAL_Driver/Inc/Legacy -I../Drivers/CMSIS/Device/ST/STM32L0xx/Include -I../Drivers/CMSIS/Include -Os -ffunction-sections -fdata-sections -Wall -fstack-usage -MMD -MP -MF"Drivers/STM32L0xx_HAL_Driver/Src/stm32l0xx_hal_flash.d" -MT"Drivers/STM32L0xx_HAL_Driver/Src/stm32l0xx_hal_flash.o" --specs=nano.specs -mfloat-abi=soft -mthumb -o "Drivers/STM32L0xx_HAL_Driver/Src/stm32l0xx_hal_flash.o"
arm-none-eabi-gcc "../Drivers/STM32L0xx_HAL_Driver/Src/stm32l0xx_hal_flash_ex.c" -mcpu=cortex-m0plus -std=gnu11 -g3 -DDEBUG -DUSE_HAL_DRIVER -DSTM32L053xx -c -I../Core/Inc -I../Drivers/STM32L0xx_HAL_Driver/Inc -I../Drivers/STM32L0xx_HAL_Driver/Inc/Legacy -I../Drivers/CMSIS/Device/ST/STM32L0xx/Include -I../Drivers/CMSIS/Include -Os -ffunction-sections -fdata-sections -Wall -fstack-usage -MMD -MP -MF"Drivers/STM32L0xx_HAL_Driver/Src/stm32l0xx_hal_flash_ex.d" -MT"Drivers/STM32L0xx_HAL_Driver/Src/stm32l0xx_hal_flash_ex.o" --specs=nano.specs -mfloat-abi=soft -mthumb -o "Drivers/STM32L0xx_HAL_Driver/Src/stm32l0xx_hal_flash_ex.o"
arm-none-eabi-gcc "../Drivers/STM32L0xx_HAL_Driver/Src/stm32l0xx_hal_flash_ramfunc.c" -mcpu=cortex-m0plus -std=gnu11 -g3 -DDEBUG -DUSE_HAL_DRIVER -DSTM32L053xx -c -I../Core/Inc -I../Drivers/STM32L0xx_HAL_Driver/Inc -I../Drivers/STM32L0xx_HAL_Driver/Inc/Legacy -I../Drivers/CMSIS/Device/ST/STM32L0xx/Include -I../Drivers/CMSIS/Include -Os -ffunction-sections -fdata-sections -Wall -fstack-usage -MMD -MP -MF"Drivers/STM32L0xx_HAL_Driver/Src/stm32l0xx_hal_flash_ramfunc.d" -MT"Drivers/STM32L0xx_HAL_Driver/Src/stm32l0xx_hal_flash_ramfunc.o" --specs=nano.specs -mfloat-abi=soft -mthumb -o "Drivers/STM32L0xx_HAL_Driver/Src/stm32l0xx_hal_flash_ramfunc.o"
arm-none-eabi-gcc "../Drivers/STM32L0xx_HAL_Driver/Src/stm32l0xx_hal_gpio.c" -mcpu=cortex-m0plus -std=gnu11 -g3 -DDEBUG -DUSE_HAL_DRIVER -DSTM32L053xx -c -I../Core/Inc -I../Drivers/STM32L0xx_HAL_Driver/Inc -I../Drivers/STM32L0xx_HAL_Driver/Inc/Legacy -I../Drivers/CMSIS/Device/ST/STM32L0xx/Include -I../Drivers/CMSIS/Include -Os -ffunction-sections -fdata-sections -Wall -fstack-usage -MMD -MP -MF"Drivers/STM32L0xx_HAL_Driver/Src/stm32l0xx_hal_gpio.d" -MT"Drivers/STM32L0xx_HAL_Driver/Src/stm32l0xx_hal_gpio.o" --specs=nano.specs -mfloat-abi=soft -mthumb -o "Drivers/STM32L0xx_HAL_Driver/Src/stm32l0xx_hal_gpio.o"
arm-none-eabi-gcc "../Drivers/STM32L0xx_HAL_Driver/Src/stm32l0xx_hal_i2c.c" -mcpu=cortex-m0plus -std=gnu11 -g3 -DDEBUG -DUSE_HAL_DRIVER -DSTM32L053xx -c -I../Core/Inc -I../Drivers/STM32L0xx_HAL_Driver/Inc -I../Drivers/STM32L0xx_HAL_Driver/Inc/Legacy -I../Drivers/CMSIS/Device/ST/STM32L0xx/Include -I../Drivers/CMSIS/Include -Os -ffunction-sections -fdata-sections -Wall -fstack-usage -MMD -MP -MF"Drivers/STM32L0xx_HAL_Driver/Src/stm32l0xx_hal_i2c.d" -MT"Drivers/STM32L0xx_HAL_Driver/Src/stm32l0xx_hal_i2c.o" --specs=nano.specs -mfloat-abi=soft -mthumb -o "Drivers/STM32L0xx_HAL_Driver/Src/stm32l0xx_hal_i2c.o"
arm-none-eabi-gcc "../Drivers/STM32L0xx_HAL_Driver/Src/stm32l0xx_hal_i2c_ex.c" -mcpu=cortex-m0plus -std=gnu11 -g3 -DDEBUG -DUSE_HAL_DRIVER -DSTM32L053xx -c -I../Core/Inc -I../Drivers/STM32L0xx_HAL_Driver/Inc -I../Drivers/STM32L0xx_HAL_Driver/Inc/Legacy -I../Drivers/CMSIS/Device/ST/STM32L0xx/Include -I../Drivers/CMSIS/Include -Os -ffunction-sections -fdata-sections -Wall -fstack-usage -MMD -MP -MF"Drivers/STM32L0xx_HAL_Driver/Src/stm32l0xx_hal_i2c_ex.d" -MT"Drivers/STM32L0xx_HAL_Driver/Src/stm32l0xx_hal_i2c_ex.o" --specs=nano.specs -mfloat-abi=soft -mthumb -o "Drivers/STM32L0xx_HAL_Driver/Src/stm32l0xx_hal_i2c_ex.o"
arm-none-eabi-gcc "../Drivers/STM32L0xx_HAL_Driver/Src/stm32l0xx_hal_pwr.c" -mcpu=cortex-m0plus -std=gnu11 -g3 -DDEBUG -DUSE_HAL_DRIVER -DSTM32L053xx -c -I../Core/Inc -I../Drivers/STM32L0xx_HAL_Driver/Inc -I../Drivers/STM32L0xx_HAL_Driver/Inc/Legacy -I../Drivers/CMSIS/Device/ST/STM32L0xx/Include -I../Drivers/CMSIS/Include -Os -ffunction-sections -fdata-sections -Wall -fstack-usage -MMD -MP -MF"Drivers/STM32L0xx_HAL_Driver/Src/stm32l0xx_hal_pwr.d" -MT"Drivers/STM32L0xx_HAL_Driver/Src/stm32l0xx_hal_pwr.o" --specs=nano.specs -mfloat-abi=soft -mthumb -o "Drivers/STM32L0xx_HAL_Driver/Src/stm32l0xx_hal_pwr.o"
arm-none-eabi-gcc "../Drivers/STM32L0xx_HAL_Driver/Src/stm32l0xx_hal_pwr_ex.c" -mcpu=cortex-m0plus -std=gnu11 -g3 -DDEBUG -DUSE_HAL_DRIVER -DSTM32L053xx -c -I../Core/Inc -I../Drivers/STM32L0xx_HAL_Driver/Inc -I../Drivers/STM32L0xx_HAL_Driver/Inc/Legacy -I../Drivers/CMSIS/Device/ST/STM32L0xx/Include -I../Drivers/CMSIS/Include -Os -ffunction-sections -fdata-sections -Wall -fstack-usage -MMD -MP -MF"Drivers/STM32L0xx_HAL_Driver/Src/stm32l0xx_hal_pwr_ex.d" -MT"Drivers/STM32L0xx_HAL_Driver/Src/stm32l0xx_hal_pwr_ex.o" --specs=nano.specs -mfloat-abi=soft -mthumb -o "Drivers/STM32L0xx_HAL_Driver/Src/stm32l0xx_hal_pwr_ex.o"
arm-none-eabi-gcc "../Drivers/STM32L0xx_HAL_Driver/Src/stm32l0xx_hal_rcc.c" -mcpu=cortex-m0plus -std=gnu11 -g3 -DDEBUG -DUSE_HAL_DRIVER -DSTM32L053xx -c -I../Core/Inc -I../Drivers/STM32L0xx_HAL_Driver/Inc -I../Drivers/STM32L0xx_HAL_Driver/Inc/Legacy -I../Drivers/CMSIS/Device/ST/STM32L0xx/Include -I../Drivers/CMSIS/Include -Os -ffunction-sections -fdata-sections -Wall -fstack-usage -MMD -MP -MF"Drivers/STM32L0xx_HAL_Driver/Src/stm32l0xx_hal_rcc.d" -MT"Drivers/STM32L0xx_HAL_Driver/Src/stm32l0xx_hal_rcc.o" --specs=nano.specs -mfloat-abi=soft -mthumb -o "Drivers/STM32L0xx_HAL_Driver/Src/stm32l0xx_hal_rcc.o"
arm-none-eabi-gcc "../Drivers/STM32L0xx_HAL_Driver/Src/stm32l0xx_hal_rcc_ex.c" -mcpu=cortex-m0plus -std=gnu11 -g3 -DDEBUG -DUSE_HAL_DRIVER -DSTM32L053xx -c -I../Core/Inc -I../Drivers/STM32L0xx_HAL_Driver/Inc -I../Drivers/STM32L0xx_HAL_Driver/Inc/Legacy -I../Drivers/CMSIS/Device/ST/STM32L0xx/Include -I../Drivers/CMSIS/Include -Os -ffunction-sections -fdata-sections -Wall -fstack-usage -MMD -MP -MF"Drivers/STM32L0xx_HAL_Driver/Src/stm32l0xx_hal_rcc_ex.d" -MT"Drivers/STM32L0xx_HAL_Driver/Src/stm32l0xx_hal_rcc_ex.o" --specs=nano.specs -mfloat-abi=soft -mthumb -o "Drivers/STM32L0xx_HAL_Driver/Src/stm32l0xx_hal_rcc_ex.o"
arm-none-eabi-gcc "../Drivers/STM32L0xx_HAL_Driver/Src/stm32l0xx_hal_spi.c" -mcpu=cortex-m0plus -std=gnu11 -g3 -DDEBUG -DUSE_HAL_DRIVER -DSTM32L053xx -c -I../Core/Inc -I../Drivers/STM32L0xx_HAL_Driver/Inc -I../Drivers/STM32L0xx_HAL_Driver/Inc/Legacy -I../Drivers/CMSIS/Device/ST/STM32L0xx/Include -I../Drivers/CMSIS/Include -Os -ffunction-sections -fdata-sections -Wall -fstack-usage -MMD -MP -MF"Drivers/STM32L0xx_HAL_Driver/Src/stm32l0xx_hal_spi.d" -MT"Drivers/STM32L0xx_HAL_Driver/Src/stm32l0xx_hal_spi.o" --specs=nano.specs -mfloat-abi=soft -mthumb -o "Drivers/STM32L0xx_HAL_Driver/Src/stm32l0xx_hal_spi.o"
arm-none-eabi-gcc "../Drivers/STM32L0xx_HAL_Driver/Src/stm32l0xx_hal_tim.c" -mcpu=cortex-m0plus -std=gnu11 -g3 -DDEBUG -DUSE_HAL_DRIVER -DSTM32L053xx -c -I../Core/Inc -I../Drivers/STM32L0xx_HAL_Driver/Inc -I../Drivers/STM32L0xx_HAL_Driver/Inc/Legacy -I../Drivers/CMSIS/Device/ST/STM32L0xx/Include -I../Drivers/CMSIS/Include -Os -ffunction-sections -fdata-sections -Wall -fstack-usage -MMD -MP -MF"Drivers/STM32L0xx_HAL_Driver/Src/stm32l0xx_hal_tim.d" -MT"Drivers/STM32L0xx_HAL_Driver/Src/stm32l0xx_hal_tim.o" --specs=nano.specs -mfloat-abi=soft -mthumb -o "Drivers/STM32L0xx_HAL_Driver/Src/stm32l0xx_hal_tim.o"
[...]
../Core/Src/nand_m79a.c:145:16: warning: array subscript 3 is above array bounds of 'uint8_t[3]' {aka 'unsigned char[3]'} [-Warray-bounds]
  145 |  return data_rx[3];
      |         ~~~~~~~^~~
../Core/Src/nand_m79a.c:138:10: note: while referencing 'data_rx'
  138 |  uint8_t data_rx[3];
      |          ^~~~~~~
../Core/Src/main.c: In function 'hi2c2_read_reg_IT':
../Core/Src/main.c:77:53: warning: passing argument 3 of 'HAL_I2C_Master_Transmit_IT' makes pointer from integer without a cast [-Wint-conversion]
   77 |  HAL_I2C_Master_Transmit_IT(&hi2c2, (addr<<1)|0x01, reg_addr, sizeof(reg_addr));
      |                                                     ^~~~~~~~
      |                                                     |
      |                                                     uint16_t {aka short unsigned int}
In file included from ../Core/Inc/stm32l0xx_hal_conf.h:236,
                 from ../Drivers/STM32L0xx_HAL_Driver/Inc/stm32l0xx_hal.h:30,
                 from ../Core/Inc/main.h:30,
                 from ../Core/Src/main.c:20:
../Drivers/STM32L0xx_HAL_Driver/Inc/stm32l0xx_hal_i2c.h:638:101: note: expected 'uint8_t *' {aka 'unsigned char *'} but argument is of type 'uint16_t' {aka 'short unsigned int'}
  638 | HAL_StatusTypeDef HAL_I2C_Master_Transmit_IT(I2C_HandleTypeDef *hi2c, uint16_t DevAddress, uint8_t *pData,
      |                                                                                            ~~~~~~~~~^~~~~
../Core/Src/main.c:76:10: warning: unused variable 'RxBuf' [-Wunused-variable]
   76 |  uint8_t RxBuf[2];
      |          ^~~~~
../Core/Src/main.c: In function 'hi2c2_read_register':
../Core/Src/main.c:84:14: warning: cast to pointer from integer of different size [-Wint-to-pointer-cast]
   84 |     buf[0] = (uint16_t *)register_pointer;
      |              ^
../Core/Src/main.c:84:12: warning: assignment to 'uint16_t' {aka 'short unsigned int'} from 'uint16_t *' {aka 'short unsigned int *'} makes integer from pointer without a cast [-Wint-conversion]
   84 |     buf[0] = (uint16_t *)register_pointer;
      |            ^
../Core/Src/main.c:86:77: warning: passing argument 3 of 'HAL_I2C_Master_Transmit' from incompatible pointer type [-Wincompatible-pointer-types]
   86 |     status = HAL_I2C_Master_Transmit(&hi2c2, ((address_pointer<<1) | 0x01), buf, 1, HAL_MAX_DELAY);
      |                                                                             ^~~
      |                                                                             |
      |                                                                             uint16_t * {aka short unsigned int *}
In file included from ../Core/Inc/stm32l0xx_hal_conf.h:236,
                 from ../Drivers/STM32L0xx_HAL_Driver/Inc/stm32l0xx_hal.h:30,
                 from ../Core/Inc/main.h:30,
                 from ../Core/Src/main.c:20:
../Drivers/STM32L0xx_HAL_Driver/Inc/stm32l0xx_hal_i2c.h:622:98: note: expected 'uint8_t *' {aka 'unsigned char *'} but argument is of type 'uint16_t *' {aka 'short unsigned int *'}
  622 | HAL_StatusTypeDef HAL_I2C_Master_Transmit(I2C_HandleTypeDef *hi2c, uint16_t DevAddress, uint8_t *pData,
      |                                                                                         ~~~~~~~~~^~~~~
../Core/Src/main.c:92:6: warning: 'return' with no value, in function returning non-void [-Wreturn-type]
   92 |      return;
      |      ^~~~~~
../Core/Src/main.c:79:10: note: declared here
   79 | uint16_t hi2c2_read_register(uint8_t address_pointer, uint16_t register_pointer)
      |          ^~~~~~~~~~~~~~~~~~~
../Core/Src/main.c:95:74: warning: passing argument 3 of 'HAL_I2C_Master_Receive' from incompatible pointer type [-Wincompatible-pointer-types]
   95 |     status = HAL_I2C_Master_Receive(&hi2c2, (address_pointer<<1) | 0x01, buf, 2, HAL_MAX_DELAY);
      |                                                                          ^~~
      |                                                                          |
      |                                                                          uint16_t * {aka short unsigned int *}
In file included from ../Core/Inc/stm32l0xx_hal_conf.h:236,
                 from ../Drivers/STM32L0xx_HAL_Driver/Inc/stm32l0xx_hal.h:30,
                 from ../Core/Inc/main.h:30,
                 from ../Core/Src/main.c:20:
../Drivers/STM32L0xx_HAL_Driver/Inc/stm32l0xx_hal_i2c.h:624:97: note: expected 'uint8_t *' {aka 'unsigned char *'} but argument is of type 'uint16_t *' {aka 'short unsigned int *'}
  624 | HAL_StatusTypeDef HAL_I2C_Master_Receive(I2C_HandleTypeDef *hi2c, uint16_t DevAddress, uint8_t *pData,
      |                                                                                        ~~~~~~~~~^~~~~
../Core/Src/main.c: In function 'test_i2c':
../Core/Src/main.c:151:14: warning: unused variable 'reg_ptr' [-Wunused-variable]
  151 |      uint8_t reg_ptr = 0x00;
      |              ^~~~~~~
../Core/Src/main.c: In function 'main':
../Core/Src/main.c:313:17: warning: unused variable 'result' [-Wunused-variable]
  313 |  NANDReturnType result;
      |                 ^~~~~~
../Core/Src/main.c:311:14: warning: unused variable 'reg' [-Wunused-variable]
  311 |     uint16_t reg = 0x300A;
      |              ^~~
../Core/Src/main.c:310:26: warning: unused variable 'addr' [-Wunused-variable]
  310 |     static const uint8_t addr = 0x3C;
      |                          ^~~~
../Core/Src/main.c:308:10: warning: unused variable 'data' [-Wunused-variable]
  308 |  uint8_t data;
      |          ^~~~
../Core/Src/main.c: In function 'hi2c2_read_reg_IT':
../Core/Src/main.c:78:1: warning: control reaches end of non-void function [-Wreturn-type]
   78 | }
      | ^
At top level:
../Core/Src/main.c:310:26: warning: 'addr' defined but not used [-Wunused-const-variable=]
  310 |     static const uint8_t addr = 0x3C;
      |                          ^~~~
arm-none-eabi-gcc -o "I2C_SPI_Sensor_Test.elf" @"objects.list"   -mcpu=cortex-m0plus -T"C:\Users\Liam\Documents\GitHub\STM32_IEB\workspace_1.8.0\I2C_SPI_Sensor_Test\STM32L053C8TX_FLASH.ld" --specs=nosys.specs -Wl,-Map="I2C_SPI_Sensor_Test.map" -Wl,--gc-sections -static --specs=nano.specs -mfloat-abi=soft -mthumb -Wl,--start-group -lc -lm -Wl,--end-group
Finished building target: I2C_SPI_Sensor_Test.elf
 
arm-none-eabi-size   I2C_SPI_Sensor_Test.elf 
arm-none-eabi-objdump -h -S  I2C_SPI_Sensor_Test.elf  > "I2C_SPI_Sensor_Test.list"
arm-none-eabi-objcopy  -O binary  I2C_SPI_Sensor_Test.elf  "I2C_SPI_Sensor_Test.bin"
   text	   data	    bss	    dec	    hex	filename
  22168	     20	   2036	  24224	   5ea0	I2C_SPI_Sensor_Test.elf
Finished building: default.size.stdout
 
Finished building: I2C_SPI_Sensor_Test.bin
 
Finished building: I2C_SPI_Sensor_Test.list
 
14:49:48 **** Incremental Build of configuration Debug for project I2C_SPI_Sensor_Test ****
make -j16 all 
arm-none-eabi-gcc "../Core/Src/main.c" -mcpu=cortex-m0plus -std=gnu11 -g3 -DDEBUG -DUSE_HAL_DRIVER -DSTM32L053xx -c -I../Core/Inc -I../Drivers/STM32L0xx_HAL_Driver/Inc -I../Drivers/STM32L0xx_HAL_Driver/Inc/Legacy -I../Drivers/CMSIS/Device/ST/STM32L0xx/Include -I../Drivers/CMSIS/Include -Os -ffunction-sections -fdata-sections -Wall -fstack-usage -MMD -MP -MF"Core/Src/main.d" -MT"Core/Src/main.o" --specs=nano.specs -mfloat-abi=soft -mthumb -o "Core/Src/main.o"
../Core/Src/main.c: In function 'hi2c2_read_reg_IT':
../Core/Src/main.c:77:53: warning: passing argument 3 of 'HAL_I2C_Master_Transmit_IT' makes pointer from integer without a cast [-Wint-conversion]
   77 |  HAL_I2C_Master_Transmit_IT(&hi2c2, (addr<<1)|0x01, reg_addr, sizeof(reg_addr));
      |                                                     ^~~~~~~~
      |                                                     |
      |                                                     uint16_t {aka short unsigned int}
In file included from ../Core/Inc/stm32l0xx_hal_conf.h:236,
                 from ../Drivers/STM32L0xx_HAL_Driver/Inc/stm32l0xx_hal.h:30,
                 from ../Core/Inc/main.h:30,
                 from ../Core/Src/main.c:20:
../Drivers/STM32L0xx_HAL_Driver/Inc/stm32l0xx_hal_i2c.h:638:101: note: expected 'uint8_t *' {aka 'unsigned char *'} but argument is of type 'uint16_t' {aka 'short unsigned int'}
  638 | HAL_StatusTypeDef HAL_I2C_Master_Transmit_IT(I2C_HandleTypeDef *hi2c, uint16_t DevAddress, uint8_t *pData,
      |                                                                                            ~~~~~~~~~^~~~~
../Core/Src/main.c:76:10: warning: unused variable 'RxBuf' [-Wunused-variable]
   76 |  uint8_t RxBuf[2];
      |          ^~~~~
../Core/Src/main.c: In function 'hi2c2_read_register':
../Core/Src/main.c:84:14: warning: cast to pointer from integer of different size [-Wint-to-pointer-cast]
   84 |     buf[0] = (uint16_t *)register_pointer;
      |              ^
../Core/Src/main.c:84:12: warning: assignment to 'uint16_t' {aka 'short unsigned int'} from 'uint16_t *' {aka 'short unsigned int *'} makes integer from pointer without a cast [-Wint-conversion]
   84 |     buf[0] = (uint16_t *)register_pointer;
      |            ^
../Core/Src/main.c:86:77: warning: passing argument 3 of 'HAL_I2C_Master_Transmit' from incompatible pointer type [-Wincompatible-pointer-types]
   86 |     status = HAL_I2C_Master_Transmit(&hi2c2, ((address_pointer<<1) | 0x01), buf, 1, HAL_MAX_DELAY);
      |                                                                             ^~~
      |                                                                             |
      |                                                                             uint16_t * {aka short unsigned int *}
In file included from ../Core/Inc/stm32l0xx_hal_conf.h:236,
                 from ../Drivers/STM32L0xx_HAL_Driver/Inc/stm32l0xx_hal.h:30,
                 from ../Core/Inc/main.h:30,
                 from ../Core/Src/main.c:20:
../Drivers/STM32L0xx_HAL_Driver/Inc/stm32l0xx_hal_i2c.h:622:98: note: expected 'uint8_t *' {aka 'unsigned char *'} but argument is of type 'uint16_t *' {aka 'short unsigned int *'}
  622 | HAL_StatusTypeDef HAL_I2C_Master_Transmit(I2C_HandleTypeDef *hi2c, uint16_t DevAddress, uint8_t *pData,
      |                                                                                         ~~~~~~~~~^~~~~
../Core/Src/main.c:92:6: warning: 'return' with no value, in function returning non-void [-Wreturn-type]
   92 |      return;
      |      ^~~~~~
../Core/Src/main.c:79:10: note: declared here
   79 | uint16_t hi2c2_read_register(uint8_t address_pointer, uint16_t register_pointer)
      |          ^~~~~~~~~~~~~~~~~~~
../Core/Src/main.c:95:74: warning: passing argument 3 of 'HAL_I2C_Master_Receive' from incompatible pointer type [-Wincompatible-pointer-types]
   95 |     status = HAL_I2C_Master_Receive(&hi2c2, (address_pointer<<1) | 0x01, buf, 2, HAL_MAX_DELAY);
      |                                                                          ^~~
      |                                                                          |
      |                                                                          uint16_t * {aka short unsigned int *}
In file included from ../Core/Inc/stm32l0xx_hal_conf.h:236,
                 from ../Drivers/STM32L0xx_HAL_Driver/Inc/stm32l0xx_hal.h:30,
                 from ../Core/Inc/main.h:30,
                 from ../Core/Src/main.c:20:
../Drivers/STM32L0xx_HAL_Driver/Inc/stm32l0xx_hal_i2c.h:624:97: note: expected 'uint8_t *' {aka 'unsigned char *'} but argument is of type 'uint16_t *' {aka 'short unsigned int *'}
  624 | HAL_StatusTypeDef HAL_I2C_Master_Receive(I2C_HandleTypeDef *hi2c, uint16_t DevAddress, uint8_t *pData,
      |                                                                                        ~~~~~~~~~^~~~~
../Core/Src/main.c: In function 'test_i2c':
../Core/Src/main.c:151:14: warning: unused variable 'reg_ptr' [-Wunused-variable]
  151 |      uint8_t reg_ptr = 0x00;
      |              ^~~~~~~
../Core/Src/main.c: In function 'main':
../Core/Src/main.c:336:4: warning: 'return' with no value, in function returning non-void [-Wreturn-type]
  336 |    return;
      |    ^~~~~~
../Core/Src/main.c:257:5: note: declared here
  257 | int main(void)
      |     ^~~~
../Core/Src/main.c:314:7: warning: unused variable 'helloworld' [-Wunused-variable]
  314 |  char helloworld[] = "Hello World";
      |       ^~~~~~~~~~
../Core/Src/main.c:311:14: warning: unused variable 'reg' [-Wunused-variable]
  311 |     uint16_t reg = 0x300A;
      |              ^~~
../Core/Src/main.c:310:26: warning: unused variable 'addr' [-Wunused-variable]
  310 |     static const uint8_t addr = 0x3C;
      |                          ^~~~
../Core/Src/main.c:308:10: warning: unused variable 'data' [-Wunused-variable]
  308 |  uint8_t data;
      |          ^~~~
../Core/Src/main.c: In function 'hi2c2_read_reg_IT':
../Core/Src/main.c:78:1: warning: control reaches end of non-void function [-Wreturn-type]
   78 | }
      | ^
At top level:
../Core/Src/main.c:310:26: warning: 'addr' defined but not used [-Wunused-const-variable=]
  310 |     static const uint8_t addr = 0x3C;
      |                          ^~~~
arm-none-eabi-gcc -o "I2C_SPI_Sensor_Test.elf" @"objects.list"   -mcpu=cortex-m0plus -T"C:\Users\Liam\Documents\GitHub\STM32_IEB\workspace_1.8.0\I2C_SPI_Sensor_Test\STM32L053C8TX_FLASH.ld" --specs=nosys.specs -Wl,-Map="I2C_SPI_Sensor_Test.map" -Wl,--gc-sections -static --specs=nano.specs -mfloat-abi=soft -mthumb -Wl,--start-group -lc -lm -Wl,--end-group
Finished building target: I2C_SPI_Sensor_Test.elf
 
arm-none-eabi-size   I2C_SPI_Sensor_Test.elf 
arm-none-eabi-objdump -h -S  I2C_SPI_Sensor_Test.elf  > "I2C_SPI_Sensor_Test.list"
arm-none-eabi-objcopy  -O binary  I2C_SPI_Sensor_Test.elf  "I2C_SPI_Sensor_Test.bin"
   text	   data	    bss	    dec	    hex	filename
  21800	     20	   2036	  23856	   5d30	I2C_SPI_Sensor_Test.elf
Finished building: default.size.stdout
 
Finished building: I2C_SPI_Sensor_Test.bin
 
Finished building: I2C_SPI_Sensor_Test.list
 
14:50:47 **** Incremental Build of configuration Debug for project I2C_SPI_Sensor_Test ****
make -j16 all 
arm-none-eabi-size   I2C_SPI_Sensor_Test.elf 
   text	   data	    bss	    dec	    hex	filename
  21800	     20	   2036	  23856	   5d30	I2C_SPI_Sensor_Test.elf
Finished building: default.size.stdout
 
14:52:34 **** Incremental Build of configuration Debug for project I2C_SPI_Sensor_Test ****
make -j16 all 
arm-none-eabi-size   I2C_SPI_Sensor_Test.elf 
   text	   data	    bss	    dec	    hex	filename
  21800	     20	   2036	  23856	   5d30	I2C_SPI_Sensor_Test.elf
Finished building: default.size.stdout
 
14:53:23 **** Incremental Build of configuration Debug for project I2C_SPI_Sensor_Test ****
make -j16 all 
arm-none-eabi-gcc "../Core/Src/nand_m79a.c" -mcpu=cortex-m0plus -std=gnu11 -g3 -DDEBUG -DUSE_HAL_DRIVER -DSTM32L053xx -c -I../Core/Inc -I../Drivers/STM32L0xx_HAL_Driver/Inc -I../Drivers/STM32L0xx_HAL_Driver/Inc/Legacy -I../Drivers/CMSIS/Device/ST/STM32L0xx/Include -I../Drivers/CMSIS/Include -Os -ffunction-sections -fdata-sections -Wall -fstack-usage -MMD -MP -MF"Core/Src/nand_m79a.d" -MT"Core/Src/nand_m79a.o" --specs=nano.specs -mfloat-abi=soft -mthumb -o "Core/Src/nand_m79a.o"
../Core/Src/nand_m79a.c: In function '__wait_until_ready':
../Core/Src/nand_m79a.c:184:10: warning: unused variable 'data_rx' [-Wunused-variable]
  184 |  uint8_t data_rx;
      |          ^~~~~~~
../Core/Src/nand_m79a.c: At top level:
../Core/Src/nand_m79a.c:191:2: error: expected identifier or '(' before '}' token
  191 |  }
      |  ^
../Core/Src/nand_m79a.c:192:2: error: expected identifier or '(' before 'return'
  192 |  return Ret_Success;
      |  ^~~~~~
../Core/Src/nand_m79a.c:193:1: error: expected identifier or '(' before '}' token
  193 | }
      | ^
../Core/Src/nand_m79a.c: In function '__wait_until_ready':
../Core/Src/nand_m79a.c:190:3: warning: control reaches end of non-void function [-Wreturn-type]
  190 |   }
      |   ^
make: *** [Core/Src/subdir.mk:46: Core/Src/nand_m79a.o] Error 1
"make -j16 all" terminated with exit code 2. Build might be incomplete.
14:53:28 **** Incremental Build of configuration Debug for project I2C_SPI_Sensor_Test ****
make -j16 all 
arm-none-eabi-gcc "../Core/Src/nand_m79a.c" -mcpu=cortex-m0plus -std=gnu11 -g3 -DDEBUG -DUSE_HAL_DRIVER -DSTM32L053xx -c -I../Core/Inc -I../Drivers/STM32L0xx_HAL_Driver/Inc -I../Drivers/STM32L0xx_HAL_Driver/Inc/Legacy -I../Drivers/CMSIS/Device/ST/STM32L0xx/Include -I../Drivers/CMSIS/Include -Os -ffunction-sections -fdata-sections -Wall -fstack-usage -MMD -MP -MF"Core/Src/nand_m79a.d" -MT"Core/Src/nand_m79a.o" --specs=nano.specs -mfloat-abi=soft -mthumb -o "Core/Src/nand_m79a.o"
../Core/Src/nand_m79a.c: In function '__wait_until_ready':
../Core/Src/nand_m79a.c:184:10: warning: unused variable 'data_rx' [-Wunused-variable]
  184 |  uint8_t data_rx;
      |          ^~~~~~~
../Core/Src/nand_m79a.c: In function 'NAND_Read_Status_Reg':
../Core/Src/nand_m79a.c:145:16: warning: array subscript 3 is above array bounds of 'uint8_t[3]' {aka 'unsigned char[3]'} [-Warray-bounds]
  145 |  return data_rx[3];
      |         ~~~~~~~^~~
../Core/Src/nand_m79a.c:138:10: note: while referencing 'data_rx'
  138 |  uint8_t data_rx[3];
      |          ^~~~~~~
arm-none-eabi-gcc -o "I2C_SPI_Sensor_Test.elf" @"objects.list"   -mcpu=cortex-m0plus -T"C:\Users\Liam\Documents\GitHub\STM32_IEB\workspace_1.8.0\I2C_SPI_Sensor_Test\STM32L053C8TX_FLASH.ld" --specs=nosys.specs -Wl,-Map="I2C_SPI_Sensor_Test.map" -Wl,--gc-sections -static --specs=nano.specs -mfloat-abi=soft -mthumb -Wl,--start-group -lc -lm -Wl,--end-group
Finished building target: I2C_SPI_Sensor_Test.elf
 
arm-none-eabi-size   I2C_SPI_Sensor_Test.elf 
arm-none-eabi-objdump -h -S  I2C_SPI_Sensor_Test.elf  > "I2C_SPI_Sensor_Test.list"
arm-none-eabi-objcopy  -O binary  I2C_SPI_Sensor_Test.elf  "I2C_SPI_Sensor_Test.bin"
   text	   data	    bss	    dec	    hex	filename
  21268	     20	   2036	  23324	   5b1c	I2C_SPI_Sensor_Test.elf
Finished building: default.size.stdout
 
Finished building: I2C_SPI_Sensor_Test.bin
 
Finished building: I2C_SPI_Sensor_Test.list
 
14:53:47 **** Incremental Build of configuration Debug for project I2C_SPI_Sensor_Test ****
make -j16 all 
arm-none-eabi-size   I2C_SPI_Sensor_Test.elf 
   text	   data	    bss	    dec	    hex	filename
  21268	     20	   2036	  23324	   5b1c	I2C_SPI_Sensor_Test.elf
Finished building: default.size.stdout
 
09:22:08 **** Incremental Build of configuration Debug for project IEB_basic_functionality ****
make -j16 all 
arm-none-eabi-gcc "../Core/Src/main.c" -mcpu=cortex-m0plus -std=gnu11 -g3 -DDEBUG -DUSE_HAL_DRIVER -DSTM32L071xx -c -I../Core/Inc -I../Drivers/STM32L0xx_HAL_Driver/Inc -I../Drivers/STM32L0xx_HAL_Driver/Inc/Legacy -I../Drivers/CMSIS/Device/ST/STM32L0xx/Include -I../Drivers/CMSIS/Include -O0 -ffunction-sections -fdata-sections -Wall -fstack-usage -MMD -MP -MF"Core/Src/main.d" -MT"Core/Src/main.o" --specs=nano.specs -mfloat-abi=soft -mthumb -o "Core/Src/main.o"
arm-none-eabi-gcc -o "IEB_basic_functionality.elf" @"objects.list"   -mcpu=cortex-m0plus -T"C:\Users\Liam\Documents\GitHub\STM32_IEB\workspace_1.8.0\IEB_basic_functionality\STM32L071C8TX_FLASH.ld" --specs=nosys.specs -Wl,-Map="IEB_basic_functionality.map" -Wl,--gc-sections -static --specs=nano.specs -mfloat-abi=soft -mthumb -Wl,--start-group -lc -lm -Wl,--end-group
Finished building target: IEB_basic_functionality.elf
 
arm-none-eabi-size   IEB_basic_functionality.elf 
arm-none-eabi-objdump -h -S  IEB_basic_functionality.elf  > "IEB_basic_functionality.list"
arm-none-eabi-objcopy  -O binary  IEB_basic_functionality.elf  "IEB_basic_functionality.bin"
   text	   data	    bss	    dec	    hex	filename
  13212	     20	   2108	  15340	   3bec	IEB_basic_functionality.elf
Finished building: default.size.stdout
 
Finished building: IEB_basic_functionality.bin
 
Finished building: IEB_basic_functionality.list
 
