12:14:57 **** Incremental Build of configuration Debug for project I2C_SPI_Sensor_Test ****
make -j8 all 
arm-none-eabi-gcc "../Core/Src/main.c" -mcpu=cortex-m0plus -std=gnu11 -g3 -DDEBUG -DUSE_HAL_DRIVER -DSTM32L053xx -c -I../Core/Inc -I../Drivers/STM32L0xx_HAL_Driver/Inc -I../Drivers/STM32L0xx_HAL_Driver/Inc/Legacy -I../Drivers/CMSIS/Device/ST/STM32L0xx/Include -I../Drivers/CMSIS/Include -O0 -ffunction-sections -fdata-sections -Wall -fstack-usage -MMD -MP -MF"Core/Src/main.d" -MT"Core/Src/main.o" --specs=nano.specs -mfloat-abi=soft -mthumb -o "Core/Src/main.o"
../Core/Src/main.c: In function 'hi2c1_read_register':
../Core/Src/main.c:78:106: warning: passing argument 5 of 'HAL_I2C_Mem_Read' from incompatible pointer type [-Wincompatible-pointer-types]
   78 |     status = HAL_I2C_Mem_Read(&hi2c1, address_pointer, (uint16_t)register_pointer, I2C_MEMADD_SIZE_8BIT, &return_value, 2, 100);
      |                                                                                                          ^~~~~~~~~~~~~
      |                                                                                                          |
      |                                                                                                          uint16_t * {aka short unsigned int *}
In file included from ../Core/Inc/stm32l0xx_hal_conf.h:236,
                 from ../Drivers/STM32L0xx_HAL_Driver/Inc/stm32l0xx_hal.h:30,
                 from ../Core/Inc/main.h:30,
                 from ../Core/Src/main.c:20:
../Drivers/STM32L0xx_HAL_Driver/Inc/stm32l0xx_hal_i2c.h:633:66: note: expected 'uint8_t *' {aka 'unsigned char *'} but argument is of type 'uint16_t *' {aka 'short unsigned int *'}
  633 |                                    uint16_t MemAddSize, uint8_t *pData, uint16_t Size, uint32_t Timeout);
      |                                                         ~~~~~~~~~^~~~~
../Core/Src/main.c: In function 'test_i2c':
../Core/Src/main.c:116:14: warning: unused variable 'reg_ptr' [-Wunused-variable]
  116 |      uint8_t reg_ptr = 0x00;
      |              ^~~~~~~
../Core/Src/main.c: In function 'main':
../Core/Src/main.c:186:38: warning: passing argument 2 of 'HAL_SPI_Transmit' makes pointer from integer without a cast [-Wint-conversion]
  186 |    status = HAL_SPI_Transmit(&hspi2, 0x55, sizeof(0x55), 0xFFFF);
      |                                      ^~~~
      |                                      |
      |                                      int
In file included from ../Core/Inc/stm32l0xx_hal_conf.h:269,
                 from ../Drivers/STM32L0xx_HAL_Driver/Inc/stm32l0xx_hal.h:30,
                 from ../Core/Inc/main.h:30,
                 from ../Core/Src/main.c:20:
../Drivers/STM32L0xx_HAL_Driver/Inc/stm32l0xx_hal_spi.h:676:70: note: expected 'uint8_t *' {aka 'unsigned char *'} but argument is of type 'int'
  676 | HAL_StatusTypeDef HAL_SPI_Transmit(SPI_HandleTypeDef *hspi, uint8_t *pData, uint16_t Size, uint32_t Timeout);
      |                                                             ~~~~~~~~~^~~~~
../Core/Src/main.c:194:28: warning: passing argument 2 of 'HAL_SPI_Receive' makes pointer from integer without a cast [-Wint-conversion]
  194 |    HAL_SPI_Receive(&hspi2, temp, sizeof(0x55), 0xFFFF);
      |                            ^~~~
      |                            |
      |                            uint8_t {aka unsigned char}
In file included from ../Core/Inc/stm32l0xx_hal_conf.h:269,
                 from ../Drivers/STM32L0xx_HAL_Driver/Inc/stm32l0xx_hal.h:30,
                 from ../Core/Inc/main.h:30,
                 from ../Core/Src/main.c:20:
../Drivers/STM32L0xx_HAL_Driver/Inc/stm32l0xx_hal_spi.h:677:69: note: expected 'uint8_t *' {aka 'unsigned char *'} but argument is of type 'uint8_t' {aka 'unsigned char'}
  677 | HAL_StatusTypeDef HAL_SPI_Receive(SPI_HandleTypeDef *hspi, uint8_t *pData, uint16_t Size, uint32_t Timeout);
      |                                                            ~~~~~~~~~^~~~~
../Core/Src/main.c:196:11: warning: multi-character character constant [-Wmultichar]
  196 |    printf('%d', temp);
      |           ^~~~
../Core/Src/main.c:196:11: warning: passing argument 1 of 'printf_' makes pointer from integer without a cast [-Wint-conversion]
In file included from ../Core/Src/main.c:26:
../Core/Inc/printf.h:55:25: note: expected 'const char *' but argument is of type 'int'
   55 | int printf_(const char *format, ...);
      |             ~~~~~~~~~~~~^~~~~~
../Core/Src/main.c:194:4: warning: 'temp' is used uninitialized in this function [-Wuninitialized]
  194 |    HAL_SPI_Receive(&hspi2, temp, sizeof(0x55), 0xFFFF);
      |    ^~~~~~~~~~~~~~~~~~~~~~~~~~~~~~~~~~~~~~~~~~~~~~~~~~~
arm-none-eabi-gcc -o "I2C_SPI_Sensor_Test.elf" @"objects.list"   -mcpu=cortex-m0plus -T"C:\Users\Liam Droog\STM32CubeIDE\workspace_1.8.0\I2C_SPI_Sensor_Test\STM32L053C8TX_FLASH.ld" --specs=nosys.specs -Wl,-Map="I2C_SPI_Sensor_Test.map" -Wl,--gc-sections -static --specs=nano.specs -mfloat-abi=soft -mthumb -Wl,--start-group -lc -lm -Wl,--end-group
Finished building target: I2C_SPI_Sensor_Test.elf
 
arm-none-eabi-size   I2C_SPI_Sensor_Test.elf 
arm-none-eabi-objdump -h -S  I2C_SPI_Sensor_Test.elf  > "I2C_SPI_Sensor_Test.list"
arm-none-eabi-objcopy  -O binary  I2C_SPI_Sensor_Test.elf  "I2C_SPI_Sensor_Test.bin"
   text	   data	    bss	    dec	    hex	filename
  30932	     20	   2012	  32964	   80c4	I2C_SPI_Sensor_Test.elf
Finished building: default.size.stdout
 
Finished building: I2C_SPI_Sensor_Test.bin
 
Finished building: I2C_SPI_Sensor_Test.list
 
12:15:07 **** Incremental Build of configuration Debug for project I2C_SPI_Sensor_Test ****
make -j8 all 
arm-none-eabi-size   I2C_SPI_Sensor_Test.elf 
   text	   data	    bss	    dec	    hex	filename
  30932	     20	   2012	  32964	   80c4	I2C_SPI_Sensor_Test.elf
Finished building: default.size.stdout
 
12:16:22 **** Incremental Build of configuration Debug for project I2C_SPI_Sensor_Test ****
make -j8 all 
arm-none-eabi-gcc "../Core/Src/main.c" -mcpu=cortex-m0plus -std=gnu11 -g3 -DDEBUG -DUSE_HAL_DRIVER -DSTM32L053xx -c -I../Core/Inc -I../Drivers/STM32L0xx_HAL_Driver/Inc -I../Drivers/STM32L0xx_HAL_Driver/Inc/Legacy -I../Drivers/CMSIS/Device/ST/STM32L0xx/Include -I../Drivers/CMSIS/Include -O0 -ffunction-sections -fdata-sections -Wall -fstack-usage -MMD -MP -MF"Core/Src/main.d" -MT"Core/Src/main.o" --specs=nano.specs -mfloat-abi=soft -mthumb -o "Core/Src/main.o"
../Core/Src/main.c: In function 'hi2c1_read_register':
../Core/Src/main.c:78:106: warning: passing argument 5 of 'HAL_I2C_Mem_Read' from incompatible pointer type [-Wincompatible-pointer-types]
   78 |     status = HAL_I2C_Mem_Read(&hi2c1, address_pointer, (uint16_t)register_pointer, I2C_MEMADD_SIZE_8BIT, &return_value, 2, 100);
      |                                                                                                          ^~~~~~~~~~~~~
      |                                                                                                          |
      |                                                                                                          uint16_t * {aka short unsigned int *}
In file included from ../Core/Inc/stm32l0xx_hal_conf.h:236,
                 from ../Drivers/STM32L0xx_HAL_Driver/Inc/stm32l0xx_hal.h:30,
                 from ../Core/Inc/main.h:30,
                 from ../Core/Src/main.c:20:
../Drivers/STM32L0xx_HAL_Driver/Inc/stm32l0xx_hal_i2c.h:633:66: note: expected 'uint8_t *' {aka 'unsigned char *'} but argument is of type 'uint16_t *' {aka 'short unsigned int *'}
  633 |                                    uint16_t MemAddSize, uint8_t *pData, uint16_t Size, uint32_t Timeout);
      |                                                         ~~~~~~~~~^~~~~
../Core/Src/main.c: In function 'test_i2c':
../Core/Src/main.c:116:14: warning: unused variable 'reg_ptr' [-Wunused-variable]
  116 |      uint8_t reg_ptr = 0x00;
      |              ^~~~~~~
../Core/Src/main.c: In function 'main':
../Core/Src/main.c:186:38: warning: passing argument 2 of 'HAL_SPI_Transmit' makes pointer from integer without a cast [-Wint-conversion]
  186 |    status = HAL_SPI_Transmit(&hspi2, 0x55, sizeof(0x55), 0xFFFF);
      |                                      ^~~~
      |                                      |
      |                                      int
In file included from ../Core/Inc/stm32l0xx_hal_conf.h:269,
                 from ../Drivers/STM32L0xx_HAL_Driver/Inc/stm32l0xx_hal.h:30,
                 from ../Core/Inc/main.h:30,
                 from ../Core/Src/main.c:20:
../Drivers/STM32L0xx_HAL_Driver/Inc/stm32l0xx_hal_spi.h:676:70: note: expected 'uint8_t *' {aka 'unsigned char *'} but argument is of type 'int'
  676 | HAL_StatusTypeDef HAL_SPI_Transmit(SPI_HandleTypeDef *hspi, uint8_t *pData, uint16_t Size, uint32_t Timeout);
      |                                                             ~~~~~~~~~^~~~~
../Core/Src/main.c:194:37: warning: passing argument 2 of 'HAL_SPI_Receive' makes pointer from integer without a cast [-Wint-conversion]
  194 |    status = HAL_SPI_Receive(&hspi2, temp, sizeof(0x55), 0xFFFF);
      |                                     ^~~~
      |                                     |
      |                                     uint8_t {aka unsigned char}
In file included from ../Core/Inc/stm32l0xx_hal_conf.h:269,
                 from ../Drivers/STM32L0xx_HAL_Driver/Inc/stm32l0xx_hal.h:30,
                 from ../Core/Inc/main.h:30,
                 from ../Core/Src/main.c:20:
../Drivers/STM32L0xx_HAL_Driver/Inc/stm32l0xx_hal_spi.h:677:69: note: expected 'uint8_t *' {aka 'unsigned char *'} but argument is of type 'uint8_t' {aka 'unsigned char'}
  677 | HAL_StatusTypeDef HAL_SPI_Receive(SPI_HandleTypeDef *hspi, uint8_t *pData, uint16_t Size, uint32_t Timeout);
      |                                                            ~~~~~~~~~^~~~~
../Core/Src/main.c:201:11: warning: multi-character character constant [-Wmultichar]
  201 |    printf('%d', temp);
      |           ^~~~
../Core/Src/main.c:201:11: warning: passing argument 1 of 'printf_' makes pointer from integer without a cast [-Wint-conversion]
In file included from ../Core/Src/main.c:26:
../Core/Inc/printf.h:55:25: note: expected 'const char *' but argument is of type 'int'
   55 | int printf_(const char *format, ...);
      |             ~~~~~~~~~~~~^~~~~~
../Core/Src/main.c:194:13: warning: 'temp' is used uninitialized in this function [-Wuninitialized]
  194 |    status = HAL_SPI_Receive(&hspi2, temp, sizeof(0x55), 0xFFFF);
      |             ^~~~~~~~~~~~~~~~~~~~~~~~~~~~~~~~~~~~~~~~~~~~~~~~~~~
arm-none-eabi-gcc -o "I2C_SPI_Sensor_Test.elf" @"objects.list"   -mcpu=cortex-m0plus -T"C:\Users\Liam Droog\STM32CubeIDE\workspace_1.8.0\I2C_SPI_Sensor_Test\STM32L053C8TX_FLASH.ld" --specs=nosys.specs -Wl,-Map="I2C_SPI_Sensor_Test.map" -Wl,--gc-sections -static --specs=nano.specs -mfloat-abi=soft -mthumb -Wl,--start-group -lc -lm -Wl,--end-group
Finished building target: I2C_SPI_Sensor_Test.elf
 
arm-none-eabi-size   I2C_SPI_Sensor_Test.elf 
arm-none-eabi-objdump -h -S  I2C_SPI_Sensor_Test.elf  > "I2C_SPI_Sensor_Test.list"
arm-none-eabi-objcopy  -O binary  I2C_SPI_Sensor_Test.elf  "I2C_SPI_Sensor_Test.bin"
   text	   data	    bss	    dec	    hex	filename
  31020	     20	   2012	  33052	   811c	I2C_SPI_Sensor_Test.elf
Finished building: default.size.stdout
 
Finished building: I2C_SPI_Sensor_Test.bin
 
Finished building: I2C_SPI_Sensor_Test.list
 
13:35:28 **** Incremental Build of configuration Debug for project I2C_SPI_Sensor_Test ****
make -j8 all 
arm-none-eabi-size   I2C_SPI_Sensor_Test.elf 
   text	   data	    bss	    dec	    hex	filename
  31020	     20	   2012	  33052	   811c	I2C_SPI_Sensor_Test.elf
Finished building: default.size.stdout
 
13:36:55 **** Incremental Build of configuration Debug for project I2C_SPI_Sensor_Test ****
make -j8 all 
arm-none-eabi-size   I2C_SPI_Sensor_Test.elf 
   text	   data	    bss	    dec	    hex	filename
  31020	     20	   2012	  33052	   811c	I2C_SPI_Sensor_Test.elf
Finished building: default.size.stdout
 
