16:13:40 **** Incremental Build of configuration Debug for project I2C_SPI_Sensor_Test ****
make -j16 all 
arm-none-eabi-size   I2C_SPI_Sensor_Test.elf 
   text	   data	    bss	    dec	    hex	filename
  22456	     20	   2012	  24488	   5fa8	I2C_SPI_Sensor_Test.elf
Finished building: default.size.stdout
 
16:13:45 **** Incremental Build of configuration Debug for project I2C_SPI_Sensor_Test ****
make -j16 all 
arm-none-eabi-size   I2C_SPI_Sensor_Test.elf 
   text	   data	    bss	    dec	    hex	filename
  22456	     20	   2012	  24488	   5fa8	I2C_SPI_Sensor_Test.elf
Finished building: default.size.stdout
 
