12:12:16 **** Incremental Build of configuration Debug for project I2C_SPI_Sensor_Test ****
make -j8 all 
arm-none-eabi-gcc "../Core/Src/main.c" -mcpu=cortex-m0plus -std=gnu11 -g3 -DDEBUG -DUSE_HAL_DRIVER -DSTM32L053xx -c -I../Core/Inc -I../Drivers/STM32L0xx_HAL_Driver/Inc -I../Drivers/STM32L0xx_HAL_Driver/Inc/Legacy -I../Drivers/CMSIS/Device/ST/STM32L0xx/Include -I../Drivers/CMSIS/Include -Os -ffunction-sections -fdata-sections -Wall -fstack-usage -MMD -MP -MF"Core/Src/main.d" -MT"Core/Src/main.o" --specs=nano.specs -mfloat-abi=soft -mthumb -o "Core/Src/main.o"
../Core/Src/main.c: In function 'hi2c1_read_register':
../Core/Src/main.c:80:106: warning: passing argument 5 of 'HAL_I2C_Mem_Read' from incompatible pointer type [-Wincompatible-pointer-types]
   80 |     status = HAL_I2C_Mem_Read(&hi2c1, address_pointer, (uint16_t)register_pointer, I2C_MEMADD_SIZE_8BIT, &return_value, 2, 100);
      |                                                                                                          ^~~~~~~~~~~~~
      |                                                                                                          |
      |                                                                                                          uint16_t * {aka short unsigned int *}
In file included from ../Core/Inc/stm32l0xx_hal_conf.h:236,
                 from ../Drivers/STM32L0xx_HAL_Driver/Inc/stm32l0xx_hal.h:30,
                 from ../Core/Inc/main.h:30,
                 from ../Core/Src/main.c:20:
../Drivers/STM32L0xx_HAL_Driver/Inc/stm32l0xx_hal_i2c.h:633:66: note: expected 'uint8_t *' {aka 'unsigned char *'} but argument is of type 'uint16_t *' {aka 'short unsigned int *'}
  633 |                                    uint16_t MemAddSize, uint8_t *pData, uint16_t Size, uint32_t Timeout);
      |                                                         ~~~~~~~~~^~~~~
../Core/Src/main.c: In function 'test_i2c':
../Core/Src/main.c:136:14: warning: unused variable 'reg_ptr' [-Wunused-variable]
  136 |      uint8_t reg_ptr = 0x00;
      |              ^~~~~~~
../Core/Src/main.c: In function 'SPI_Read':
../Core/Src/main.c:177:32: error: stray '\' in program
  177 |  uint8_t txBuf[2] = {addr, 0x00\};
      |                                ^
../Core/Src/main.c: In function 'main':
../Core/Src/main.c:309:23: warning: unused variable 'result' [-Wunused-variable]
  309 |     HAL_StatusTypeDef result;
      |                       ^~~~~~
make: *** [Core/Src/subdir.mk:43: Core/Src/main.o] Error 1
"make -j8 all" terminated with exit code 2. Build might be incomplete.
12:12:21 **** Incremental Build of configuration Debug for project I2C_SPI_Sensor_Test ****
make -j8 all 
arm-none-eabi-gcc "../Core/Src/main.c" -mcpu=cortex-m0plus -std=gnu11 -g3 -DDEBUG -DUSE_HAL_DRIVER -DSTM32L053xx -c -I../Core/Inc -I../Drivers/STM32L0xx_HAL_Driver/Inc -I../Drivers/STM32L0xx_HAL_Driver/Inc/Legacy -I../Drivers/CMSIS/Device/ST/STM32L0xx/Include -I../Drivers/CMSIS/Include -Os -ffunction-sections -fdata-sections -Wall -fstack-usage -MMD -MP -MF"Core/Src/main.d" -MT"Core/Src/main.o" --specs=nano.specs -mfloat-abi=soft -mthumb -o "Core/Src/main.o"
../Core/Src/main.c: In function 'hi2c1_read_register':
../Core/Src/main.c:80:106: warning: passing argument 5 of 'HAL_I2C_Mem_Read' from incompatible pointer type [-Wincompatible-pointer-types]
   80 |     status = HAL_I2C_Mem_Read(&hi2c1, address_pointer, (uint16_t)register_pointer, I2C_MEMADD_SIZE_8BIT, &return_value, 2, 100);
      |                                                                                                          ^~~~~~~~~~~~~
      |                                                                                                          |
      |                                                                                                          uint16_t * {aka short unsigned int *}
In file included from ../Core/Inc/stm32l0xx_hal_conf.h:236,
                 from ../Drivers/STM32L0xx_HAL_Driver/Inc/stm32l0xx_hal.h:30,
                 from ../Core/Inc/main.h:30,
                 from ../Core/Src/main.c:20:
../Drivers/STM32L0xx_HAL_Driver/Inc/stm32l0xx_hal_i2c.h:633:66: note: expected 'uint8_t *' {aka 'unsigned char *'} but argument is of type 'uint16_t *' {aka 'short unsigned int *'}
  633 |                                    uint16_t MemAddSize, uint8_t *pData, uint16_t Size, uint32_t Timeout);
      |                                                         ~~~~~~~~~^~~~~
../Core/Src/main.c: In function 'test_i2c':
../Core/Src/main.c:136:14: warning: unused variable 'reg_ptr' [-Wunused-variable]
  136 |      uint8_t reg_ptr = 0x00;
      |              ^~~~~~~
../Core/Src/main.c: In function 'main':
../Core/Src/main.c:309:23: warning: unused variable 'result' [-Wunused-variable]
  309 |     HAL_StatusTypeDef result;
      |                       ^~~~~~
arm-none-eabi-gcc -o "I2C_SPI_Sensor_Test.elf" @"objects.list"   -mcpu=cortex-m0plus -T"C:\Users\Liam Droog\STM32CubeIDE\workspace_1.8.0\I2C_SPI_Sensor_Test\STM32L053C8TX_FLASH.ld" --specs=nosys.specs -Wl,-Map="I2C_SPI_Sensor_Test.map" -Wl,--gc-sections -static --specs=nano.specs -mfloat-abi=soft -mthumb -Wl,--start-group -lc -lm -Wl,--end-group
Finished building target: I2C_SPI_Sensor_Test.elf
 
arm-none-eabi-size   I2C_SPI_Sensor_Test.elf 
arm-none-eabi-objdump -h -S  I2C_SPI_Sensor_Test.elf  > "I2C_SPI_Sensor_Test.list"
arm-none-eabi-objcopy  -O binary  I2C_SPI_Sensor_Test.elf  "I2C_SPI_Sensor_Test.bin"
   text	   data	    bss	    dec	    hex	filename
  21832	     20	   2036	  23888	   5d50	I2C_SPI_Sensor_Test.elf
Finished building: default.size.stdout
 
Finished building: I2C_SPI_Sensor_Test.bin
 
Finished building: I2C_SPI_Sensor_Test.list
 
12:46:18 **** Incremental Build of configuration Debug for project I2C_SPI_Sensor_Test ****
make -j8 all 
arm-none-eabi-gcc "../Core/Src/main.c" -mcpu=cortex-m0plus -std=gnu11 -g3 -DDEBUG -DUSE_HAL_DRIVER -DSTM32L053xx -c -I../Core/Inc -I../Drivers/STM32L0xx_HAL_Driver/Inc -I../Drivers/STM32L0xx_HAL_Driver/Inc/Legacy -I../Drivers/CMSIS/Device/ST/STM32L0xx/Include -I../Drivers/CMSIS/Include -Os -ffunction-sections -fdata-sections -Wall -fstack-usage -MMD -MP -MF"Core/Src/main.d" -MT"Core/Src/main.o" --specs=nano.specs -mfloat-abi=soft -mthumb -o "Core/Src/main.o"
../Core/Src/main.c: In function 'hi2c1_read_register':
../Core/Src/main.c:80:106: warning: passing argument 5 of 'HAL_I2C_Mem_Read' from incompatible pointer type [-Wincompatible-pointer-types]
   80 |     status = HAL_I2C_Mem_Read(&hi2c2, address_pointer, (uint16_t)register_pointer, I2C_MEMADD_SIZE_8BIT, &return_value, 2, 100);
      |                                                                                                          ^~~~~~~~~~~~~
      |                                                                                                          |
      |                                                                                                          uint16_t * {aka short unsigned int *}
In file included from ../Core/Inc/stm32l0xx_hal_conf.h:236,
                 from ../Drivers/STM32L0xx_HAL_Driver/Inc/stm32l0xx_hal.h:30,
                 from ../Core/Inc/main.h:30,
                 from ../Core/Src/main.c:20:
../Drivers/STM32L0xx_HAL_Driver/Inc/stm32l0xx_hal_i2c.h:633:66: note: expected 'uint8_t *' {aka 'unsigned char *'} but argument is of type 'uint16_t *' {aka 'short unsigned int *'}
  633 |                                    uint16_t MemAddSize, uint8_t *pData, uint16_t Size, uint32_t Timeout);
      |                                                         ~~~~~~~~~^~~~~
../Core/Src/main.c: In function 'test_i2c':
../Core/Src/main.c:136:14: warning: unused variable 'reg_ptr' [-Wunused-variable]
  136 |      uint8_t reg_ptr = 0x00;
      |              ^~~~~~~
../Core/Src/main.c: In function 'main':
../Core/Src/main.c:303:36: warning: unsigned conversion from 'int' to 'uint8_t' {aka 'unsigned char'} changes value from '12288' to '0' [-Woverflow]
  303 |   data = hi2c1_read_register(0x79, 0x3000);
      |                                    ^~~~~~
../Core/Src/main.c:304:10: warning: character constant too long for its type
  304 |   printf('0x3000: 0x%x', data);
      |          ^~~~~~~~~~~~~~
../Core/Src/main.c:304:10: warning: passing argument 1 of 'printf_' makes pointer from integer without a cast [-Wint-conversion]
In file included from ../Core/Src/main.c:26:
../Core/Inc/printf.h:55:25: note: expected 'const char *' but argument is of type 'int'
   55 | int printf_(const char *format, ...);
      |             ~~~~~~~~~~~~^~~~~~
../Core/Src/main.c:292:23: warning: unused variable 'result' [-Wunused-variable]
  292 |     HAL_StatusTypeDef result;
      |                       ^~~~~~
arm-none-eabi-gcc -o "I2C_SPI_Sensor_Test.elf" @"objects.list"   -mcpu=cortex-m0plus -T"C:\Users\Liam Droog\STM32CubeIDE\workspace_1.8.0\I2C_SPI_Sensor_Test\STM32L053C8TX_FLASH.ld" --specs=nosys.specs -Wl,-Map="I2C_SPI_Sensor_Test.map" -Wl,--gc-sections -static --specs=nano.specs -mfloat-abi=soft -mthumb -Wl,--start-group -lc -lm -Wl,--end-group
Finished building target: I2C_SPI_Sensor_Test.elf
 
arm-none-eabi-size   I2C_SPI_Sensor_Test.elf 
arm-none-eabi-objdump -h -S  I2C_SPI_Sensor_Test.elf  > "I2C_SPI_Sensor_Test.list"
arm-none-eabi-objcopy  -O binary  I2C_SPI_Sensor_Test.elf  "I2C_SPI_Sensor_Test.bin"
   text	   data	    bss	    dec	    hex	filename
  21392	     20	   2036	  23448	   5b98	I2C_SPI_Sensor_Test.elf
Finished building: default.size.stdout
 
Finished building: I2C_SPI_Sensor_Test.bin
 
Finished building: I2C_SPI_Sensor_Test.list
 
12:47:41 **** Incremental Build of configuration Debug for project I2C_SPI_Sensor_Test ****
make -j8 all 
arm-none-eabi-size   I2C_SPI_Sensor_Test.elf 
   text	   data	    bss	    dec	    hex	filename
  21392	     20	   2036	  23448	   5b98	I2C_SPI_Sensor_Test.elf
Finished building: default.size.stdout
 
12:47:58 **** Incremental Build of configuration Debug for project I2C_SPI_Sensor_Test ****
make -j8 all 
arm-none-eabi-size   I2C_SPI_Sensor_Test.elf 
   text	   data	    bss	    dec	    hex	filename
  21392	     20	   2036	  23448	   5b98	I2C_SPI_Sensor_Test.elf
Finished building: default.size.stdout
 
12:49:36 **** Incremental Build of configuration Debug for project I2C_SPI_Sensor_Test ****
make -j8 all 
arm-none-eabi-size   I2C_SPI_Sensor_Test.elf 
   text	   data	    bss	    dec	    hex	filename
  21392	     20	   2036	  23448	   5b98	I2C_SPI_Sensor_Test.elf
Finished building: default.size.stdout
 
12:51:04 **** Incremental Build of configuration Debug for project I2C_SPI_Sensor_Test ****
make -j8 all 
arm-none-eabi-gcc "../Core/Src/main.c" -mcpu=cortex-m0plus -std=gnu11 -g3 -DDEBUG -DUSE_HAL_DRIVER -DSTM32L053xx -c -I../Core/Inc -I../Drivers/STM32L0xx_HAL_Driver/Inc -I../Drivers/STM32L0xx_HAL_Driver/Inc/Legacy -I../Drivers/CMSIS/Device/ST/STM32L0xx/Include -I../Drivers/CMSIS/Include -Os -ffunction-sections -fdata-sections -Wall -fstack-usage -MMD -MP -MF"Core/Src/main.d" -MT"Core/Src/main.o" --specs=nano.specs -mfloat-abi=soft -mthumb -o "Core/Src/main.o"
../Core/Src/main.c: In function 'hi2c1_read_register':
../Core/Src/main.c:80:106: warning: passing argument 5 of 'HAL_I2C_Mem_Read' from incompatible pointer type [-Wincompatible-pointer-types]
   80 |     status = HAL_I2C_Mem_Read(&hi2c2, address_pointer, (uint16_t)register_pointer, I2C_MEMADD_SIZE_8BIT, &return_value, 2, 100);
      |                                                                                                          ^~~~~~~~~~~~~
      |                                                                                                          |
      |                                                                                                          uint16_t * {aka short unsigned int *}
In file included from ../Core/Inc/stm32l0xx_hal_conf.h:236,
                 from ../Drivers/STM32L0xx_HAL_Driver/Inc/stm32l0xx_hal.h:30,
                 from ../Core/Inc/main.h:30,
                 from ../Core/Src/main.c:20:
../Drivers/STM32L0xx_HAL_Driver/Inc/stm32l0xx_hal_i2c.h:633:66: note: expected 'uint8_t *' {aka 'unsigned char *'} but argument is of type 'uint16_t *' {aka 'short unsigned int *'}
  633 |                                    uint16_t MemAddSize, uint8_t *pData, uint16_t Size, uint32_t Timeout);
      |                                                         ~~~~~~~~~^~~~~
../Core/Src/main.c: In function 'test_i2c':
../Core/Src/main.c:136:14: warning: unused variable 'reg_ptr' [-Wunused-variable]
  136 |      uint8_t reg_ptr = 0x00;
      |              ^~~~~~~
../Core/Src/main.c: In function 'main':
../Core/Src/main.c:294:19: warning: unsigned conversion from 'int' to 'uint8_t' {aka 'unsigned char'} changes value from '12288' to '0' [-Woverflow]
  294 |     uint8_t reg = 0x3000;
      |                   ^~~~~~
../Core/Src/main.c:305:30: warning: passing argument 1 of 'hi2c1_read_register' makes integer from pointer without a cast [-Wint-conversion]
  305 |   data = hi2c1_read_register(&addr, &reg);
      |                              ^~~~~
      |                              |
      |                              uint8_t * {aka unsigned char *}
../Core/Src/main.c:75:38: note: expected 'uint8_t' {aka 'unsigned char'} but argument is of type 'uint8_t *' {aka 'unsigned char *'}
   75 | uint16_t hi2c1_read_register(uint8_t address_pointer, uint8_t register_pointer)
      |                              ~~~~~~~~^~~~~~~~~~~~~~~
../Core/Src/main.c:305:37: warning: passing argument 2 of 'hi2c1_read_register' makes integer from pointer without a cast [-Wint-conversion]
  305 |   data = hi2c1_read_register(&addr, &reg);
      |                                     ^~~~
      |                                     |
      |                                     uint8_t * {aka unsigned char *}
../Core/Src/main.c:75:63: note: expected 'uint8_t' {aka 'unsigned char'} but argument is of type 'uint8_t *' {aka 'unsigned char *'}
   75 | uint16_t hi2c1_read_register(uint8_t address_pointer, uint8_t register_pointer)
      |                                                       ~~~~~~~~^~~~~~~~~~~~~~~~
../Core/Src/main.c:306:10: warning: character constant too long for its type
  306 |   printf('0x3000: 0x%x', data);
      |          ^~~~~~~~~~~~~~
../Core/Src/main.c:306:10: warning: passing argument 1 of 'printf_' makes pointer from integer without a cast [-Wint-conversion]
In file included from ../Core/Src/main.c:26:
../Core/Inc/printf.h:55:25: note: expected 'const char *' but argument is of type 'int'
   55 | int printf_(const char *format, ...);
      |             ~~~~~~~~~~~~^~~~~~
../Core/Src/main.c:292:23: warning: unused variable 'result' [-Wunused-variable]
  292 |     HAL_StatusTypeDef result;
      |                       ^~~~~~
arm-none-eabi-gcc -o "I2C_SPI_Sensor_Test.elf" @"objects.list"   -mcpu=cortex-m0plus -T"C:\Users\Liam Droog\STM32CubeIDE\workspace_1.8.0\I2C_SPI_Sensor_Test\STM32L053C8TX_FLASH.ld" --specs=nosys.specs -Wl,-Map="I2C_SPI_Sensor_Test.map" -Wl,--gc-sections -static --specs=nano.specs -mfloat-abi=soft -mthumb -Wl,--start-group -lc -lm -Wl,--end-group
Finished building target: I2C_SPI_Sensor_Test.elf
 
arm-none-eabi-size   I2C_SPI_Sensor_Test.elf 
arm-none-eabi-objdump -h -S  I2C_SPI_Sensor_Test.elf  > "I2C_SPI_Sensor_Test.list"
arm-none-eabi-objcopy  -O binary  I2C_SPI_Sensor_Test.elf  "I2C_SPI_Sensor_Test.bin"
   text	   data	    bss	    dec	    hex	filename
  21412	     20	   2036	  23468	   5bac	I2C_SPI_Sensor_Test.elf
Finished building: default.size.stdout
 
Finished building: I2C_SPI_Sensor_Test.bin
 
Finished building: I2C_SPI_Sensor_Test.list
 
12:52:29 **** Incremental Build of configuration Debug for project I2C_SPI_Sensor_Test ****
make -j8 all 
arm-none-eabi-gcc "../Core/Src/main.c" -mcpu=cortex-m0plus -std=gnu11 -g3 -DDEBUG -DUSE_HAL_DRIVER -DSTM32L053xx -c -I../Core/Inc -I../Drivers/STM32L0xx_HAL_Driver/Inc -I../Drivers/STM32L0xx_HAL_Driver/Inc/Legacy -I../Drivers/CMSIS/Device/ST/STM32L0xx/Include -I../Drivers/CMSIS/Include -Os -ffunction-sections -fdata-sections -Wall -fstack-usage -MMD -MP -MF"Core/Src/main.d" -MT"Core/Src/main.o" --specs=nano.specs -mfloat-abi=soft -mthumb -o "Core/Src/main.o"
../Core/Src/main.c: In function 'hi2c1_read_register':
../Core/Src/main.c:80:106: warning: passing argument 5 of 'HAL_I2C_Mem_Read' from incompatible pointer type [-Wincompatible-pointer-types]
   80 |     status = HAL_I2C_Mem_Read(&hi2c2, address_pointer, (uint16_t)register_pointer, I2C_MEMADD_SIZE_8BIT, &return_value, 2, 100);
      |                                                                                                          ^~~~~~~~~~~~~
      |                                                                                                          |
      |                                                                                                          uint16_t * {aka short unsigned int *}
In file included from ../Core/Inc/stm32l0xx_hal_conf.h:236,
                 from ../Drivers/STM32L0xx_HAL_Driver/Inc/stm32l0xx_hal.h:30,
                 from ../Core/Inc/main.h:30,
                 from ../Core/Src/main.c:20:
../Drivers/STM32L0xx_HAL_Driver/Inc/stm32l0xx_hal_i2c.h:633:66: note: expected 'uint8_t *' {aka 'unsigned char *'} but argument is of type 'uint16_t *' {aka 'short unsigned int *'}
  633 |                                    uint16_t MemAddSize, uint8_t *pData, uint16_t Size, uint32_t Timeout);
      |                                                         ~~~~~~~~~^~~~~
../Core/Src/main.c: In function 'test_i2c':
../Core/Src/main.c:136:14: warning: unused variable 'reg_ptr' [-Wunused-variable]
  136 |      uint8_t reg_ptr = 0x00;
      |              ^~~~~~~
../Core/Src/main.c: In function 'main':
../Core/Src/main.c:294:19: warning: unsigned conversion from 'int' to 'uint8_t' {aka 'unsigned char'} changes value from '12288' to '0' [-Woverflow]
  294 |     uint8_t reg = 0x3000;
      |                   ^~~~~~
../Core/Src/main.c:305:30: warning: passing argument 1 of 'hi2c1_read_register' makes integer from pointer without a cast [-Wint-conversion]
  305 |   data = hi2c1_read_register(&addr, &reg);
      |                              ^~~~~
      |                              |
      |                              uint8_t * {aka unsigned char *}
../Core/Src/main.c:75:38: note: expected 'uint8_t' {aka 'unsigned char'} but argument is of type 'uint8_t *' {aka 'unsigned char *'}
   75 | uint16_t hi2c1_read_register(uint8_t address_pointer, uint8_t register_pointer)
      |                              ~~~~~~~~^~~~~~~~~~~~~~~
../Core/Src/main.c:305:37: warning: passing argument 2 of 'hi2c1_read_register' makes integer from pointer without a cast [-Wint-conversion]
  305 |   data = hi2c1_read_register(&addr, &reg);
      |                                     ^~~~
      |                                     |
      |                                     uint8_t * {aka unsigned char *}
../Core/Src/main.c:75:63: note: expected 'uint8_t' {aka 'unsigned char'} but argument is of type 'uint8_t *' {aka 'unsigned char *'}
   75 | uint16_t hi2c1_read_register(uint8_t address_pointer, uint8_t register_pointer)
      |                                                       ~~~~~~~~^~~~~~~~~~~~~~~~
../Core/Src/main.c:292:23: warning: unused variable 'result' [-Wunused-variable]
  292 |     HAL_StatusTypeDef result;
      |                       ^~~~~~
arm-none-eabi-gcc -o "I2C_SPI_Sensor_Test.elf" @"objects.list"   -mcpu=cortex-m0plus -T"C:\Users\Liam Droog\STM32CubeIDE\workspace_1.8.0\I2C_SPI_Sensor_Test\STM32L053C8TX_FLASH.ld" --specs=nosys.specs -Wl,-Map="I2C_SPI_Sensor_Test.map" -Wl,--gc-sections -static --specs=nano.specs -mfloat-abi=soft -mthumb -Wl,--start-group -lc -lm -Wl,--end-group
Finished building target: I2C_SPI_Sensor_Test.elf
 
arm-none-eabi-size   I2C_SPI_Sensor_Test.elf 
arm-none-eabi-objdump -h -S  I2C_SPI_Sensor_Test.elf  > "I2C_SPI_Sensor_Test.list"
arm-none-eabi-objcopy  -O binary  I2C_SPI_Sensor_Test.elf  "I2C_SPI_Sensor_Test.bin"
   text	   data	    bss	    dec	    hex	filename
  21428	     20	   2036	  23484	   5bbc	I2C_SPI_Sensor_Test.elf
Finished building: default.size.stdout
 
Finished building: I2C_SPI_Sensor_Test.bin
 
Finished building: I2C_SPI_Sensor_Test.list
 
12:55:11 **** Incremental Build of configuration Debug for project I2C_SPI_Sensor_Test ****
make -j8 all 
arm-none-eabi-gcc "../Core/Src/main.c" -mcpu=cortex-m0plus -std=gnu11 -g3 -DDEBUG -DUSE_HAL_DRIVER -DSTM32L053xx -c -I../Core/Inc -I../Drivers/STM32L0xx_HAL_Driver/Inc -I../Drivers/STM32L0xx_HAL_Driver/Inc/Legacy -I../Drivers/CMSIS/Device/ST/STM32L0xx/Include -I../Drivers/CMSIS/Include -Os -ffunction-sections -fdata-sections -Wall -fstack-usage -MMD -MP -MF"Core/Src/main.d" -MT"Core/Src/main.o" --specs=nano.specs -mfloat-abi=soft -mthumb -o "Core/Src/main.o"
../Core/Src/main.c: In function 'hi2c1_read_register':
../Core/Src/main.c:80:106: warning: passing argument 5 of 'HAL_I2C_Mem_Read' from incompatible pointer type [-Wincompatible-pointer-types]
   80 |     status = HAL_I2C_Mem_Read(&hi2c2, address_pointer, (uint16_t)register_pointer, I2C_MEMADD_SIZE_8BIT, &return_value, 2, 100);
      |                                                                                                          ^~~~~~~~~~~~~
      |                                                                                                          |
      |                                                                                                          uint16_t * {aka short unsigned int *}
In file included from ../Core/Inc/stm32l0xx_hal_conf.h:236,
                 from ../Drivers/STM32L0xx_HAL_Driver/Inc/stm32l0xx_hal.h:30,
                 from ../Core/Inc/main.h:30,
                 from ../Core/Src/main.c:20:
../Drivers/STM32L0xx_HAL_Driver/Inc/stm32l0xx_hal_i2c.h:633:66: note: expected 'uint8_t *' {aka 'unsigned char *'} but argument is of type 'uint16_t *' {aka 'short unsigned int *'}
  633 |                                    uint16_t MemAddSize, uint8_t *pData, uint16_t Size, uint32_t Timeout);
      |                                                         ~~~~~~~~~^~~~~
../Core/Src/main.c: In function 'test_i2c':
../Core/Src/main.c:136:14: warning: unused variable 'reg_ptr' [-Wunused-variable]
  136 |      uint8_t reg_ptr = 0x00;
      |              ^~~~~~~
../Core/Src/main.c: In function 'main':
../Core/Src/main.c:294:19: warning: unsigned conversion from 'int' to 'uint8_t' {aka 'unsigned char'} changes value from '12298' to '10' [-Woverflow]
  294 |     uint8_t reg = 0x300A;
      |                   ^~~~~~
../Core/Src/main.c:305:30: warning: passing argument 1 of 'hi2c1_read_register' makes integer from pointer without a cast [-Wint-conversion]
  305 |   data = hi2c1_read_register(&addr, &reg);
      |                              ^~~~~
      |                              |
      |                              uint8_t * {aka unsigned char *}
../Core/Src/main.c:75:38: note: expected 'uint8_t' {aka 'unsigned char'} but argument is of type 'uint8_t *' {aka 'unsigned char *'}
   75 | uint16_t hi2c1_read_register(uint8_t address_pointer, uint8_t register_pointer)
      |                              ~~~~~~~~^~~~~~~~~~~~~~~
../Core/Src/main.c:305:37: warning: passing argument 2 of 'hi2c1_read_register' makes integer from pointer without a cast [-Wint-conversion]
  305 |   data = hi2c1_read_register(&addr, &reg);
      |                                     ^~~~
      |                                     |
      |                                     uint8_t * {aka unsigned char *}
../Core/Src/main.c:75:63: note: expected 'uint8_t' {aka 'unsigned char'} but argument is of type 'uint8_t *' {aka 'unsigned char *'}
   75 | uint16_t hi2c1_read_register(uint8_t address_pointer, uint8_t register_pointer)
      |                                                       ~~~~~~~~^~~~~~~~~~~~~~~~
../Core/Src/main.c:292:23: warning: unused variable 'result' [-Wunused-variable]
  292 |     HAL_StatusTypeDef result;
      |                       ^~~~~~
arm-none-eabi-gcc -o "I2C_SPI_Sensor_Test.elf" @"objects.list"   -mcpu=cortex-m0plus -T"C:\Users\Liam Droog\STM32CubeIDE\workspace_1.8.0\I2C_SPI_Sensor_Test\STM32L053C8TX_FLASH.ld" --specs=nosys.specs -Wl,-Map="I2C_SPI_Sensor_Test.map" -Wl,--gc-sections -static --specs=nano.specs -mfloat-abi=soft -mthumb -Wl,--start-group -lc -lm -Wl,--end-group
Finished building target: I2C_SPI_Sensor_Test.elf
 
arm-none-eabi-size   I2C_SPI_Sensor_Test.elf 
arm-none-eabi-objdump -h -S  I2C_SPI_Sensor_Test.elf  > "I2C_SPI_Sensor_Test.list"
arm-none-eabi-objcopy  -O binary  I2C_SPI_Sensor_Test.elf  "I2C_SPI_Sensor_Test.bin"
   text	   data	    bss	    dec	    hex	filename
  21432	     20	   2036	  23488	   5bc0	I2C_SPI_Sensor_Test.elf
Finished building: default.size.stdout
 
Finished building: I2C_SPI_Sensor_Test.bin
 
Finished building: I2C_SPI_Sensor_Test.list
 
12:56:25 **** Incremental Build of configuration Debug for project I2C_SPI_Sensor_Test ****
make -j8 all 
arm-none-eabi-gcc "../Core/Src/main.c" -mcpu=cortex-m0plus -std=gnu11 -g3 -DDEBUG -DUSE_HAL_DRIVER -DSTM32L053xx -c -I../Core/Inc -I../Drivers/STM32L0xx_HAL_Driver/Inc -I../Drivers/STM32L0xx_HAL_Driver/Inc/Legacy -I../Drivers/CMSIS/Device/ST/STM32L0xx/Include -I../Drivers/CMSIS/Include -Os -ffunction-sections -fdata-sections -Wall -fstack-usage -MMD -MP -MF"Core/Src/main.d" -MT"Core/Src/main.o" --specs=nano.specs -mfloat-abi=soft -mthumb -o "Core/Src/main.o"
../Core/Src/main.c: In function 'hi2c1_read_register':
../Core/Src/main.c:80:106: warning: passing argument 5 of 'HAL_I2C_Mem_Read' from incompatible pointer type [-Wincompatible-pointer-types]
   80 |     status = HAL_I2C_Mem_Read(&hi2c2, address_pointer, (uint16_t)register_pointer, I2C_MEMADD_SIZE_8BIT, &return_value, 2, 100);
      |                                                                                                          ^~~~~~~~~~~~~
      |                                                                                                          |
      |                                                                                                          uint16_t * {aka short unsigned int *}
In file included from ../Core/Inc/stm32l0xx_hal_conf.h:236,
                 from ../Drivers/STM32L0xx_HAL_Driver/Inc/stm32l0xx_hal.h:30,
                 from ../Core/Inc/main.h:30,
                 from ../Core/Src/main.c:20:
../Drivers/STM32L0xx_HAL_Driver/Inc/stm32l0xx_hal_i2c.h:633:66: note: expected 'uint8_t *' {aka 'unsigned char *'} but argument is of type 'uint16_t *' {aka 'short unsigned int *'}
  633 |                                    uint16_t MemAddSize, uint8_t *pData, uint16_t Size, uint32_t Timeout);
      |                                                         ~~~~~~~~~^~~~~
../Core/Src/main.c: In function 'test_i2c':
../Core/Src/main.c:136:14: warning: unused variable 'reg_ptr' [-Wunused-variable]
  136 |      uint8_t reg_ptr = 0x00;
      |              ^~~~~~~
../Core/Src/main.c: In function 'main':
../Core/Src/main.c:294:19: warning: unsigned conversion from 'int' to 'uint8_t' {aka 'unsigned char'} changes value from '12298' to '10' [-Woverflow]
  294 |     uint8_t reg = 0x300A;
      |                   ^~~~~~
../Core/Src/main.c:305:30: warning: passing argument 1 of 'hi2c1_read_register' makes integer from pointer without a cast [-Wint-conversion]
  305 |   data = hi2c1_read_register(&addr, &reg);
      |                              ^~~~~
      |                              |
      |                              uint8_t * {aka unsigned char *}
../Core/Src/main.c:75:38: note: expected 'uint8_t' {aka 'unsigned char'} but argument is of type 'uint8_t *' {aka 'unsigned char *'}
   75 | uint16_t hi2c1_read_register(uint8_t address_pointer, uint8_t register_pointer)
      |                              ~~~~~~~~^~~~~~~~~~~~~~~
../Core/Src/main.c:305:37: warning: passing argument 2 of 'hi2c1_read_register' makes integer from pointer without a cast [-Wint-conversion]
  305 |   data = hi2c1_read_register(&addr, &reg);
      |                                     ^~~~
      |                                     |
      |                                     uint8_t * {aka unsigned char *}
../Core/Src/main.c:75:63: note: expected 'uint8_t' {aka 'unsigned char'} but argument is of type 'uint8_t *' {aka 'unsigned char *'}
   75 | uint16_t hi2c1_read_register(uint8_t address_pointer, uint8_t register_pointer)
      |                                                       ~~~~~~~~^~~~~~~~~~~~~~~~
../Core/Src/main.c:292:23: warning: unused variable 'result' [-Wunused-variable]
  292 |     HAL_StatusTypeDef result;
      |                       ^~~~~~
arm-none-eabi-gcc -o "I2C_SPI_Sensor_Test.elf" @"objects.list"   -mcpu=cortex-m0plus -T"C:\Users\Liam Droog\STM32CubeIDE\workspace_1.8.0\I2C_SPI_Sensor_Test\STM32L053C8TX_FLASH.ld" --specs=nosys.specs -Wl,-Map="I2C_SPI_Sensor_Test.map" -Wl,--gc-sections -static --specs=nano.specs -mfloat-abi=soft -mthumb -Wl,--start-group -lc -lm -Wl,--end-group
Finished building target: I2C_SPI_Sensor_Test.elf
 
arm-none-eabi-size   I2C_SPI_Sensor_Test.elf 
arm-none-eabi-objdump -h -S  I2C_SPI_Sensor_Test.elf  > "I2C_SPI_Sensor_Test.list"
arm-none-eabi-objcopy  -O binary  I2C_SPI_Sensor_Test.elf  "I2C_SPI_Sensor_Test.bin"
   text	   data	    bss	    dec	    hex	filename
  21432	     20	   2036	  23488	   5bc0	I2C_SPI_Sensor_Test.elf
Finished building: default.size.stdout
 
Finished building: I2C_SPI_Sensor_Test.bin
 
Finished building: I2C_SPI_Sensor_Test.list
 
13:02:35 **** Incremental Build of configuration Debug for project I2C_SPI_Sensor_Test ****
make -j8 all 
arm-none-eabi-gcc "../Core/Src/main.c" -mcpu=cortex-m0plus -std=gnu11 -g3 -DDEBUG -DUSE_HAL_DRIVER -DSTM32L053xx -c -I../Core/Inc -I../Drivers/STM32L0xx_HAL_Driver/Inc -I../Drivers/STM32L0xx_HAL_Driver/Inc/Legacy -I../Drivers/CMSIS/Device/ST/STM32L0xx/Include -I../Drivers/CMSIS/Include -Os -ffunction-sections -fdata-sections -Wall -fstack-usage -MMD -MP -MF"Core/Src/main.d" -MT"Core/Src/main.o" --specs=nano.specs -mfloat-abi=soft -mthumb -o "Core/Src/main.o"
../Core/Src/main.c: In function 'hi2c1_read_register':
../Core/Src/main.c:80:109: warning: passing argument 5 of 'HAL_I2C_Mem_Read' from incompatible pointer type [-Wincompatible-pointer-types]
   80 |     status = HAL_I2C_Mem_Read(&hi2c2, address_pointer<<1, (uint16_t)register_pointer, I2C_MEMADD_SIZE_8BIT, &return_value, 2, 100);
      |                                                                                                             ^~~~~~~~~~~~~
      |                                                                                                             |
      |                                                                                                             uint16_t * {aka short unsigned int *}
In file included from ../Core/Inc/stm32l0xx_hal_conf.h:236,
                 from ../Drivers/STM32L0xx_HAL_Driver/Inc/stm32l0xx_hal.h:30,
                 from ../Core/Inc/main.h:30,
                 from ../Core/Src/main.c:20:
../Drivers/STM32L0xx_HAL_Driver/Inc/stm32l0xx_hal_i2c.h:633:66: note: expected 'uint8_t *' {aka 'unsigned char *'} but argument is of type 'uint16_t *' {aka 'short unsigned int *'}
  633 |                                    uint16_t MemAddSize, uint8_t *pData, uint16_t Size, uint32_t Timeout);
      |                                                         ~~~~~~~~~^~~~~
../Core/Src/main.c: In function 'test_i2c':
../Core/Src/main.c:136:14: warning: unused variable 'reg_ptr' [-Wunused-variable]
  136 |      uint8_t reg_ptr = 0x00;
      |              ^~~~~~~
../Core/Src/main.c: In function 'main':
../Core/Src/main.c:294:19: warning: unsigned conversion from 'int' to 'uint8_t' {aka 'unsigned char'} changes value from '12298' to '10' [-Woverflow]
  294 |     uint8_t reg = 0x300A;
      |                   ^~~~~~
../Core/Src/main.c:305:30: warning: passing argument 1 of 'hi2c1_read_register' makes integer from pointer without a cast [-Wint-conversion]
  305 |   data = hi2c1_read_register(&addr, &reg);
      |                              ^~~~~
      |                              |
      |                              uint8_t * {aka unsigned char *}
../Core/Src/main.c:75:38: note: expected 'uint8_t' {aka 'unsigned char'} but argument is of type 'uint8_t *' {aka 'unsigned char *'}
   75 | uint16_t hi2c1_read_register(uint8_t address_pointer, uint8_t register_pointer)
      |                              ~~~~~~~~^~~~~~~~~~~~~~~
../Core/Src/main.c:305:37: warning: passing argument 2 of 'hi2c1_read_register' makes integer from pointer without a cast [-Wint-conversion]
  305 |   data = hi2c1_read_register(&addr, &reg);
      |                                     ^~~~
      |                                     |
      |                                     uint8_t * {aka unsigned char *}
../Core/Src/main.c:75:63: note: expected 'uint8_t' {aka 'unsigned char'} but argument is of type 'uint8_t *' {aka 'unsigned char *'}
   75 | uint16_t hi2c1_read_register(uint8_t address_pointer, uint8_t register_pointer)
      |                                                       ~~~~~~~~^~~~~~~~~~~~~~~~
../Core/Src/main.c:292:23: warning: unused variable 'result' [-Wunused-variable]
  292 |     HAL_StatusTypeDef result;
      |                       ^~~~~~
arm-none-eabi-gcc -o "I2C_SPI_Sensor_Test.elf" @"objects.list"   -mcpu=cortex-m0plus -T"C:\Users\Liam Droog\STM32CubeIDE\workspace_1.8.0\I2C_SPI_Sensor_Test\STM32L053C8TX_FLASH.ld" --specs=nosys.specs -Wl,-Map="I2C_SPI_Sensor_Test.map" -Wl,--gc-sections -static --specs=nano.specs -mfloat-abi=soft -mthumb -Wl,--start-group -lc -lm -Wl,--end-group
Finished building target: I2C_SPI_Sensor_Test.elf
 
arm-none-eabi-size   I2C_SPI_Sensor_Test.elf 
arm-none-eabi-objdump -h -S  I2C_SPI_Sensor_Test.elf  > "I2C_SPI_Sensor_Test.list"
arm-none-eabi-objcopy  -O binary  I2C_SPI_Sensor_Test.elf  "I2C_SPI_Sensor_Test.bin"
   text	   data	    bss	    dec	    hex	filename
  21432	     20	   2036	  23488	   5bc0	I2C_SPI_Sensor_Test.elf
Finished building: default.size.stdout
 
Finished building: I2C_SPI_Sensor_Test.bin
 
Finished building: I2C_SPI_Sensor_Test.list
 
13:09:07 **** Incremental Build of configuration Debug for project I2C_SPI_Sensor_Test ****
make -j8 all 
arm-none-eabi-gcc "../Core/Src/main.c" -mcpu=cortex-m0plus -std=gnu11 -g3 -DDEBUG -DUSE_HAL_DRIVER -DSTM32L053xx -c -I../Core/Inc -I../Drivers/STM32L0xx_HAL_Driver/Inc -I../Drivers/STM32L0xx_HAL_Driver/Inc/Legacy -I../Drivers/CMSIS/Device/ST/STM32L0xx/Include -I../Drivers/CMSIS/Include -Os -ffunction-sections -fdata-sections -Wall -fstack-usage -MMD -MP -MF"Core/Src/main.d" -MT"Core/Src/main.o" --specs=nano.specs -mfloat-abi=soft -mthumb -o "Core/Src/main.o"
../Core/Src/main.c: In function 'hi2c1_read_register':
../Core/Src/main.c:88:6: warning: 'return' with no value, in function returning non-void [-Wreturn-type]
   88 |      return;
      |      ^~~~~~
../Core/Src/main.c:75:10: note: declared here
   75 | uint16_t hi2c1_read_register(uint8_t address_pointer, uint8_t register_pointer)
      |          ^~~~~~~~~~~~~~~~~~~
../Core/Src/main.c:98:6: warning: 'return' with no value, in function returning non-void [-Wreturn-type]
   98 |      return;
      |      ^~~~~~
../Core/Src/main.c:75:10: note: declared here
   75 | uint16_t hi2c1_read_register(uint8_t address_pointer, uint8_t register_pointer)
      |          ^~~~~~~~~~~~~~~~~~~
../Core/Src/main.c:102:12: warning: returning 'uint8_t *' {aka 'unsigned char *'} from a function with return type 'uint16_t' {aka 'short unsigned int'} makes integer from pointer without a cast [-Wint-conversion]
  102 |     return buf;
      |            ^~~
../Core/Src/main.c:78:14: warning: unused variable 'return_value' [-Wunused-variable]
   78 |     uint16_t return_value = 0;
      |              ^~~~~~~~~~~~
../Core/Src/main.c: In function 'test_i2c':
../Core/Src/main.c:150:14: warning: unused variable 'reg_ptr' [-Wunused-variable]
  150 |      uint8_t reg_ptr = 0x00;
      |              ^~~~~~~
../Core/Src/main.c: In function 'main':
../Core/Src/main.c:308:19: warning: unsigned conversion from 'int' to 'uint8_t' {aka 'unsigned char'} changes value from '12298' to '10' [-Woverflow]
  308 |     uint8_t reg = 0x300A;
      |                   ^~~~~~
../Core/Src/main.c:319:30: warning: passing argument 1 of 'hi2c1_read_register' makes integer from pointer without a cast [-Wint-conversion]
  319 |   data = hi2c1_read_register(&addr, &reg);
      |                              ^~~~~
      |                              |
      |                              uint8_t * {aka unsigned char *}
../Core/Src/main.c:75:38: note: expected 'uint8_t' {aka 'unsigned char'} but argument is of type 'uint8_t *' {aka 'unsigned char *'}
   75 | uint16_t hi2c1_read_register(uint8_t address_pointer, uint8_t register_pointer)
      |                              ~~~~~~~~^~~~~~~~~~~~~~~
../Core/Src/main.c:319:37: warning: passing argument 2 of 'hi2c1_read_register' makes integer from pointer without a cast [-Wint-conversion]
  319 |   data = hi2c1_read_register(&addr, &reg);
      |                                     ^~~~
      |                                     |
      |                                     uint8_t * {aka unsigned char *}
../Core/Src/main.c:75:63: note: expected 'uint8_t' {aka 'unsigned char'} but argument is of type 'uint8_t *' {aka 'unsigned char *'}
   75 | uint16_t hi2c1_read_register(uint8_t address_pointer, uint8_t register_pointer)
      |                                                       ~~~~~~~~^~~~~~~~~~~~~~~~
../Core/Src/main.c:306:23: warning: unused variable 'result' [-Wunused-variable]
  306 |     HAL_StatusTypeDef result;
      |                       ^~~~~~
arm-none-eabi-gcc -o "I2C_SPI_Sensor_Test.elf" @"objects.list"   -mcpu=cortex-m0plus -T"C:\Users\Liam Droog\STM32CubeIDE\workspace_1.8.0\I2C_SPI_Sensor_Test\STM32L053C8TX_FLASH.ld" --specs=nosys.specs -Wl,-Map="I2C_SPI_Sensor_Test.map" -Wl,--gc-sections -static --specs=nano.specs -mfloat-abi=soft -mthumb -Wl,--start-group -lc -lm -Wl,--end-group
Finished building target: I2C_SPI_Sensor_Test.elf
 
arm-none-eabi-size   I2C_SPI_Sensor_Test.elf 
arm-none-eabi-objdump -h -S  I2C_SPI_Sensor_Test.elf  > "I2C_SPI_Sensor_Test.list"
arm-none-eabi-objcopy  -O binary  I2C_SPI_Sensor_Test.elf  "I2C_SPI_Sensor_Test.bin"
   text	   data	    bss	    dec	    hex	filename
  21708	     20	   2036	  23764	   5cd4	I2C_SPI_Sensor_Test.elf
Finished building: default.size.stdout
 
Finished building: I2C_SPI_Sensor_Test.bin
 
Finished building: I2C_SPI_Sensor_Test.list
 
13:09:17 **** Incremental Build of configuration Debug for project I2C_SPI_Sensor_Test ****
make -j8 all 
arm-none-eabi-size   I2C_SPI_Sensor_Test.elf 
   text	   data	    bss	    dec	    hex	filename
  21708	     20	   2036	  23764	   5cd4	I2C_SPI_Sensor_Test.elf
Finished building: default.size.stdout
 
13:10:18 **** Incremental Build of configuration Debug for project I2C_SPI_Sensor_Test ****
make -j8 all 
arm-none-eabi-gcc "../Core/Src/main.c" -mcpu=cortex-m0plus -std=gnu11 -g3 -DDEBUG -DUSE_HAL_DRIVER -DSTM32L053xx -c -I../Core/Inc -I../Drivers/STM32L0xx_HAL_Driver/Inc -I../Drivers/STM32L0xx_HAL_Driver/Inc/Legacy -I../Drivers/CMSIS/Device/ST/STM32L0xx/Include -I../Drivers/CMSIS/Include -Os -ffunction-sections -fdata-sections -Wall -fstack-usage -MMD -MP -MF"Core/Src/main.d" -MT"Core/Src/main.o" --specs=nano.specs -mfloat-abi=soft -mthumb -o "Core/Src/main.o"
../Core/Src/main.c: In function 'hi2c1_read_register':
../Core/Src/main.c:88:6: warning: 'return' with no value, in function returning non-void [-Wreturn-type]
   88 |      return;
      |      ^~~~~~
../Core/Src/main.c:75:10: note: declared here
   75 | uint16_t hi2c1_read_register(uint8_t address_pointer, uint8_t register_pointer)
      |          ^~~~~~~~~~~~~~~~~~~
../Core/Src/main.c:98:6: warning: 'return' with no value, in function returning non-void [-Wreturn-type]
   98 |      return;
      |      ^~~~~~
../Core/Src/main.c:75:10: note: declared here
   75 | uint16_t hi2c1_read_register(uint8_t address_pointer, uint8_t register_pointer)
      |          ^~~~~~~~~~~~~~~~~~~
../Core/Src/main.c:102:12: warning: returning 'uint8_t *' {aka 'unsigned char *'} from a function with return type 'uint16_t' {aka 'short unsigned int'} makes integer from pointer without a cast [-Wint-conversion]
  102 |     return buf;
      |            ^~~
../Core/Src/main.c:78:14: warning: unused variable 'return_value' [-Wunused-variable]
   78 |     uint16_t return_value = 0;
      |              ^~~~~~~~~~~~
../Core/Src/main.c: In function 'test_i2c':
../Core/Src/main.c:150:14: warning: unused variable 'reg_ptr' [-Wunused-variable]
  150 |      uint8_t reg_ptr = 0x00;
      |              ^~~~~~~
../Core/Src/main.c: In function 'main':
../Core/Src/main.c:308:19: warning: unsigned conversion from 'int' to 'uint8_t' {aka 'unsigned char'} changes value from '12298' to '10' [-Woverflow]
  308 |     uint8_t reg = 0x300A;
      |                   ^~~~~~
../Core/Src/main.c:306:23: warning: unused variable 'result' [-Wunused-variable]
  306 |     HAL_StatusTypeDef result;
      |                       ^~~~~~
arm-none-eabi-gcc -o "I2C_SPI_Sensor_Test.elf" @"objects.list"   -mcpu=cortex-m0plus -T"C:\Users\Liam Droog\STM32CubeIDE\workspace_1.8.0\I2C_SPI_Sensor_Test\STM32L053C8TX_FLASH.ld" --specs=nosys.specs -Wl,-Map="I2C_SPI_Sensor_Test.map" -Wl,--gc-sections -static --specs=nano.specs -mfloat-abi=soft -mthumb -Wl,--start-group -lc -lm -Wl,--end-group
Finished building target: I2C_SPI_Sensor_Test.elf
 
arm-none-eabi-size   I2C_SPI_Sensor_Test.elf 
arm-none-eabi-objdump -h -S  I2C_SPI_Sensor_Test.elf  > "I2C_SPI_Sensor_Test.list"
arm-none-eabi-objcopy  -O binary  I2C_SPI_Sensor_Test.elf  "I2C_SPI_Sensor_Test.bin"
   text	   data	    bss	    dec	    hex	filename
  21684	     20	   2036	  23740	   5cbc	I2C_SPI_Sensor_Test.elf
Finished building: default.size.stdout
 
Finished building: I2C_SPI_Sensor_Test.bin
 
Finished building: I2C_SPI_Sensor_Test.list
 
13:12:16 **** Incremental Build of configuration Debug for project I2C_SPI_Sensor_Test ****
make -j8 all 
arm-none-eabi-gcc "../Core/Src/main.c" -mcpu=cortex-m0plus -std=gnu11 -g3 -DDEBUG -DUSE_HAL_DRIVER -DSTM32L053xx -c -I../Core/Inc -I../Drivers/STM32L0xx_HAL_Driver/Inc -I../Drivers/STM32L0xx_HAL_Driver/Inc/Legacy -I../Drivers/CMSIS/Device/ST/STM32L0xx/Include -I../Drivers/CMSIS/Include -Os -ffunction-sections -fdata-sections -Wall -fstack-usage -MMD -MP -MF"Core/Src/main.d" -MT"Core/Src/main.o" --specs=nano.specs -mfloat-abi=soft -mthumb -o "Core/Src/main.o"
../Core/Src/main.c: In function 'hi2c1_read_register':
../Core/Src/main.c:88:6: warning: 'return' with no value, in function returning non-void [-Wreturn-type]
   88 |      return;
      |      ^~~~~~
../Core/Src/main.c:75:10: note: declared here
   75 | uint16_t hi2c1_read_register(uint8_t address_pointer, uint8_t register_pointer)
      |          ^~~~~~~~~~~~~~~~~~~
../Core/Src/main.c:98:6: warning: 'return' with no value, in function returning non-void [-Wreturn-type]
   98 |      return;
      |      ^~~~~~
../Core/Src/main.c:75:10: note: declared here
   75 | uint16_t hi2c1_read_register(uint8_t address_pointer, uint8_t register_pointer)
      |          ^~~~~~~~~~~~~~~~~~~
../Core/Src/main.c:102:12: warning: returning 'uint8_t *' {aka 'unsigned char *'} from a function with return type 'uint16_t' {aka 'short unsigned int'} makes integer from pointer without a cast [-Wint-conversion]
  102 |     return buf;
      |            ^~~
../Core/Src/main.c:78:14: warning: unused variable 'return_value' [-Wunused-variable]
   78 |     uint16_t return_value = 0;
      |              ^~~~~~~~~~~~
../Core/Src/main.c: In function 'test_i2c':
../Core/Src/main.c:150:14: warning: unused variable 'reg_ptr' [-Wunused-variable]
  150 |      uint8_t reg_ptr = 0x00;
      |              ^~~~~~~
../Core/Src/main.c: In function 'main':
../Core/Src/main.c:308:32: warning: unsigned conversion from 'int' to 'uint8_t' {aka 'const unsigned char'} changes value from '12298' to '10' [-Woverflow]
  308 |     static const uint8_t reg = 0x300A;
      |                                ^~~~~~
../Core/Src/main.c:306:23: warning: unused variable 'result' [-Wunused-variable]
  306 |     HAL_StatusTypeDef result;
      |                       ^~~~~~
arm-none-eabi-gcc -o "I2C_SPI_Sensor_Test.elf" @"objects.list"   -mcpu=cortex-m0plus -T"C:\Users\Liam Droog\STM32CubeIDE\workspace_1.8.0\I2C_SPI_Sensor_Test\STM32L053C8TX_FLASH.ld" --specs=nosys.specs -Wl,-Map="I2C_SPI_Sensor_Test.map" -Wl,--gc-sections -static --specs=nano.specs -mfloat-abi=soft -mthumb -Wl,--start-group -lc -lm -Wl,--end-group
Finished building target: I2C_SPI_Sensor_Test.elf
 
arm-none-eabi-size   I2C_SPI_Sensor_Test.elf 
arm-none-eabi-objdump -h -S  I2C_SPI_Sensor_Test.elf  > "I2C_SPI_Sensor_Test.list"
arm-none-eabi-objcopy  -O binary  I2C_SPI_Sensor_Test.elf  "I2C_SPI_Sensor_Test.bin"
   text	   data	    bss	    dec	    hex	filename
  21684	     20	   2036	  23740	   5cbc	I2C_SPI_Sensor_Test.elf
Finished building: default.size.stdout
 
Finished building: I2C_SPI_Sensor_Test.bin
 
Finished building: I2C_SPI_Sensor_Test.list
 
13:13:07 **** Incremental Build of configuration Debug for project I2C_SPI_Sensor_Test ****
make -j8 all 
arm-none-eabi-gcc "../Core/Src/main.c" -mcpu=cortex-m0plus -std=gnu11 -g3 -DDEBUG -DUSE_HAL_DRIVER -DSTM32L053xx -c -I../Core/Inc -I../Drivers/STM32L0xx_HAL_Driver/Inc -I../Drivers/STM32L0xx_HAL_Driver/Inc/Legacy -I../Drivers/CMSIS/Device/ST/STM32L0xx/Include -I../Drivers/CMSIS/Include -Os -ffunction-sections -fdata-sections -Wall -fstack-usage -MMD -MP -MF"Core/Src/main.d" -MT"Core/Src/main.o" --specs=nano.specs -mfloat-abi=soft -mthumb -o "Core/Src/main.o"
../Core/Src/main.c: In function 'hi2c1_read_register':
../Core/Src/main.c:88:6: warning: 'return' with no value, in function returning non-void [-Wreturn-type]
   88 |      return;
      |      ^~~~~~
../Core/Src/main.c:75:10: note: declared here
   75 | uint16_t hi2c1_read_register(uint8_t address_pointer, uint8_t register_pointer)
      |          ^~~~~~~~~~~~~~~~~~~
../Core/Src/main.c:98:6: warning: 'return' with no value, in function returning non-void [-Wreturn-type]
   98 |      return;
      |      ^~~~~~
../Core/Src/main.c:75:10: note: declared here
   75 | uint16_t hi2c1_read_register(uint8_t address_pointer, uint8_t register_pointer)
      |          ^~~~~~~~~~~~~~~~~~~
../Core/Src/main.c:102:12: warning: returning 'uint8_t *' {aka 'unsigned char *'} from a function with return type 'uint16_t' {aka 'short unsigned int'} makes integer from pointer without a cast [-Wint-conversion]
  102 |     return buf;
      |            ^~~
../Core/Src/main.c:78:14: warning: unused variable 'return_value' [-Wunused-variable]
   78 |     uint16_t return_value = 0;
      |              ^~~~~~~~~~~~
../Core/Src/main.c: In function 'test_i2c':
../Core/Src/main.c:150:14: warning: unused variable 'reg_ptr' [-Wunused-variable]
  150 |      uint8_t reg_ptr = 0x00;
      |              ^~~~~~~
../Core/Src/main.c: In function 'main':
../Core/Src/main.c:319:36: warning: conversion from 'uint16_t' {aka 'const short unsigned int'} to 'uint8_t' {aka 'unsigned char'} changes value from '12298' to '10' [-Woverflow]
  319 |   data = hi2c1_read_register(addr, reg);
      |                                    ^~~
../Core/Src/main.c:306:23: warning: unused variable 'result' [-Wunused-variable]
  306 |     HAL_StatusTypeDef result;
      |                       ^~~~~~
arm-none-eabi-gcc -o "I2C_SPI_Sensor_Test.elf" @"objects.list"   -mcpu=cortex-m0plus -T"C:\Users\Liam Droog\STM32CubeIDE\workspace_1.8.0\I2C_SPI_Sensor_Test\STM32L053C8TX_FLASH.ld" --specs=nosys.specs -Wl,-Map="I2C_SPI_Sensor_Test.map" -Wl,--gc-sections -static --specs=nano.specs -mfloat-abi=soft -mthumb -Wl,--start-group -lc -lm -Wl,--end-group
Finished building target: I2C_SPI_Sensor_Test.elf
 
arm-none-eabi-size   I2C_SPI_Sensor_Test.elf 
arm-none-eabi-objdump -h -S  I2C_SPI_Sensor_Test.elf  > "I2C_SPI_Sensor_Test.list"
arm-none-eabi-objcopy  -O binary  I2C_SPI_Sensor_Test.elf  "I2C_SPI_Sensor_Test.bin"
   text	   data	    bss	    dec	    hex	filename
  21684	     20	   2036	  23740	   5cbc	I2C_SPI_Sensor_Test.elf
Finished building: default.size.stdout
 
Finished building: I2C_SPI_Sensor_Test.bin
 
Finished building: I2C_SPI_Sensor_Test.list
 
13:15:43 **** Incremental Build of configuration Debug for project I2C_SPI_Sensor_Test ****
make -j8 all 
arm-none-eabi-gcc "../Core/Src/main.c" -mcpu=cortex-m0plus -std=gnu11 -g3 -DDEBUG -DUSE_HAL_DRIVER -DSTM32L053xx -c -I../Core/Inc -I../Drivers/STM32L0xx_HAL_Driver/Inc -I../Drivers/STM32L0xx_HAL_Driver/Inc/Legacy -I../Drivers/CMSIS/Device/ST/STM32L0xx/Include -I../Drivers/CMSIS/Include -Os -ffunction-sections -fdata-sections -Wall -fstack-usage -MMD -MP -MF"Core/Src/main.d" -MT"Core/Src/main.o" --specs=nano.specs -mfloat-abi=soft -mthumb -o "Core/Src/main.o"
../Core/Src/main.c: In function 'hi2c1_read_register':
../Core/Src/main.c:88:6: warning: 'return' with no value, in function returning non-void [-Wreturn-type]
   88 |      return;
      |      ^~~~~~
../Core/Src/main.c:75:10: note: declared here
   75 | uint16_t hi2c1_read_register(uint8_t address_pointer, uint16_t register_pointer)
      |          ^~~~~~~~~~~~~~~~~~~
../Core/Src/main.c:98:6: warning: 'return' with no value, in function returning non-void [-Wreturn-type]
   98 |      return;
      |      ^~~~~~
../Core/Src/main.c:75:10: note: declared here
   75 | uint16_t hi2c1_read_register(uint8_t address_pointer, uint16_t register_pointer)
      |          ^~~~~~~~~~~~~~~~~~~
../Core/Src/main.c:102:12: warning: returning 'uint8_t *' {aka 'unsigned char *'} from a function with return type 'uint16_t' {aka 'short unsigned int'} makes integer from pointer without a cast [-Wint-conversion]
  102 |     return buf;
      |            ^~~
../Core/Src/main.c:78:14: warning: unused variable 'return_value' [-Wunused-variable]
   78 |     uint16_t return_value = 0;
      |              ^~~~~~~~~~~~
../Core/Src/main.c: In function 'test_i2c':
../Core/Src/main.c:150:14: warning: unused variable 'reg_ptr' [-Wunused-variable]
  150 |      uint8_t reg_ptr = 0x00;
      |              ^~~~~~~
../Core/Src/main.c: In function 'main':
../Core/Src/main.c:306:23: warning: unused variable 'result' [-Wunused-variable]
  306 |     HAL_StatusTypeDef result;
      |                       ^~~~~~
arm-none-eabi-gcc -o "I2C_SPI_Sensor_Test.elf" @"objects.list"   -mcpu=cortex-m0plus -T"C:\Users\Liam Droog\STM32CubeIDE\workspace_1.8.0\I2C_SPI_Sensor_Test\STM32L053C8TX_FLASH.ld" --specs=nosys.specs -Wl,-Map="I2C_SPI_Sensor_Test.map" -Wl,--gc-sections -static --specs=nano.specs -mfloat-abi=soft -mthumb -Wl,--start-group -lc -lm -Wl,--end-group
Finished building target: I2C_SPI_Sensor_Test.elf
 
arm-none-eabi-size   I2C_SPI_Sensor_Test.elf 
arm-none-eabi-objdump -h -S  I2C_SPI_Sensor_Test.elf  > "I2C_SPI_Sensor_Test.list"
arm-none-eabi-objcopy  -O binary  I2C_SPI_Sensor_Test.elf  "I2C_SPI_Sensor_Test.bin"
   text	   data	    bss	    dec	    hex	filename
  21688	     20	   2036	  23744	   5cc0	I2C_SPI_Sensor_Test.elf
Finished building: default.size.stdout
 
Finished building: I2C_SPI_Sensor_Test.bin
 
Finished building: I2C_SPI_Sensor_Test.list
 
13:21:02 **** Incremental Build of configuration Debug for project I2C_SPI_Sensor_Test ****
make -j8 all 
arm-none-eabi-size   I2C_SPI_Sensor_Test.elf 
   text	   data	    bss	    dec	    hex	filename
  21688	     20	   2036	  23744	   5cc0	I2C_SPI_Sensor_Test.elf
Finished building: default.size.stdout
 
13:22:32 **** Incremental Build of configuration Debug for project I2C_SPI_Sensor_Test ****
make -j8 all 
arm-none-eabi-gcc "../Core/Src/main.c" -mcpu=cortex-m0plus -std=gnu11 -g3 -DDEBUG -DUSE_HAL_DRIVER -DSTM32L053xx -c -I../Core/Inc -I../Drivers/STM32L0xx_HAL_Driver/Inc -I../Drivers/STM32L0xx_HAL_Driver/Inc/Legacy -I../Drivers/CMSIS/Device/ST/STM32L0xx/Include -I../Drivers/CMSIS/Include -Os -ffunction-sections -fdata-sections -Wall -fstack-usage -MMD -MP -MF"Core/Src/main.d" -MT"Core/Src/main.o" --specs=nano.specs -mfloat-abi=soft -mthumb -o "Core/Src/main.o"
../Core/Src/main.c: In function 'hi2c1_read_register':
../Core/Src/main.c:88:6: warning: 'return' with no value, in function returning non-void [-Wreturn-type]
   88 |      return;
      |      ^~~~~~
../Core/Src/main.c:75:10: note: declared here
   75 | uint16_t hi2c1_read_register(uint8_t address_pointer, uint16_t register_pointer)
      |          ^~~~~~~~~~~~~~~~~~~
../Core/Src/main.c:98:6: warning: 'return' with no value, in function returning non-void [-Wreturn-type]
   98 |      return;
      |      ^~~~~~
../Core/Src/main.c:75:10: note: declared here
   75 | uint16_t hi2c1_read_register(uint8_t address_pointer, uint16_t register_pointer)
      |          ^~~~~~~~~~~~~~~~~~~
../Core/Src/main.c:102:12: warning: returning 'uint8_t *' {aka 'unsigned char *'} from a function with return type 'uint16_t' {aka 'short unsigned int'} makes integer from pointer without a cast [-Wint-conversion]
  102 |     return buf;
      |            ^~~
../Core/Src/main.c:78:14: warning: unused variable 'return_value' [-Wunused-variable]
   78 |     uint16_t return_value = 0;
      |              ^~~~~~~~~~~~
../Core/Src/main.c: In function 'test_i2c':
../Core/Src/main.c:150:14: warning: unused variable 'reg_ptr' [-Wunused-variable]
  150 |      uint8_t reg_ptr = 0x00;
      |              ^~~~~~~
../Core/Src/main.c: In function 'main':
../Core/Src/main.c:308:23: warning: unused variable 'result' [-Wunused-variable]
  308 |     HAL_StatusTypeDef result;
      |                       ^~~~~~
arm-none-eabi-gcc -o "I2C_SPI_Sensor_Test.elf" @"objects.list"   -mcpu=cortex-m0plus -T"C:\Users\Liam Droog\STM32CubeIDE\workspace_1.8.0\I2C_SPI_Sensor_Test\STM32L053C8TX_FLASH.ld" --specs=nosys.specs -Wl,-Map="I2C_SPI_Sensor_Test.map" -Wl,--gc-sections -static --specs=nano.specs -mfloat-abi=soft -mthumb -Wl,--start-group -lc -lm -Wl,--end-group
Finished building target: I2C_SPI_Sensor_Test.elf
 
arm-none-eabi-size   I2C_SPI_Sensor_Test.elf 
arm-none-eabi-objdump -h -S  I2C_SPI_Sensor_Test.elf  > "I2C_SPI_Sensor_Test.list"
arm-none-eabi-objcopy  -O binary  I2C_SPI_Sensor_Test.elf  "I2C_SPI_Sensor_Test.bin"
   text	   data	    bss	    dec	    hex	filename
  21536	     20	   2036	  23592	   5c28	I2C_SPI_Sensor_Test.elf
Finished building: default.size.stdout
 
Finished building: I2C_SPI_Sensor_Test.bin
 
Finished building: I2C_SPI_Sensor_Test.list
 
