14:44:54 **** Incremental Build of configuration Debug for project I2C_BUS_SCAN ****
make -j8 all 
arm-none-eabi-gcc "../Core/Src/main.c" -mcpu=cortex-m0plus -std=gnu11 -g3 -DDEBUG -DUSE_HAL_DRIVER -DSTM32L053xx -c -I../Core/Inc -I../Drivers/STM32L0xx_HAL_Driver/Inc -I../Drivers/STM32L0xx_HAL_Driver/Inc/Legacy -I../Drivers/CMSIS/Device/ST/STM32L0xx/Include -I../Drivers/CMSIS/Include -O0 -ffunction-sections -fdata-sections -Wall -fstack-usage -MMD -MP -MF"Core/Src/main.d" -MT"Core/Src/main.o" --specs=nano.specs -mfloat-abi=soft -mthumb -o "Core/Src/main.o"
arm-none-eabi-gcc -o "I2C_BUS_SCAN.elf" @"objects.list"   -mcpu=cortex-m0plus -T"C:\Users\Liam Droog\STM32CubeIDE\workspace_1.8.0\I2C_BUS_SCAN\STM32L053C8TX_FLASH.ld" --specs=nosys.specs -Wl,-Map="I2C_BUS_SCAN.map" -Wl,--gc-sections -static --specs=nano.specs -mfloat-abi=soft -mthumb -Wl,--start-group -lc -lm -Wl,--end-group
Finished building target: I2C_BUS_SCAN.elf
 
arm-none-eabi-size   I2C_BUS_SCAN.elf 
arm-none-eabi-objdump -h -S  I2C_BUS_SCAN.elf  > "I2C_BUS_SCAN.list"
arm-none-eabi-objcopy  -O binary  I2C_BUS_SCAN.elf  "I2C_BUS_SCAN.bin"
   text	   data	    bss	    dec	    hex	filename
  28388	     20	   2012	  30420	   76d4	I2C_BUS_SCAN.elf
Finished building: default.size.stdout
 
Finished building: I2C_BUS_SCAN.bin
 
Finished building: I2C_BUS_SCAN.list
 

14:44:55 Build Finished. 0 errors, 0 warnings. (took 1s.198ms)

