18:08:30 **** Incremental Build of configuration Debug for project nucleoSpi ****
make -j16 all 
arm-none-eabi-gcc "../Core/Src/main.c" -mcpu=cortex-m0plus -std=gnu11 -g3 -DDEBUG -DUSE_HAL_DRIVER -DSTM32L031xx -c -I../Core/Inc -I../Drivers/STM32L0xx_HAL_Driver/Inc -I../Drivers/STM32L0xx_HAL_Driver/Inc/Legacy -I../Drivers/CMSIS/Device/ST/STM32L0xx/Include -I../Drivers/CMSIS/Include -O0 -ffunction-sections -fdata-sections -Wall -fstack-usage -MMD -MP -MF"Core/Src/main.d" -MT"Core/Src/main.o" --specs=nano.specs -mfloat-abi=soft -mthumb -o "Core/Src/main.o"
arm-none-eabi-gcc -o "nucleoSpi.elf" @"objects.list"   -mcpu=cortex-m0plus -T"C:\Users\Liam\Documents\GitHub\STM32_IEB\workspace_1.8.0\nucleoSpi\STM32L031K6TX_FLASH.ld" --specs=nosys.specs -Wl,-Map="nucleoSpi.map" -Wl,--gc-sections -static --specs=nano.specs -mfloat-abi=soft -mthumb -Wl,--start-group -lc -lm -Wl,--end-group
Finished building target: nucleoSpi.elf
 
arm-none-eabi-size   nucleoSpi.elf 
arm-none-eabi-objdump -h -S  nucleoSpi.elf  > "nucleoSpi.list"
arm-none-eabi-objcopy  -O binary  nucleoSpi.elf  "nucleoSpi.bin"
   text	   data	    bss	    dec	    hex	filename
  13468	     20	   1788	  15276	   3bac	nucleoSpi.elf
Finished building: default.size.stdout
 
Finished building: nucleoSpi.bin
 
Finished building: nucleoSpi.list
 

18:08:31 Build Finished. 0 errors, 0 warnings. (took 867ms)

