printf.c:137:20:_out_buffer	0	static
printf.c:144:20:_out_null	0	static
printf.c:194:15:_out_rev	40	static
printf.c:222:15:_ntoa_format	56	static
printf.c:272:15:_ntoa_long	112	static
printf.c:297:15:_ntoa_long_long	128	static
printf.c:162:20:_out_fct	8	static
printf.c:330:15:_ftoa	128	static
printf.c:455:15:_etoa	104	static
printf.c:565:12:_vsnprintf	128	static
printf.c:122:6:__putchar	8	static
printf.c:152:20:_out_char	8	static
printf.c:872:5:printf_	24	static
printf.c:881:5:sprintf_	28	static
printf.c:889:5:snprintf_	24	static
printf.c:897:5:vprintf_	24	static
printf.c:902:5:vsnprintf_	16	static
printf.c:906:5:fctprintf	32	static
