ArduCAM.c:15:6:ArduCAM_Init	32	static
ArduCAM.c:133:6:set_format	16	static
ArduCAM.c:141:9:bus_read	32	static
ArduCAM.c:151:9:bus_write	16	static
ArduCAM.c:162:9:read_reg	32	static
ArduCAM.c:170:6:write_reg	16	static
ArduCAM.c:175:9:read_fifo	24	static
ArduCAM.c:181:6:set_fifo_burst	8	static
ArduCAM.c:187:6:flush_fifo	8	static
ArduCAM.c:192:6:start_capture	8	static
ArduCAM.c:197:6:clear_fifo_flag	8	static
ArduCAM.c:202:10:read_fifo_length	24	static
ArduCAM.c:213:6:set_bit	32	static
ArduCAM.c:220:6:clear_bit	32	static
ArduCAM.c:228:9:get_bit	32	static
ArduCAM.c:240:6:set_mode	16	static
ArduCAM.c:260:6:OV2640_set_JPEG_size	16	static
ArduCAM.c:297:6:OV5640_set_JPEG_size	16	static
ArduCAM.c:335:6:OV5642_set_JPEG_size	16	static
ArduCAM.c:367:6:wrSensorReg8_8	16	static
ArduCAM.c:393:6:rdSensorReg8_8	16	static
ArduCAM.c:427:5:wrSensorRegs8_8	32	static
ArduCAM.c:445:6:wrSensorReg16_8	16	static
ArduCAM.c:476:5:wrSensorRegs16_8	32	static
ArduCAM.c:496:6:rdSensorReg16_8	16	static
