stm32l1xx_dac.c:159:6:DAC_DeInit	8	static
stm32l1xx_dac.c:178:6:DAC_Init	24	static
stm32l1xx_dac.c:214:6:DAC_StructInit	16	static
stm32l1xx_dac.c:239:6:DAC_Cmd	16	static
stm32l1xx_dac.c:267:6:DAC_SoftwareTriggerCmd	16	static
stm32l1xx_dac.c:292:6:DAC_DualSoftwareTriggerCmd	16	static
stm32l1xx_dac.c:324:6:DAC_WaveGenerationCmd	24	static
stm32l1xx_dac.c:353:6:DAC_SetChannel1Data	24	static
stm32l1xx_dac.c:378:6:DAC_SetChannel2Data	24	static
stm32l1xx_dac.c:408:6:DAC_SetDualChannelData	24	static
stm32l1xx_dac.c:442:10:DAC_GetDataOutputValue	24	static
stm32l1xx_dac.c:486:6:DAC_DMACmd	16	static
stm32l1xx_dac.c:535:6:DAC_ITConfig	24	static
stm32l1xx_dac.c:567:12:DAC_GetFlagStatus	24	static
stm32l1xx_dac.c:600:6:DAC_ClearFlag	16	static
stm32l1xx_dac.c:623:10:DAC_GetITStatus	24	static
stm32l1xx_dac.c:661:6:DAC_ClearITPendingBit	16	static
