main.c:77:19:ReadRegister	48	static
main.c:101:9:hi2c1_read_register	48	static
main.c:120:6:hi2c1_write_register	48	static
main.c:139:9:SPI_Write	32	static
main.c:150:9:SPI_Read_Byte	40	static
main.c:166:6:I2C1_Program_Sensor	16	static
main.c:178:5:main	56	static
main.c:274:6:SystemClock_Config	128	static
main.c:327:13:MX_I2C1_Init	8	static
main.c:373:13:MX_LPUART1_UART_Init	8	static
main.c:407:13:MX_USART1_UART_Init	8	static
main.c:442:13:MX_SPI1_Init	8	static
main.c:480:13:MX_TSC_Init	8	static
main.c:522:13:MX_USB_PCD_Init	8	static
main.c:554:13:MX_GPIO_Init	56	static
main.c:628:6:Error_Handler	8	static,ignoring_inline_asm
