main.c:82:5:main	24	static
main.c:141:11:hi2c2_read_register	48	static
main.c:160:8:hi2c2_write_register	64	static
main.c:223:6:SystemClock_Config	128	static
main.c:276:13:MX_I2C1_Init	8	static
main.c:322:13:MX_LPUART1_UART_Init	8	static
main.c:356:13:MX_USART1_UART_Init	8	static
main.c:391:13:MX_SPI1_Init	8	static
main.c:429:13:MX_SPI2_Init	8	static
main.c:467:13:MX_TSC_Init	8	static
main.c:509:13:MX_USB_PCD_Init	8	static
main.c:541:13:MX_GPIO_Init	56	static
main.c:599:6:Error_Handler	8	static,ignoring_inline_asm
